<html>
<body>
<pre>
<h1>礦ision Build Log</h1>
<h2>Tool Versions:</h2>
IDE-Version: μVision V5.21.1.0
Copyright (C) 2016 ARM Ltd and ARM Germany GmbH. All rights reserved.
License Information: 1 1, 1, LIC=D0DTG-V5DRW-W2TLL-0SH8Z-VQY69-DR0GW
 
Tool Versions:
Toolchain:       MDK-ARM Plus  Version: 5.21a
Toolchain Path:  C:\Keil_v5\ARM\ARMCC\Bin
C Compiler:      Armcc.exe V5.06 update 3 (build 300)
Assembler:       Armasm.exe V5.06 update 3 (build 300)
Linker/Locator:  ArmLink.exe V5.06 update 3 (build 300)
Library Manager: ArmAr.exe V5.06 update 3 (build 300)
Hex Converter:   FromElf.exe V5.06 update 3 (build 300)
CPU DLL:         SARMCM3.DLL V5.21a
Dialog DLL:      DCM.DLL V1.13.8.0
Target DLL:      Segger\JL2CM3.dll V2.99.23.0
Dialog DLL:      TCM.DLL V1.14.14.0
 
<h2>Project:</h2>
E:\学习资料\GUI\OLEDGUI\VectorGUI\USER\GUI.uvprojx
Project File Date:  02/15/2019

<h2>Output:</h2>
*** Using Compiler 'V5.06 update 3 (build 300)', folder: 'C:\Keil_v5\ARM\ARMCC\Bin'
Build target 'GUI'
compiling display.c...
..\APP\src\display.c(116): warning:  #188-D: enumerated type mixed with another type
  	hWin1 = win_Create(1, (
int8_t *)"button window", GUI_CF_HALF | GUI_CF_SHOW);
..\APP\src\display.c(107): warning:  #177-D: variable "flag" was declared but never referenced
  	uint16_t cnt = 0, flag = 1;
..\APP\src\display.c(108): warning:  #177-D: variable "pWin" was declared but never referenced
  	WIN_OBJ *pWin = NULL;
..\APP\src\display.c(109): warning:  #177-D: variable "hButton1" was declared but never referenced
  	BUTTON_Handle hButton1 = 0, hButton2 = 0, hButton3 = 0, hButton4 = 0;
..\APP\src\display.c(109): warning:  #177-D: variable "hButton2" was declared but never referenced
  	BUTTON_Handle hButton1 = 0, hButton2 = 0, hButton3 = 0, hButton4 = 0;
..\APP\src\display.c(109): warning:  #177-D: variable "hButton3" was declared but never referenced
  	BUTTON_Handle hButton1 = 0, hButton2 = 0, hButton3 = 0, hButton4 = 0;
..\APP\src\display.c(109): warning:  #177-D: variable "hButton4" was declared but never referenced
  	BUTTON_Handle hButton1 = 0, hButton2 = 0, hButton3 = 0, hButton4 = 0;
..\APP\src\display.c(111): warning:  #550-D: variable "hProgbar1" was set but never used
  	PROGBAR_Handle hProgbar1 = 0, hProgbar2 = 0, hProgbar3 = 0;
..\APP\src\display.c(111): warning:  #550-D: variable "hProgbar2" was set but never used
  	PROGBAR_Handle hProgbar1 = 0, hProgbar2 = 0, hProgbar3 = 0;
..\APP\src\display.c(111): warning:  #550-D: variable "hProgbar3" was set but never used
  	PROGBAR_Handle hProgbar1 = 0, hProgbar2 = 0, hProgbar3 = 0;
..\APP\src\display.c(112): warning:  #177-D: variable "hWin" was declared but never referenced
  	WIN_Handle hWin, hWin1, hWin2, hWin3;
..\APP\src\display.c(76): warning:  #177-D: function "button_cb" was declared but never referenced
  static void button_cb(GUI_KEY_INFO *pKey)
..\APP\src\display.c: 12 warnings, 0 errors
linking...
Program Size: Code=17792 RO-data=5904 RW-data=168 ZI-data=50856  
FromELF: creating hex file...
".\Object\VectorFly.axf" - 0 Error(s), 12 Warning(s).

<h2>Collection of Component include folders:</h2>
  E:\学习资料\GUI\OLEDGUI\VectorGUI\USER\RTE
  D:\Program Files\Keil\STM32F4xx_DFP\2.13.0\Drivers\CMSIS\Device\ST\STM32F4xx\Include

<h2>Collection of Component Files used:</h2>
Build Time Elapsed:  00:00:02
</pre>
</body>
</html>
