<html>
<body>
<pre>
<h1>礦ision Build Log</h1>
<h2>Tool Versions:</h2>
IDE-Version: μVision V5.21.1.0
Copyright (C) 2016 ARM Ltd and ARM Germany GmbH. All rights reserved.
License Information: 1 1, 1, LIC=D0DTG-V5DRW-W2TLL-0SH8Z-VQY69-DR0GW
 
Tool Versions:
Toolchain:       MDK-ARM Plus  Version: 5.21a
Toolchain Path:  C:\Keil_v5\ARM\ARMCC\Bin
C Compiler:      Armcc.exe V5.06 update 3 (build 300)
Assembler:       Armasm.exe V5.06 update 3 (build 300)
Linker/Locator:  ArmLink.exe V5.06 update 3 (build 300)
Library Manager: ArmAr.exe V5.06 update 3 (build 300)
Hex Converter:   FromElf.exe V5.06 update 3 (build 300)
CPU DLL:         SARMCM3.DLL V5.21a
Dialog DLL:      DCM.DLL V1.13.8.0
Target DLL:      Segger\JL2CM3.dll V2.99.23.0
Dialog DLL:      TCM.DLL V1.14.14.0
 
<h2>Project:</h2>
E:\学习资料\GUI\OLEDGUI\VectorGUI\USER\GUI.uvprojx
Project File Date:  01/01/2019

<h2>Output:</h2>
*** Using Compiler 'V5.06 update 3 (build 300)', folder: 'C:\Keil_v5\ARM\ARMCC\Bin'
Build target 'Remoter'
compiling gui_button.c...
..\GUI\widget\src\gui_button.c(118): warning:  #188-D: enumerated type mixed with another type
  	if(!pWidget) return 0;
..\GUI\widget\src\gui_button.c(248): warning:  #188-D: enumerated type mixed with another type
  	pButton->textAlign = GUI_TA_HCENTER | GUI_TA_VCENTER;
..\GUI\widget\src\gui_button.c: 2 warnings, 0 errors
linking...
Program Size: Code=13108 RO-data=5916 RW-data=172 ZI-data=51532  
FromELF: creating hex file...
".\Object\VectorFly.axf" - 0 Error(s), 2 Warning(s).

<h2>Collection of Component include folders:</h2>
  E:\学习资料\GUI\OLEDGUI\VectorGUI\USER\RTE
  D:\Program Files\Keil\STM32F4xx_DFP\2.13.0\Drivers\CMSIS\Device\ST\STM32F4xx\Include

<h2>Collection of Component Files used:</h2>
Build Time Elapsed:  00:00:01
</pre>
</body>
</html>
