Component: ARM Compiler 5.06 update 3 (build 300) Tool: armlink [4d35c9]

==============================================================================

Section Cross References

    main.o(i.main) refers to bsp.o(i.bsp_Init) for bsp_Init
    main.o(i.main) refers to powermanger.o(i.powerManger_Init) for powerManger_Init
    main.o(i.main) refers to powermanger.o(i.power_Enabled) for power_Enabled
    main.o(i.main) refers to tasks.o(i.xTaskCreate) for xTaskCreate
    main.o(i.main) refers to tasks.o(i.vTaskStartScheduler) for vTaskStartScheduler
    main.o(i.main) refers to main.o(.data) for startTaskHandle
    main.o(i.main) refers to main.o(i.task_StartTask) for task_StartTask
    main.o(i.task_StartTask) refers to port.o(i.vPortEnterCritical) for vPortEnterCritical
    main.o(i.task_StartTask) refers to tasks.o(i.xTaskCreate) for xTaskCreate
    main.o(i.task_StartTask) refers to tasks.o(i.vTaskDelete) for vTaskDelete
    main.o(i.task_StartTask) refers to port.o(i.vPortExitCritical) for vPortExitCritical
    main.o(i.task_StartTask) refers to app_led.o(i.task_LEDTask) for task_LEDTask
    main.o(i.task_StartTask) refers to display.o(i.task_displayTask) for task_displayTask
    main.o(i.task_StartTask) refers to main.o(.data) for startTaskHandle
    system_stm32f4xx.o(i.SystemCoreClockUpdate) refers to system_stm32f4xx.o(.data) for SystemCoreClock
    system_stm32f4xx.o(i.SystemInit) refers to system_stm32f4xx.o(i.SetSysClock) for SetSysClock
    startup_stm32f40_41xxx.o(RESET) refers to startup_stm32f40_41xxx.o(STACK) for __initial_sp
    startup_stm32f40_41xxx.o(RESET) refers to startup_stm32f40_41xxx.o(.text) for Reset_Handler
    startup_stm32f40_41xxx.o(RESET) refers to stm32f4xx_it.o(i.NMI_Handler) for NMI_Handler
    startup_stm32f40_41xxx.o(RESET) refers to stm32f4xx_it.o(i.HardFault_Handler) for HardFault_Handler
    startup_stm32f40_41xxx.o(RESET) refers to stm32f4xx_it.o(i.MemManage_Handler) for MemManage_Handler
    startup_stm32f40_41xxx.o(RESET) refers to stm32f4xx_it.o(i.BusFault_Handler) for BusFault_Handler
    startup_stm32f40_41xxx.o(RESET) refers to stm32f4xx_it.o(i.UsageFault_Handler) for UsageFault_Handler
    startup_stm32f40_41xxx.o(RESET) refers to port.o(.emb_text) for SVC_Handler
    startup_stm32f40_41xxx.o(RESET) refers to stm32f4xx_it.o(i.DebugMon_Handler) for DebugMon_Handler
    startup_stm32f40_41xxx.o(RESET) refers to bsp_timer.o(i.SysTick_Handler) for SysTick_Handler
    startup_stm32f40_41xxx.o(RESET) refers to powermanger.o(i.EXTI0_IRQHandler) for EXTI0_IRQHandler
    startup_stm32f40_41xxx.o(.text) refers to system_stm32f4xx.o(i.SystemInit) for SystemInit
    startup_stm32f40_41xxx.o(.text) refers to entry.o(.ARM.Collect$$$$00000000) for __main
    stm32f4xx_gpio.o(i.GPIO_DeInit) refers to stm32f4xx_rcc.o(i.RCC_AHB1PeriphResetCmd) for RCC_AHB1PeriphResetCmd
    stm32f4xx_rcc.o(i.RCC_GetClocksFreq) refers to stm32f4xx_rcc.o(.data) for APBAHBPrescTable
    stm32f4xx_rcc.o(i.RCC_WaitForHSEStartUp) refers to stm32f4xx_rcc.o(i.RCC_GetFlagStatus) for RCC_GetFlagStatus
    stm32f4xx_syscfg.o(i.SYSCFG_DeInit) refers to stm32f4xx_rcc.o(i.RCC_APB2PeriphResetCmd) for RCC_APB2PeriphResetCmd
    stm32f4xx_usart.o(i.USART_DeInit) refers to stm32f4xx_rcc.o(i.RCC_APB2PeriphResetCmd) for RCC_APB2PeriphResetCmd
    stm32f4xx_usart.o(i.USART_DeInit) refers to stm32f4xx_rcc.o(i.RCC_APB1PeriphResetCmd) for RCC_APB1PeriphResetCmd
    stm32f4xx_usart.o(i.USART_Init) refers to stm32f4xx_rcc.o(i.RCC_GetClocksFreq) for RCC_GetClocksFreq
    stm32f4xx_spi.o(i.SPI_I2S_DeInit) refers to stm32f4xx_rcc.o(i.RCC_APB2PeriphResetCmd) for RCC_APB2PeriphResetCmd
    stm32f4xx_spi.o(i.SPI_I2S_DeInit) refers to stm32f4xx_rcc.o(i.RCC_APB1PeriphResetCmd) for RCC_APB1PeriphResetCmd
    stm32f4xx_tim.o(i.TIM_DeInit) refers to stm32f4xx_rcc.o(i.RCC_APB2PeriphResetCmd) for RCC_APB2PeriphResetCmd
    stm32f4xx_tim.o(i.TIM_DeInit) refers to stm32f4xx_rcc.o(i.RCC_APB1PeriphResetCmd) for RCC_APB1PeriphResetCmd
    stm32f4xx_tim.o(i.TIM_ETRClockMode1Config) refers to stm32f4xx_tim.o(i.TIM_ETRConfig) for TIM_ETRConfig
    stm32f4xx_tim.o(i.TIM_ETRClockMode2Config) refers to stm32f4xx_tim.o(i.TIM_ETRConfig) for TIM_ETRConfig
    stm32f4xx_tim.o(i.TIM_ICInit) refers to stm32f4xx_tim.o(i.TI1_Config) for TI1_Config
    stm32f4xx_tim.o(i.TIM_ICInit) refers to stm32f4xx_tim.o(i.TIM_SetIC1Prescaler) for TIM_SetIC1Prescaler
    stm32f4xx_tim.o(i.TIM_ICInit) refers to stm32f4xx_tim.o(i.TI2_Config) for TI2_Config
    stm32f4xx_tim.o(i.TIM_ICInit) refers to stm32f4xx_tim.o(i.TIM_SetIC2Prescaler) for TIM_SetIC2Prescaler
    stm32f4xx_tim.o(i.TIM_ICInit) refers to stm32f4xx_tim.o(i.TI3_Config) for TI3_Config
    stm32f4xx_tim.o(i.TIM_ICInit) refers to stm32f4xx_tim.o(i.TIM_SetIC3Prescaler) for TIM_SetIC3Prescaler
    stm32f4xx_tim.o(i.TIM_ICInit) refers to stm32f4xx_tim.o(i.TI4_Config) for TI4_Config
    stm32f4xx_tim.o(i.TIM_ICInit) refers to stm32f4xx_tim.o(i.TIM_SetIC4Prescaler) for TIM_SetIC4Prescaler
[...]
    ..\\GUI\\core\\src\\gui_drv.c            0x00000000   Number         0  gui_drv.o ABSOLUTE
    cdcmple.s                                0x00000000   Number         0  cdcmple.o ABSOLUTE
    cdrcmple.s                               0x00000000   Number         0  cdrcmple.o ABSOLUTE
    dc.s                                     0x00000000   Number         0  dc.o ABSOLUTE
    handlers.s                               0x00000000   Number         0  handlers.o ABSOLUTE
    init.s                                   0x00000000   Number         0  init.o ABSOLUTE
    main.c                                   0x00000000   Number         0  main.o ABSOLUTE
    main.c                                   0x00000000   Number         0  main.o ABSOLUTE
    stm32f4xx_it.c                           0x00000000   Number         0  stm32f4xx_it.o ABSOLUTE
    stm32f4xx_it.c                           0x00000000   Number         0  stm32f4xx_it.o ABSOLUTE
    system_stm32f4xx.c                       0x00000000   Number         0  system_stm32f4xx.o ABSOLUTE
    system_stm32f4xx.c                       0x00000000   Number         0  system_stm32f4xx.o ABSOLUTE
    RESET                                    0x08000000   Section      392  startup_stm32f40_41xxx.o(RESET)
    .ARM.Collect$$$$00000000                 0x08000188   Section        0  entry.o(.ARM.Collect$$$$00000000)
    .ARM.Collect$$$$00000001                 0x08000188   Section        4  entry2.o(.ARM.Collect$$$$00000001)
    .ARM.Collect$$$$00000004                 0x0800018c   Section        4  entry5.o(.ARM.Collect$$$$00000004)
    .ARM.Collect$$$$00000008                 0x08000190   Section        0  entry7b.o(.ARM.Collect$$$$00000008)
    .ARM.Collect$$$$0000000A                 0x08000190   Section        0  entry8b.o(.ARM.Collect$$$$0000000A)
    .ARM.Collect$$$$0000000B                 0x08000190   Section        8  entry9a.o(.ARM.Collect$$$$0000000B)
    .ARM.Collect$$$$0000000D                 0x08000198   Section        0  entry10a.o(.ARM.Collect$$$$0000000D)
    .ARM.Collect$$$$0000000F                 0x08000198   Section        0  entry11a.o(.ARM.Collect$$$$0000000F)
    .ARM.Collect$$$$00002712                 0x08000198   Section        4  entry2.o(.ARM.Collect$$$$00002712)
    __lit__00000000                          0x08000198   Data           4  entry2.o(.ARM.Collect$$$$00002712)
    .emb_text                                0x0800019c   Section      182  port.o(.emb_text)
    $v0                                      0x0800019c   Number         0  port.o(.emb_text)
    .text                                    0x08000254   Section       36  startup_stm32f40_41xxx.o(.text)
    $v0                                      0x08000254   Number         0  startup_stm32f40_41xxx.o(.text)
    .text                                    0x08000278   Section        0  memcpya.o(.text)
    .text                                    0x0800029c   Section        0  memseta.o(.text)
    .text                                    0x080002c0   Section       36  init.o(.text)
    i.BusFault_Handler                       0x080002e4   Section        0  stm32f4xx_it.o(i.BusFault_Handler)
    i.DebugMon_Handler                       0x080002e8   Section        0  stm32f4xx_it.o(i.DebugMon_Handler)
    i.EXTI0_IRQHandler                       0x080002ea   Section        0  powermanger.o(i.EXTI0_IRQHandler)
    i.EXTI_ClearITPendingBit                 0x080002f8   Section        0  stm32f4xx_exti.o(i.EXTI_ClearITPendingBit)
    i.EXTI_Init                              0x08000304   Section        0  stm32f4xx_exti.o(i.EXTI_Init)
    i.GPIO_Init                              0x08000398   Section        0  stm32f4xx_gpio.o(i.GPIO_Init)
    i.GPIO_ReadInputDataBit                  0x08000428   Section        0  stm32f4xx_gpio.o(i.GPIO_ReadInputDataBit)
    i.GPIO_ResetBits                         0x0800043a   Section        0  stm32f4xx_gpio.o(i.GPIO_ResetBits)
    i.GPIO_SetBits                           0x0800043e   Section        0  stm32f4xx_gpio.o(i.GPIO_SetBits)
    i.HardFault_Handler                      0x08000442   Section        0  stm32f4xx_it.o(i.HardFault_Handler)
    i.MemManage_Handler                      0x08000446   Section        0  stm32f4xx_it.o(i.MemManage_Handler)
    i.NMI_Handler                            0x0800044a   Section        0  stm32f4xx_it.o(i.NMI_Handler)
    i.NVIC_Init                              0x0800044c   Section        0  misc.o(i.NVIC_Init)
    i.NVIC_PriorityGroupConfig               0x080004c4   Section        0  misc.o(i.NVIC_PriorityGroupConfig)
    i.PWR_BackupAccessCmd                    0x080004d8   Section        0  stm32f4xx_pwr.o(i.PWR_BackupAccessCmd)
    i.PWR_ClearFlag                          0x080004e4   Section        0  stm32f4xx_pwr.o(i.PWR_ClearFlag)
    i.PWR_EnterSTANDBYMode                   0x080004f8   Section        0  stm32f4xx_pwr.o(i.PWR_EnterSTANDBYMode)
    i.PWR_WakeUpPinCmd                       0x08000520   Section        0  stm32f4xx_pwr.o(i.PWR_WakeUpPinCmd)
    i.RCC_AHB1PeriphClockCmd                 0x0800052c   Section        0  stm32f4xx_rcc.o(i.RCC_AHB1PeriphClockCmd)
    i.RCC_AHB1PeriphResetCmd                 0x0800054c   Section        0  stm32f4xx_rcc.o(i.RCC_AHB1PeriphResetCmd)
    i.RCC_APB1PeriphClockCmd                 0x0800056c   Section        0  stm32f4xx_rcc.o(i.RCC_APB1PeriphClockCmd)
    i.RCC_APB2PeriphClockCmd                 0x0800058c   Section        0  stm32f4xx_rcc.o(i.RCC_APB2PeriphClockCmd)
    i.RTC_ClearITPendingBit                  0x080005ac   Section        0  stm32f4xx_rtc.o(i.RTC_ClearITPendingBit)
    i.RTC_ITConfig                           0x080005cc   Section        0  stm32f4xx_rtc.o(i.RTC_ITConfig)
    i.SYSCFG_EXTILineConfig                  0x08000630   Section        0  stm32f4xx_syscfg.o(i.SYSCFG_EXTILineConfig)
    i.SetSysClock                            0x08000670   Section        0  system_stm32f4xx.o(i.SetSysClock)
    SetSysClock                              0x08000671   Thumb Code   216  system_stm32f4xx.o(i.SetSysClock)
    i.SysTick_Handler                        0x08000758   Section        0  bsp_timer.o(i.SysTick_Handler)
    i.SystemInit                             0x08000768   Section        0  system_stm32f4xx.o(i.SystemInit)
    i.UsageFault_Handler                     0x080007d0   Section        0  stm32f4xx_it.o(i.UsageFault_Handler)
    i.__scatterload_copy                     0x080007d4   Section       14  handlers.o(i.__scatterload_copy)
    i.__scatterload_null                     0x080007e2   Section        2  handlers.o(i.__scatterload_null)
    i.__scatterload_zeroinit                 0x080007e4   Section       14  handlers.o(i.__scatterload_zeroinit)
    i._delete                                0x080007f2   Section        0  gui_button.o(i._delete)
    _delete                                  0x080007f3   Thumb Code    12  gui_button.o(i._delete)
    i._getButtonObj                          0x080007fe   Section        0  gui_button.o(i._getButtonObj)
    _getButtonObj                            0x080007ff   Thumb Code    34  gui_button.o(i._getButtonObj)
    i._getObj                                0x08000820   Section        0  gui_window.o(i._getObj)
    _getObj                                  0x08000821   Thumb Code    34  gui_window.o(i._getObj)
    i._onPaint                               0x08000844   Section        0  gui_button.o(i._onPaint)
    _onPaint                                 0x08000845   Thumb Code   436  gui_button.o(i._onPaint)
    i._onPaint                               0x080009fc   Section        0  gui_window.o(i._onPaint)
    _onPaint                                 0x080009fd   Thumb Code   154  gui_window.o(i._onPaint)
    i.bsp_Free_IN                            0x08000a9c   Section        0  bsp_malloc.o(i.bsp_Free_IN)
    i.bsp_Init                               0x08000b0c   Section        0  bsp.o(i.bsp_Init)
    i.bsp_Malloc_IN                          0x08000b28   Section        0  bsp_malloc.o(i.bsp_Malloc_IN)
    i.bsp_key_AddKey                         0x08000bd0   Section        0  bsp_key.o(i.bsp_key_AddKey)
    i.bsp_key_Detect                         0x08000c74   Section        0  bsp_key.o(i.bsp_key_Detect)
    i.bsp_key_GetKey                         0x08000d40   Section        0  bsp_key.o(i.bsp_key_GetKey)
    i.bsp_key_Init                           0x08000d84   Section        0  bsp_key.o(i.bsp_key_Init)
    i.bsp_key_IsPress                        0x08000de0   Section        0  bsp_key.o(i.bsp_key_IsPress)
    bsp_key_IsPress                          0x08000de1   Thumb Code    62  bsp_key.o(i.bsp_key_IsPress)
    i.bsp_key_PutKey                         0x08000e28   Section        0  bsp_key.o(i.bsp_key_PutKey)
    i.bsp_key_Scan                           0x08000e4c   Section        0  bsp_key.o(i.bsp_key_Scan)
    i.bsp_led_AddLED                         0x08000e6c   Section        0  bsp_led.o(i.bsp_led_AddLED)
    bsp_led_AddLED                           0x08000e6d   Thumb Code   192  bsp_led.o(i.bsp_led_AddLED)
    i.bsp_led_Init                           0x08000f34   Section        0  bsp_led.o(i.bsp_led_Init)
    i.bsp_led_OFF                            0x08000f58   Section        0  bsp_led.o(i.bsp_led_OFF)
    i.bsp_led_ON                             0x08001010   Section        0  bsp_led.o(i.bsp_led_ON)
    i.bsp_led_StartFlash                     0x080010c8   Section        0  bsp_led.o(i.bsp_led_StartFlash)
    i.bsp_led_Thread                         0x080011d0   Section        0  bsp_led.o(i.bsp_led_Thread)
    i.bsp_led_Toggle                         0x08001340   Section        0  bsp_led.o(i.bsp_led_Toggle)
    i.bsp_mem_Alloc                          0x080013c4   Section        0  bsp_malloc.o(i.bsp_mem_Alloc)
    i.bsp_mem_Free                           0x080013f0   Section        0  bsp_malloc.o(i.bsp_mem_Free)
    i.bsp_mem_GetUsed                        0x08001414   Section        0  bsp_malloc.o(i.bsp_mem_GetUsed)
    i.bsp_mem_Init                           0x08001454   Section        0  bsp_malloc.o(i.bsp_mem_Init)
    i.bsp_mem_Set                            0x08001488   Section        0  bsp_malloc.o(i.bsp_mem_Set)
    i.bsp_oled_Clear                         0x0800149c   Section        0  bsp_oled.o(i.bsp_oled_Clear)
    i.bsp_oled_DrawPoint                     0x080014cc   Section        0  bsp_oled.o(i.bsp_oled_DrawPoint)
    i.bsp_oled_GPIOInit                      0x08001534   Section        0  bsp_oled.o(i.bsp_oled_GPIOInit)
    bsp_oled_GPIOInit                        0x08001535   Thumb Code   106  bsp_oled.o(i.bsp_oled_GPIOInit)
    i.bsp_oled_Init                          0x080015a8   Section        0  bsp_oled.o(i.bsp_oled_Init)
    i.bsp_oled_Refresh                       0x080016b4   Section        0  bsp_oled.o(i.bsp_oled_Refresh)
    i.bsp_oled_SetPos                        0x08001700   Section        0  bsp_oled.o(i.bsp_oled_SetPos)
    i.bsp_oled_WriteByte                     0x08001730   Section        0  bsp_oled.o(i.bsp_oled_WriteByte)
    bsp_oled_WriteByte                       0x08001731   Thumb Code   100  bsp_oled.o(i.bsp_oled_WriteByte)
    i.bsp_rcc_GPIOClockCmd                   0x0800179c   Section        0  bsp_rcc.o(i.bsp_rcc_GPIOClockCmd)
    i.bsp_rcc_GetGPIORCC                     0x080017b0   Section        0  bsp_rcc.o(i.bsp_rcc_GetGPIORCC)
    i.bsp_tim_Init                           0x08001834   Section        0  bsp_timer.o(i.bsp_tim_Init)
    i.button_Create                          0x080018b4   Section        0  gui_button.o(i.button_Create)
    i.button_cb                              0x0800192c   Section        0  display.o(i.button_cb)
    button_cb                                0x0800192d   Thumb Code    34  display.o(i.button_cb)
    i.button_defaultProc                     0x0800194e   Section        0  gui_button.o(i.button_defaultProc)
    button_defaultProc                       0x0800194f   Thumb Code   148  gui_button.o(i.button_defaultProc)
    i.button_setCallback                     0x080019e2   Section        0  gui_button.o(i.button_setCallback)
    i.font_getBytesPerChar                   0x08001a08   Section        0  gui_font.o(i.font_getBytesPerChar)
    i.font_getFontData                       0x08001a38   Section        0  gui_font.o(i.font_getFontData)
    i.font_getXSize                          0x08001a70   Section        0  gui_font.o(i.font_getXSize)
    i.font_getYSize                          0x08001aa0   Section        0  gui_font.o(i.font_getYSize)
    i.gui_Init                               0x08001ad0   Section        0  gui_core.o(i.gui_Init)
    i.gui_Refresh                            0x08001b00   Section        0  gui_drv.o(i.gui_Refresh)
    i.gui_deviceInit                         0x08001b08   Section        0  gui_drv.o(i.gui_deviceInit)
    i.gui_dispChar                           0x08001b14   Section        0  gui_text.o(i.gui_dispChar)
    i.gui_dispString                         0x08001bd8   Section        0  gui_text.o(i.gui_dispString)
    i.gui_drawHLine                          0x08001c3c   Section        0  gui_basic.o(i.gui_drawHLine)
    i.gui_drawPoint                          0x08001c70   Section        0  gui_drv.o(i.gui_drawPoint)
    i.gui_drawRectangle                      0x08001cbc   Section        0  gui_basic.o(i.gui_drawRectangle)
    i.gui_drawVLine                          0x08001d00   Section        0  gui_basic.o(i.gui_drawVLine)
    i.gui_excute                             0x08001d32   Section        0  gui_core.o(i.gui_excute)
    i.gui_fillRectangle                      0x08001d3e   Section        0  gui_basic.o(i.gui_fillRectangle)
    i.gui_getStringLen                       0x08001da6   Section        0  gui_text.o(i.gui_getStringLen)
    i.gui_gotoXY                             0x08001dbc   Section        0  gui_core.o(i.gui_gotoXY)
    i.gui_keyInput                           0x08001dc8   Section        0  gui_drv.o(i.gui_keyInput)
    i.main                                   0x08001e1c   Section        0  main.o(i.main)
    i.msg_inputKey                           0x08001e5c   Section        0  gui_msg.o(i.msg_inputKey)
    i.msg_process                            0x08001ec8   Section        0  gui_msg.o(i.msg_process)
    i.msg_sendMsgNoData                      0x08001f40   Section        0  gui_msg.o(i.msg_sendMsgNoData)
    i.powerManger_Init                       0x08001f7c   Section        0  powermanger.o(i.powerManger_Init)
    i.power_Enabled                          0x08001ff8   Section        0  powermanger.o(i.power_Enabled)
    i.power_enterStandby                     0x08002030   Section        0  powermanger.o(i.power_enterStandby)
    power_enterStandby                       0x08002031   Thumb Code    66  powermanger.o(i.power_enterStandby)
    i.power_initPwrCtr                       0x08002074   Section        0  powermanger.o(i.power_initPwrCtr)
    power_initPwrCtr                         0x08002075   Thumb Code   124  powermanger.o(i.power_initPwrCtr)
    i.prvAddCurrentTaskToDelayedList         0x080020f4   Section        0  tasks.o(i.prvAddCurrentTaskToDelayedList)
    prvAddCurrentTaskToDelayedList           0x080020f5   Thumb Code   124  tasks.o(i.prvAddCurrentTaskToDelayedList)
    i.prvAddNewTaskToReadyList               0x0800218c   Section        0  tasks.o(i.prvAddNewTaskToReadyList)
    prvAddNewTaskToReadyList                 0x0800218d   Thumb Code   156  tasks.o(i.prvAddNewTaskToReadyList)
    i.prvCheckForValidListAndQueue           0x08002244   Section        0  timers.o(i.prvCheckForValidListAndQueue)
    prvCheckForValidListAndQueue             0x08002245   Thumb Code    72  timers.o(i.prvCheckForValidListAndQueue)
    i.prvCheckTasksWaitingTermination        0x080022a8   Section        0  tasks.o(i.prvCheckTasksWaitingTermination)
    prvCheckTasksWaitingTermination          0x080022a9   Thumb Code    86  tasks.o(i.prvCheckTasksWaitingTermination)
    i.prvCopyDataFromQueue                   0x0800230c   Section        0  queue.o(i.prvCopyDataFromQueue)
    prvCopyDataFromQueue                     0x0800230d   Thumb Code    42  queue.o(i.prvCopyDataFromQueue)
    i.prvCopyDataToQueue                     0x08002336   Section        0  queue.o(i.prvCopyDataToQueue)
    prvCopyDataToQueue                       0x08002337   Thumb Code   124  queue.o(i.prvCopyDataToQueue)
    i.prvDeleteTCB                           0x080023b2   Section        0  tasks.o(i.prvDeleteTCB)
    prvDeleteTCB                             0x080023b3   Thumb Code    18  tasks.o(i.prvDeleteTCB)
    i.prvGetNextExpireTime                   0x080023c4   Section        0  timers.o(i.prvGetNextExpireTime)
    prvGetNextExpireTime                     0x080023c5   Thumb Code    36  timers.o(i.prvGetNextExpireTime)
    i.prvHeapInit                            0x080023ec   Section        0  heap_4.o(i.prvHeapInit)
    prvHeapInit                              0x080023ed   Thumb Code    98  heap_4.o(i.prvHeapInit)
    i.prvIdleTask                            0x08002468   Section        0  tasks.o(i.prvIdleTask)
    prvIdleTask                              0x08002469   Thumb Code     8  tasks.o(i.prvIdleTask)
    i.prvInitialiseNewQueue                  0x08002470   Section        0  queue.o(i.prvInitialiseNewQueue)
    prvInitialiseNewQueue                    0x08002471   Thumb Code    46  queue.o(i.prvInitialiseNewQueue)
    i.prvInitialiseNewTask                   0x0800249e   Section        0  tasks.o(i.prvInitialiseNewTask)
    prvInitialiseNewTask                     0x0800249f   Thumb Code   146  tasks.o(i.prvInitialiseNewTask)
    i.prvInitialiseTaskLists                 0x08002530   Section        0  tasks.o(i.prvInitialiseTaskLists)
    prvInitialiseTaskLists                   0x08002531   Thumb Code    70  tasks.o(i.prvInitialiseTaskLists)
    i.prvInsertBlockIntoFreeList             0x08002598   Section        0  heap_4.o(i.prvInsertBlockIntoFreeList)
    prvInsertBlockIntoFreeList               0x08002599   Thumb Code    96  heap_4.o(i.prvInsertBlockIntoFreeList)
    i.prvInsertTimerInActiveList             0x08002600   Section        0  timers.o(i.prvInsertTimerInActiveList)
    prvInsertTimerInActiveList               0x08002601   Thumb Code    80  timers.o(i.prvInsertTimerInActiveList)
    i.prvIsQueueEmpty                        0x08002658   Section        0  queue.o(i.prvIsQueueEmpty)
    prvIsQueueEmpty                          0x08002659   Thumb Code    26  queue.o(i.prvIsQueueEmpty)
    i.prvIsQueueFull                         0x08002672   Section        0  queue.o(i.prvIsQueueFull)
    prvIsQueueFull                           0x08002673   Thumb Code    30  queue.o(i.prvIsQueueFull)
    i.prvNotifyQueueSetContainer             0x08002690   Section        0  queue.o(i.prvNotifyQueueSetContainer)
    prvNotifyQueueSetContainer               0x08002691   Thumb Code    82  queue.o(i.prvNotifyQueueSetContainer)
    i.prvProcessExpiredTimer                 0x080026e4   Section        0  timers.o(i.prvProcessExpiredTimer)
    prvProcessExpiredTimer                   0x080026e5   Thumb Code    70  timers.o(i.prvProcessExpiredTimer)
    i.prvProcessReceivedCommands             0x08002730   Section        0  timers.o(i.prvProcessReceivedCommands)
    prvProcessReceivedCommands               0x08002731   Thumb Code   202  timers.o(i.prvProcessReceivedCommands)
    i.prvProcessTimerOrBlockTask             0x08002800   Section        0  timers.o(i.prvProcessTimerOrBlockTask)
    prvProcessTimerOrBlockTask               0x08002801   Thumb Code   102  timers.o(i.prvProcessTimerOrBlockTask)
    i.prvResetNextTaskUnblockTime            0x08002874   Section        0  tasks.o(i.prvResetNextTaskUnblockTime)
    prvResetNextTaskUnblockTime              0x08002875   Thumb Code    42  tasks.o(i.prvResetNextTaskUnblockTime)
    i.prvSampleTimeNow                       0x080028a8   Section        0  timers.o(i.prvSampleTimeNow)
    prvSampleTimeNow                         0x080028a9   Thumb Code    40  timers.o(i.prvSampleTimeNow)
    i.prvSwitchTimerLists                    0x080028d4   Section        0  timers.o(i.prvSwitchTimerLists)
    prvSwitchTimerLists                      0x080028d5   Thumb Code   122  timers.o(i.prvSwitchTimerLists)
    i.prvTaskExitError                       0x08002958   Section        0  port.o(i.prvTaskExitError)
    prvTaskExitError                         0x08002959   Thumb Code    22  port.o(i.prvTaskExitError)
    i.prvTimerTask                           0x0800296e   Section        0  timers.o(i.prvTimerTask)
    prvTimerTask                             0x0800296f   Thumb Code    26  timers.o(i.prvTimerTask)
    i.prvUnlockQueue                         0x08002988   Section        0  queue.o(i.prvUnlockQueue)
    prvUnlockQueue                           0x08002989   Thumb Code   146  queue.o(i.prvUnlockQueue)
    i.pvPortMalloc                           0x08002a1c   Section        0  heap_4.o(i.pvPortMalloc)
    i.pvTaskIncrementMutexHeldCount          0x08002af8   Section        0  tasks.o(i.pvTaskIncrementMutexHeldCount)
    i.pxPortInitialiseStack                  0x08002b18   Section        0  port.o(i.pxPortInitialiseStack)
    i.task_LEDTask                           0x08002b44   Section        0  app_led.o(i.task_LEDTask)
    i.task_StartTask                         0x08002b74   Section        0  main.o(i.task_StartTask)
    i.task_displayTask                       0x08002bdc   Section        0  display.o(i.task_displayTask)
    i.uxListRemove                           0x08002c88   Section        0  list.o(i.uxListRemove)
    i.vApplicationMallocFailedHook           0x08002cb0   Section        0  bsp.o(i.vApplicationMallocFailedHook)
    i.vListInitialise                        0x08002cc6   Section        0  list.o(i.vListInitialise)
    i.vListInitialiseItem                    0x08002ce0   Section        0  list.o(i.vListInitialiseItem)
    i.vListInsert                            0x08002ce6   Section        0  list.o(i.vListInsert)
    i.vListInsertEnd                         0x08002d1a   Section        0  list.o(i.vListInsertEnd)
    i.vPortEnterCritical                     0x08002d34   Section        0  port.o(i.vPortEnterCritical)
    i.vPortExitCritical                      0x08002d58   Section        0  port.o(i.vPortExitCritical)
    i.vPortFree                              0x08002d78   Section        0  heap_4.o(i.vPortFree)
    i.vPortSetupTimerInterrupt               0x08002dc0   Section        0  port.o(i.vPortSetupTimerInterrupt)
    i.vQueueAddToRegistry                    0x08002dd4   Section        0  queue.o(i.vQueueAddToRegistry)
    i.vQueueWaitForMessageRestricted         0x08002e00   Section        0  queue.o(i.vQueueWaitForMessageRestricted)
    i.vTaskDelay                             0x08002e4c   Section        0  tasks.o(i.vTaskDelay)
    i.vTaskDelayUntil                        0x08002e80   Section        0  tasks.o(i.vTaskDelayUntil)
    i.vTaskDelete                            0x08002ef4   Section        0  tasks.o(i.vTaskDelete)
    i.vTaskMissedYield                       0x08002fc0   Section        0  tasks.o(i.vTaskMissedYield)
    i.vTaskPlaceOnEventList                  0x08002fcc   Section        0  tasks.o(i.vTaskPlaceOnEventList)
    i.vTaskPlaceOnEventListRestricted        0x08002fec   Section        0  tasks.o(i.vTaskPlaceOnEventListRestricted)
    i.vTaskPriorityInherit                   0x08003014   Section        0  tasks.o(i.vTaskPriorityInherit)
    i.vTaskSetTimeOutState                   0x080030c4   Section        0  tasks.o(i.vTaskSetTimeOutState)
    i.vTaskStartScheduler                    0x080030dc   Section        0  tasks.o(i.vTaskStartScheduler)
    i.vTaskSuspendAll                        0x0800314c   Section        0  tasks.o(i.vTaskSuspendAll)
    i.vTaskSwitchContext                     0x0800315c   Section        0  tasks.o(i.vTaskSwitchContext)
    i.widget_Create                          0x080031bc   Section        0  gui_widget.o(i.widget_Create)
    i.widget_Delete                          0x08003248   Section        0  gui_widget.o(i.widget_Delete)
    i.widget_getWidget                       0x080032a8   Section        0  gui_widget.o(i.widget_getWidget)
    i.window_Create                          0x080032f4   Section        0  gui_window.o(i.window_Create)
    i.window_defaultProc                     0x08003364   Section        0  gui_window.o(i.window_defaultProc)
    window_defaultProc                       0x08003365   Thumb Code    40  gui_window.o(i.window_defaultProc)
    i.wm_Create                              0x0800338c   Section        0  gui_wm.o(i.wm_Create)
    i.wm_Init                                0x08003400   Section        0  gui_wm.o(i.wm_Init)
    i.wm_addWindowToList                     0x0800341c   Section        0  gui_wm.o(i.wm_addWindowToList)
    wm_addWindowToList                       0x0800341d   Thumb Code    54  gui_wm.o(i.wm_addWindowToList)
    i.wm_defaultProc                         0x0800345c   Section        0  gui_wm.o(i.wm_defaultProc)
    i.wm_getWindowObject                     0x080034bc   Section        0  gui_wm.o(i.wm_getWindowObject)
    i.xPortStartScheduler                    0x080034ec   Section        0  port.o(i.xPortStartScheduler)
    i.xPortSysTickHandler                    0x08003534   Section        0  port.o(i.xPortSysTickHandler)
    i.xQueueGenericCreate                    0x08003568   Section        0  queue.o(i.xQueueGenericCreate)
    i.xQueueGenericReceive                   0x080035a0   Section        0  queue.o(i.xQueueGenericReceive)
    i.xQueueGenericReset                     0x080036fc   Section        0  queue.o(i.xQueueGenericReset)
    i.xQueueGenericSend                      0x0800377c   Section        0  queue.o(i.xQueueGenericSend)
    i.xQueueGenericSendFromISR               0x080038b4   Section        0  queue.o(i.xQueueGenericSendFromISR)
    i.xTaskCheckForTimeOut                   0x08003950   Section        0  tasks.o(i.xTaskCheckForTimeOut)
    i.xTaskCreate                            0x080039ac   Section        0  tasks.o(i.xTaskCreate)
    i.xTaskGetSchedulerState                 0x08003a0c   Section        0  tasks.o(i.xTaskGetSchedulerState)
    i.xTaskGetTickCount                      0x08003a2c   Section        0  tasks.o(i.xTaskGetTickCount)
    i.xTaskIncrementTick                     0x08003a38   Section        0  tasks.o(i.xTaskIncrementTick)
    i.xTaskPriorityDisinherit                0x08003b54   Section        0  tasks.o(i.xTaskPriorityDisinherit)
    i.xTaskRemoveFromEventList               0x08003bd8   Section        0  tasks.o(i.xTaskRemoveFromEventList)
    i.xTaskResumeAll                         0x08003c58   Section        0  tasks.o(i.xTaskResumeAll)
    i.xTimerCreateTimerTask                  0x08003d40   Section        0  timers.o(i.xTimerCreateTimerTask)
    i.xTimerGenericCommand                   0x08003d7c   Section        0  timers.o(i.xTimerGenericCommand)
    .constdata                               0x08003de8   Section       12  bsp_malloc.o(.constdata)
    .constdata                               0x08003df4   Section     5480  gui_font.o(.constdata)
    FONT_ASCII_6X8                           0x08005344   Data           8  gui_font.o(.constdata)
    FONT_ASCII_6X12                          0x0800534c   Data           8  gui_font.o(.constdata)
    FONT_ASCII_12X24                         0x08005354   Data           8  gui_font.o(.constdata)
    .data                                    0x20000000   Section        4  main.o(.data)
    .data                                    0x20000004   Section       20  system_stm32f4xx.o(.data)
    .data                                    0x20000018   Section        1  bsp_led.o(.data)
    ledCount                                 0x20000018   Data           1  bsp_led.o(.data)
    .data                                    0x20000019   Section        2  bsp_key.o(.data)
    isInit                                   0x20000019   Data           1  bsp_key.o(.data)
    keyCount                                 0x2000001a   Data           1  bsp_key.o(.data)
    .data                                    0x2000001c   Section       20  bsp_malloc.o(.data)
    .data                                    0x20000030   Section        1  powermanger.o(.data)
    isInit                                   0x20000030   Data           1  powermanger.o(.data)
    .data                                    0x20000034   Section       60  tasks.o(.data)
    pxDelayedTaskList                        0x20000038   Data           4  tasks.o(.data)
    pxOverflowDelayedTaskList                0x2000003c   Data           4  tasks.o(.data)
    uxDeletedTasksWaitingCleanUp             0x20000040   Data           4  tasks.o(.data)
    uxCurrentNumberOfTasks                   0x20000044   Data           4  tasks.o(.data)
    xTickCount                               0x20000048   Data           4  tasks.o(.data)
    uxTopReadyPriority                       0x2000004c   Data           4  tasks.o(.data)
    xSchedulerRunning                        0x20000050   Data           4  tasks.o(.data)
    uxPendedTicks                            0x20000054   Data           4  tasks.o(.data)
    xYieldPending                            0x20000058   Data           4  tasks.o(.data)
    xNumOfOverflows                          0x2000005c   Data           4  tasks.o(.data)
    uxTaskNumber                             0x20000060   Data           4  tasks.o(.data)
    xNextTaskUnblockTime                     0x20000064   Data           4  tasks.o(.data)
    xIdleTaskHandle                          0x20000068   Data           4  tasks.o(.data)
    uxSchedulerSuspended                     0x2000006c   Data           4  tasks.o(.data)
    .data                                    0x20000070   Section       20  timers.o(.data)
    pxCurrentTimerList                       0x20000070   Data           4  timers.o(.data)
    pxOverflowTimerList                      0x20000074   Data           4  timers.o(.data)
    xTimerQueue                              0x20000078   Data           4  timers.o(.data)
    xTimerTaskHandle                         0x2000007c   Data           4  timers.o(.data)
    xLastTime                                0x20000080   Data           4  timers.o(.data)
    .data                                    0x20000084   Section       24  heap_4.o(.data)
    xStart                                   0x20000084   Data           8  heap_4.o(.data)
    pxEnd                                    0x2000008c   Data           4  heap_4.o(.data)
    xFreeBytesRemaining                      0x20000090   Data           4  heap_4.o(.data)
    xMinimumEverFreeBytesRemaining           0x20000094   Data           4  heap_4.o(.data)
    xBlockAllocatedBit                       0x20000098   Data           4  heap_4.o(.data)
    .data                                    0x2000009c   Section        4  port.o(.data)
    uxCriticalNesting                        0x2000009c   Data           4  port.o(.data)
    .data                                    0x200000a0   Section        2  gui_drv.o(.data)
    preKeyValue                              0x200000a0   Data           2  gui_drv.o(.data)
    .data                                    0x200000a4   Section       12  gui_wm.o(.data)
    wm_NumWindows                            0x200000a4   Data           2  gui_wm.o(.data)
    wm_HWIN                                  0x200000a6   Data           2  gui_wm.o(.data)
    .data                                    0x200000b0   Section        2  gui_msg.o(.data)
    msgCnt                                   0x200000b0   Data           2  gui_msg.o(.data)
    .bss                                     0x200000b4   Section      160  bsp_timer.o(.bss)
    .bss                                     0x20000154   Section      320  bsp_led.o(.bss)
    LED                                      0x20000154   Data         320  bsp_led.o(.bss)
    .bss                                     0x20000294   Section      280  bsp_key.o(.bss)
    keyFifo                                  0x20000294   Data          22  bsp_key.o(.bss)
    KEY                                      0x200002ac   Data         256  bsp_key.o(.bss)
    .bss                                     0x200003ac   Section     1024  bsp_oled.o(.bss)
    oledGram                                 0x200003ac   Data        1024  bsp_oled.o(.bss)
    .bss                                     0x200007b0   Section    17408  bsp_malloc.o(.bss)
    .bss                                     0x20004bb0   Section       80  queue.o(.bss)
    .bss                                     0x20004c00   Section      740  tasks.o(.bss)
    pxReadyTasksLists                        0x20004c00   Data         640  tasks.o(.bss)
    xDelayedTaskList1                        0x20004e80   Data          20  tasks.o(.bss)
    xDelayedTaskList2                        0x20004e94   Data          20  tasks.o(.bss)
    xPendingReadyList                        0x20004ea8   Data          20  tasks.o(.bss)
    xTasksWaitingTermination                 0x20004ebc   Data          20  tasks.o(.bss)
    xSuspendedTaskList                       0x20004ed0   Data          20  tasks.o(.bss)
    .bss                                     0x20004ee4   Section       40  timers.o(.bss)
    xActiveTimerList1                        0x20004ee4   Data          20  timers.o(.bss)
    xActiveTimerList2                        0x20004ef8   Data          20  timers.o(.bss)
    .bss                                     0x20004f0c   Section    30720  heap_4.o(.bss)
    ucHeap                                   0x20004f0c   Data       30720  heap_4.o(.bss)
    .bss                                     0x2000c70c   Section       18  gui_core.o(.bss)
    .bss                                     0x2000c720   Section      320  gui_msg.o(.bss)
    msg                                      0x2000c720   Data         320  gui_msg.o(.bss)
    STACK                                    0x2000c860   Section     1024  startup_stm32f40_41xxx.o(STACK)

    Global Symbols

    Symbol Name                              Value     Ov Type        Size  Object(Section)

    BuildAttributes$$THM_ISAv4$E$P$D$K$B$S$7EM$VFPi3$EXTD16$VFPS$VFMA$PE$A:L22UL41UL21$X:L11$S22US41US21$IEEE1$IW$USESV6$~STKCKD$USESV7$~SHL$OTIME$ROPI$IEEEX$EBA8$MICROLIB$REQ8$PRES8$EABIv2 0x00000000   Number         0  anon$$obj.o ABSOLUTE
    __ARM_use_no_argv                        0x00000000   Number         0  main.o ABSOLUTE
    _printf_a                                0x00000000   Number         0  stubs.o ABSOLUTE
    _printf_c                                0x00000000   Number         0  stubs.o ABSOLUTE
    _printf_charcount                        0x00000000   Number         0  stubs.o ABSOLUTE
    _printf_d                                0x00000000   Number         0  stubs.o ABSOLUTE
    _printf_e                                0x00000000   Number         0  stubs.o ABSOLUTE
    _printf_f                                0x00000000   Number         0  stubs.o ABSOLUTE
    _printf_flags                            0x00000000   Number         0  stubs.o ABSOLUTE
    _printf_fp_dec                           0x00000000   Number         0  stubs.o ABSOLUTE
    _printf_fp_hex                           0x00000000   Number         0  stubs.o ABSOLUTE
    _printf_g                                0x00000000   Number         0  stubs.o ABSOLUTE
    _printf_i                                0x00000000   Number         0  stubs.o ABSOLUTE
    _printf_int_dec                          0x00000000   Number         0  stubs.o ABSOLUTE
    _printf_l                                0x00000000   Number         0  stubs.o ABSOLUTE
    _printf_lc                               0x00000000   Number         0  stubs.o ABSOLUTE
    _printf_ll                               0x00000000   Number         0  stubs.o ABSOLUTE
    _printf_lld                              0x00000000   Number         0  stubs.o ABSOLUTE
    _printf_lli                              0x00000000   Number         0  stubs.o ABSOLUTE
    _printf_llo                              0x00000000   Number         0  stubs.o ABSOLUTE
    _printf_llu                              0x00000000   Number         0  stubs.o ABSOLUTE
    _printf_llx                              0x00000000   Number         0  stubs.o ABSOLUTE
    _printf_longlong_dec                     0x00000000   Number         0  stubs.o ABSOLUTE
    _printf_longlong_hex                     0x00000000   Number         0  stubs.o ABSOLUTE
    _printf_longlong_oct                     0x00000000   Number         0  stubs.o ABSOLUTE
    _printf_ls                               0x00000000   Number         0  stubs.o ABSOLUTE
    _printf_mbtowc                           0x00000000   Number         0  stubs.o ABSOLUTE
    _printf_n                                0x00000000   Number         0  stubs.o ABSOLUTE
    _printf_o                                0x00000000   Number         0  stubs.o ABSOLUTE
    _printf_p                                0x00000000   Number         0  stubs.o ABSOLUTE
    _printf_percent                          0x00000000   Number         0  stubs.o ABSOLUTE
    _printf_pre_padding                      0x00000000   Number         0  stubs.o ABSOLUTE
    _printf_return_value                     0x00000000   Number         0  stubs.o ABSOLUTE
    _printf_s                                0x00000000   Number         0  stubs.o ABSOLUTE
    _printf_sizespec                         0x00000000   Number         0  stubs.o ABSOLUTE
    _printf_str                              0x00000000   Number         0  stubs.o ABSOLUTE
    _printf_truncate_signed                  0x00000000   Number         0  stubs.o ABSOLUTE
    _printf_truncate_unsigned                0x00000000   Number         0  stubs.o ABSOLUTE
    _printf_u                                0x00000000   Number         0  stubs.o ABSOLUTE
    _printf_wc                               0x00000000   Number         0  stubs.o ABSOLUTE
    _printf_wctomb                           0x00000000   Number         0  stubs.o ABSOLUTE
    _printf_widthprec                        0x00000000   Number         0  stubs.o ABSOLUTE
    _printf_x                                0x00000000   Number         0  stubs.o ABSOLUTE
    __cpp_initialize__aeabi_                  - Undefined Weak Reference
    __cxa_finalize                            - Undefined Weak Reference
    __decompress                              - Undefined Weak Reference
    _clock_init                               - Undefined Weak Reference
    _microlib_exit                            - Undefined Weak Reference
    __Vectors_Size                           0x00000188   Number         0  startup_stm32f40_41xxx.o ABSOLUTE
    __Vectors                                0x08000000   Data           4  startup_stm32f40_41xxx.o(RESET)
    __Vectors_End                            0x08000188   Data           0  startup_stm32f40_41xxx.o(RESET)
    __main                                   0x08000189   Thumb Code     0  entry.o(.ARM.Collect$$$$00000000)
    _main_stk                                0x08000189   Thumb Code     0  entry2.o(.ARM.Collect$$$$00000001)
    _main_scatterload                        0x0800018d   Thumb Code     0  entry5.o(.ARM.Collect$$$$00000004)
    __main_after_scatterload                 0x08000191   Thumb Code     0  entry5.o(.ARM.Collect$$$$00000004)
    _main_clock                              0x08000191   Thumb Code     0  entry7b.o(.ARM.Collect$$$$00000008)
    _main_cpp_init                           0x08000191   Thumb Code     0  entry8b.o(.ARM.Collect$$$$0000000A)
    _main_init                               0x08000191   Thumb Code     0  entry9a.o(.ARM.Collect$$$$0000000B)
    __rt_final_cpp                           0x08000199   Thumb Code     0  entry10a.o(.ARM.Collect$$$$0000000D)
    __rt_final_exit                          0x08000199   Thumb Code     0  entry11a.o(.ARM.Collect$$$$0000000F)
    SVC_Handler                              0x0800019d   Thumb Code    28  port.o(.emb_text)
    __asm___6_port_c_39a90d8d__prvStartFirstTask 0x080001bd   Thumb Code    28  port.o(.emb_text)
    __asm___6_port_c_39a90d8d__prvEnableVFP  0x080001dd   Thumb Code    16  port.o(.emb_text)
    PendSV_Handler                           0x080001f1   Thumb Code    88  port.o(.emb_text)
    vPortGetIPSR                             0x0800024d   Thumb Code     6  port.o(.emb_text)
    Reset_Handler                            0x08000255   Thumb Code     8  startup_stm32f40_41xxx.o(.text)
    ADC_IRQHandler                           0x0800026f   Thumb Code     0  startup_stm32f40_41xxx.o(.text)
    CAN1_RX0_IRQHandler                      0x0800026f   Thumb Code     0  startup_stm32f40_41xxx.o(.text)
    CAN1_RX1_IRQHandler                      0x0800026f   Thumb Code     0  startup_stm32f40_41xxx.o(.text)
    CAN1_SCE_IRQHandler                      0x0800026f   Thumb Code     0  startup_stm32f40_41xxx.o(.text)
    CAN1_TX_IRQHandler                       0x0800026f   Thumb Code     0  startup_stm32f40_41xxx.o(.text)
    CAN2_RX0_IRQHandler                      0x0800026f   Thumb Code     0  startup_stm32f40_41xxx.o(.text)
    CAN2_RX1_IRQHandler                      0x0800026f   Thumb Code     0  startup_stm32f40_41xxx.o(.text)
    CAN2_SCE_IRQHandler                      0x0800026f   Thumb Code     0  startup_stm32f40_41xxx.o(.text)
    CAN2_TX_IRQHandler                       0x0800026f   Thumb Code     0  startup_stm32f40_41xxx.o(.text)
    CRYP_IRQHandler                          0x0800026f   Thumb Code     0  startup_stm32f40_41xxx.o(.text)
    DCMI_IRQHandler                          0x0800026f   Thumb Code     0  startup_stm32f40_41xxx.o(.text)
    DMA1_Stream0_IRQHandler                  0x0800026f   Thumb Code     0  startup_stm32f40_41xxx.o(.text)
    DMA1_Stream1_IRQHandler                  0x0800026f   Thumb Code     0  startup_stm32f40_41xxx.o(.text)
    DMA1_Stream2_IRQHandler                  0x0800026f   Thumb Code     0  startup_stm32f40_41xxx.o(.text)
    DMA1_Stream3_IRQHandler                  0x0800026f   Thumb Code     0  startup_stm32f40_41xxx.o(.text)
    DMA1_Stream4_IRQHandler                  0x0800026f   Thumb Code     0  startup_stm32f40_41xxx.o(.text)
    DMA1_Stream5_IRQHandler                  0x0800026f   Thumb Code     0  startup_stm32f40_41xxx.o(.text)
    DMA1_Stream6_IRQHandler                  0x0800026f   Thumb Code     0  startup_stm32f40_41xxx.o(.text)
    DMA1_Stream7_IRQHandler                  0x0800026f   Thumb Code     0  startup_stm32f40_41xxx.o(.text)
    DMA2_Stream0_IRQHandler                  0x0800026f   Thumb Code     0  startup_stm32f40_41xxx.o(.text)
    DMA2_Stream1_IRQHandler                  0x0800026f   Thumb Code     0  startup_stm32f40_41xxx.o(.text)
    DMA2_Stream2_IRQHandler                  0x0800026f   Thumb Code     0  startup_stm32f40_41xxx.o(.text)
    DMA2_Stream3_IRQHandler                  0x0800026f   Thumb Code     0  startup_stm32f40_41xxx.o(.text)
    DMA2_Stream4_IRQHandler                  0x0800026f   Thumb Code     0  startup_stm32f40_41xxx.o(.text)
    DMA2_Stream5_IRQHandler                  0x0800026f   Thumb Code     0  startup_stm32f40_41xxx.o(.text)
    DMA2_Stream6_IRQHandler                  0x0800026f   Thumb Code     0  startup_stm32f40_41xxx.o(.text)
    DMA2_Stream7_IRQHandler                  0x0800026f   Thumb Code     0  startup_stm32f40_41xxx.o(.text)
    ETH_IRQHandler                           0x0800026f   Thumb Code     0  startup_stm32f40_41xxx.o(.text)
    ETH_WKUP_IRQHandler                      0x0800026f   Thumb Code     0  startup_stm32f40_41xxx.o(.text)
    EXTI15_10_IRQHandler                     0x0800026f   Thumb Code     0  startup_stm32f40_41xxx.o(.text)
    EXTI1_IRQHandler                         0x0800026f   Thumb Code     0  startup_stm32f40_41xxx.o(.text)
    EXTI2_IRQHandler                         0x0800026f   Thumb Code     0  startup_stm32f40_41xxx.o(.text)
    EXTI3_IRQHandler                         0x0800026f   Thumb Code     0  startup_stm32f40_41xxx.o(.text)
    EXTI4_IRQHandler                         0x0800026f   Thumb Code     0  startup_stm32f40_41xxx.o(.text)
    EXTI9_5_IRQHandler                       0x0800026f   Thumb Code     0  startup_stm32f40_41xxx.o(.text)
    FLASH_IRQHandler                         0x0800026f   Thumb Code     0  startup_stm32f40_41xxx.o(.text)
    FPU_IRQHandler                           0x0800026f   Thumb Code     0  startup_stm32f40_41xxx.o(.text)
    FSMC_IRQHandler                          0x0800026f   Thumb Code     0  startup_stm32f40_41xxx.o(.text)
    HASH_RNG_IRQHandler                      0x0800026f   Thumb Code     0  startup_stm32f40_41xxx.o(.text)
    I2C1_ER_IRQHandler                       0x0800026f   Thumb Code     0  startup_stm32f40_41xxx.o(.text)
    I2C1_EV_IRQHandler                       0x0800026f   Thumb Code     0  startup_stm32f40_41xxx.o(.text)
    I2C2_ER_IRQHandler                       0x0800026f   Thumb Code     0  startup_stm32f40_41xxx.o(.text)
    I2C2_EV_IRQHandler                       0x0800026f   Thumb Code     0  startup_stm32f40_41xxx.o(.text)
    I2C3_ER_IRQHandler                       0x0800026f   Thumb Code     0  startup_stm32f40_41xxx.o(.text)
    I2C3_EV_IRQHandler                       0x0800026f   Thumb Code     0  startup_stm32f40_41xxx.o(.text)
    OTG_FS_IRQHandler                        0x0800026f   Thumb Code     0  startup_stm32f40_41xxx.o(.text)
    OTG_FS_WKUP_IRQHandler                   0x0800026f   Thumb Code     0  startup_stm32f40_41xxx.o(.text)
    OTG_HS_EP1_IN_IRQHandler                 0x0800026f   Thumb Code     0  startup_stm32f40_41xxx.o(.text)
    OTG_HS_EP1_OUT_IRQHandler                0x0800026f   Thumb Code     0  startup_stm32f40_41xxx.o(.text)
    OTG_HS_IRQHandler                        0x0800026f   Thumb Code     0  startup_stm32f40_41xxx.o(.text)
    OTG_HS_WKUP_IRQHandler                   0x0800026f   Thumb Code     0  startup_stm32f40_41xxx.o(.text)
    PVD_IRQHandler                           0x0800026f   Thumb Code     0  startup_stm32f40_41xxx.o(.text)
    RCC_IRQHandler                           0x0800026f   Thumb Code     0  startup_stm32f40_41xxx.o(.text)
    RTC_Alarm_IRQHandler                     0x0800026f   Thumb Code     0  startup_stm32f40_41xxx.o(.text)
    RTC_WKUP_IRQHandler                      0x0800026f   Thumb Code     0  startup_stm32f40_41xxx.o(.text)
    SDIO_IRQHandler                          0x0800026f   Thumb Code     0  startup_stm32f40_41xxx.o(.text)
    SPI1_IRQHandler                          0x0800026f   Thumb Code     0  startup_stm32f40_41xxx.o(.text)
    SPI2_IRQHandler                          0x0800026f   Thumb Code     0  startup_stm32f40_41xxx.o(.text)
    SPI3_IRQHandler                          0x0800026f   Thumb Code     0  startup_stm32f40_41xxx.o(.text)
    TAMP_STAMP_IRQHandler                    0x0800026f   Thumb Code     0  startup_stm32f40_41xxx.o(.text)
    TIM1_BRK_TIM9_IRQHandler                 0x0800026f   Thumb Code     0  startup_stm32f40_41xxx.o(.text)
    TIM1_CC_IRQHandler                       0x0800026f   Thumb Code     0  startup_stm32f40_41xxx.o(.text)
    TIM1_TRG_COM_TIM11_IRQHandler            0x0800026f   Thumb Code     0  startup_stm32f40_41xxx.o(.text)
    TIM1_UP_TIM10_IRQHandler                 0x0800026f   Thumb Code     0  startup_stm32f40_41xxx.o(.text)
    TIM2_IRQHandler                          0x0800026f   Thumb Code     0  startup_stm32f40_41xxx.o(.text)
    TIM3_IRQHandler                          0x0800026f   Thumb Code     0  startup_stm32f40_41xxx.o(.text)
    TIM4_IRQHandler                          0x0800026f   Thumb Code     0  startup_stm32f40_41xxx.o(.text)
    TIM5_IRQHandler                          0x0800026f   Thumb Code     0  startup_stm32f40_41xxx.o(.text)
    TIM6_DAC_IRQHandler                      0x0800026f   Thumb Code     0  startup_stm32f40_41xxx.o(.text)
    TIM7_IRQHandler                          0x0800026f   Thumb Code     0  startup_stm32f40_41xxx.o(.text)
    TIM8_BRK_TIM12_IRQHandler                0x0800026f   Thumb Code     0  startup_stm32f40_41xxx.o(.text)
    TIM8_CC_IRQHandler                       0x0800026f   Thumb Code     0  startup_stm32f40_41xxx.o(.text)
    TIM8_TRG_COM_TIM14_IRQHandler            0x0800026f   Thumb Code     0  startup_stm32f40_41xxx.o(.text)
    TIM8_UP_TIM13_IRQHandler                 0x0800026f   Thumb Code     0  startup_stm32f40_41xxx.o(.text)
    UART4_IRQHandler                         0x0800026f   Thumb Code     0  startup_stm32f40_41xxx.o(.text)
    UART5_IRQHandler                         0x0800026f   Thumb Code     0  startup_stm32f40_41xxx.o(.text)
    USART1_IRQHandler                        0x0800026f   Thumb Code     0  startup_stm32f40_41xxx.o(.text)
    USART2_IRQHandler                        0x0800026f   Thumb Code     0  startup_stm32f40_41xxx.o(.text)
    USART3_IRQHandler                        0x0800026f   Thumb Code     0  startup_stm32f40_41xxx.o(.text)
    USART6_IRQHandler                        0x0800026f   Thumb Code     0  startup_stm32f40_41xxx.o(.text)
    WWDG_IRQHandler                          0x0800026f   Thumb Code     0  startup_stm32f40_41xxx.o(.text)
    __aeabi_memcpy                           0x08000279   Thumb Code    36  memcpya.o(.text)
    __aeabi_memcpy4                          0x08000279   Thumb Code     0  memcpya.o(.text)
    __aeabi_memcpy8                          0x08000279   Thumb Code     0  memcpya.o(.text)
    __aeabi_memset                           0x0800029d   Thumb Code    14  memseta.o(.text)
    __aeabi_memset4                          0x0800029d   Thumb Code     0  memseta.o(.text)
    __aeabi_memset8                          0x0800029d   Thumb Code     0  memseta.o(.text)
    __aeabi_memclr                           0x080002ab   Thumb Code     4  memseta.o(.text)
    __aeabi_memclr4                          0x080002ab   Thumb Code     0  memseta.o(.text)
    __aeabi_memclr8                          0x080002ab   Thumb Code     0  memseta.o(.text)
    _memset$wrapper                          0x080002af   Thumb Code    18  memseta.o(.text)
    __scatterload                            0x080002c1   Thumb Code    28  init.o(.text)
    __scatterload_rt2                        0x080002c1   Thumb Code     0  init.o(.text)
    BusFault_Handler                         0x080002e5   Thumb Code     4  stm32f4xx_it.o(i.BusFault_Handler)
    DebugMon_Handler                         0x080002e9   Thumb Code     2  stm32f4xx_it.o(i.DebugMon_Handler)
    EXTI0_IRQHandler                         0x080002eb   Thumb Code    12  powermanger.o(i.EXTI0_IRQHandler)
    EXTI_ClearITPendingBit                   0x080002f9   Thumb Code     6  stm32f4xx_exti.o(i.EXTI_ClearITPendingBit)
    EXTI_Init                                0x08000305   Thumb Code   142  stm32f4xx_exti.o(i.EXTI_Init)
    GPIO_Init                                0x08000399   Thumb Code   144  stm32f4xx_gpio.o(i.GPIO_Init)
    GPIO_ReadInputDataBit                    0x08000429   Thumb Code    18  stm32f4xx_gpio.o(i.GPIO_ReadInputDataBit)
    GPIO_ResetBits                           0x0800043b   Thumb Code     4  stm32f4xx_gpio.o(i.GPIO_ResetBits)
    GPIO_SetBits                             0x0800043f   Thumb Code     4  stm32f4xx_gpio.o(i.GPIO_SetBits)
    HardFault_Handler                        0x08000443   Thumb Code     4  stm32f4xx_it.o(i.HardFault_Handler)
    MemManage_Handler                        0x08000447   Thumb Code     4  stm32f4xx_it.o(i.MemManage_Handler)
    NMI_Handler                              0x0800044b   Thumb Code     2  stm32f4xx_it.o(i.NMI_Handler)
    NVIC_Init                                0x0800044d   Thumb Code   106  misc.o(i.NVIC_Init)
    NVIC_PriorityGroupConfig                 0x080004c5   Thumb Code    10  misc.o(i.NVIC_PriorityGroupConfig)
    PWR_BackupAccessCmd                      0x080004d9   Thumb Code     6  stm32f4xx_pwr.o(i.PWR_BackupAccessCmd)
    PWR_ClearFlag                            0x080004e5   Thumb Code    14  stm32f4xx_pwr.o(i.PWR_ClearFlag)
    PWR_EnterSTANDBYMode                     0x080004f9   Thumb Code    32  stm32f4xx_pwr.o(i.PWR_EnterSTANDBYMode)
    PWR_WakeUpPinCmd                         0x08000521   Thumb Code     6  stm32f4xx_pwr.o(i.PWR_WakeUpPinCmd)
    RCC_AHB1PeriphClockCmd                   0x0800052d   Thumb Code    26  stm32f4xx_rcc.o(i.RCC_AHB1PeriphClockCmd)
    RCC_AHB1PeriphResetCmd                   0x0800054d   Thumb Code    26  stm32f4xx_rcc.o(i.RCC_AHB1PeriphResetCmd)
    RCC_APB1PeriphClockCmd                   0x0800056d   Thumb Code    26  stm32f4xx_rcc.o(i.RCC_APB1PeriphClockCmd)
    RCC_APB2PeriphClockCmd                   0x0800058d   Thumb Code    26  stm32f4xx_rcc.o(i.RCC_APB2PeriphClockCmd)
    RTC_ClearITPendingBit                    0x080005ad   Thumb Code    28  stm32f4xx_rtc.o(i.RTC_ClearITPendingBit)
    RTC_ITConfig                             0x080005cd   Thumb Code    94  stm32f4xx_rtc.o(i.RTC_ITConfig)
    SYSCFG_EXTILineConfig                    0x08000631   Thumb Code    60  stm32f4xx_syscfg.o(i.SYSCFG_EXTILineConfig)
    SysTick_Handler                          0x08000759   Thumb Code    16  bsp_timer.o(i.SysTick_Handler)
    SystemInit                               0x08000769   Thumb Code    88  system_stm32f4xx.o(i.SystemInit)
    UsageFault_Handler                       0x080007d1   Thumb Code     4  stm32f4xx_it.o(i.UsageFault_Handler)
    __scatterload_copy                       0x080007d5   Thumb Code    14  handlers.o(i.__scatterload_copy)
    __scatterload_null                       0x080007e3   Thumb Code     2  handlers.o(i.__scatterload_null)
    __scatterload_zeroinit                   0x080007e5   Thumb Code    14  handlers.o(i.__scatterload_zeroinit)
    bsp_Free_IN                              0x08000a9d   Thumb Code   100  bsp_malloc.o(i.bsp_Free_IN)
    bsp_Init                                 0x08000b0d   Thumb Code    28  bsp.o(i.bsp_Init)
    bsp_Malloc_IN                            0x08000b29   Thumb Code   156  bsp_malloc.o(i.bsp_Malloc_IN)
    bsp_key_AddKey                           0x08000bd1   Thumb Code   156  bsp_key.o(i.bsp_key_AddKey)
    bsp_key_Detect                           0x08000c75   Thumb Code   200  bsp_key.o(i.bsp_key_Detect)
    bsp_key_GetKey                           0x08000d41   Thumb Code    58  bsp_key.o(i.bsp_key_GetKey)
    bsp_key_Init                             0x08000d85   Thumb Code    80  bsp_key.o(i.bsp_key_Init)
    bsp_key_PutKey                           0x08000e29   Thumb Code    30  bsp_key.o(i.bsp_key_PutKey)
    bsp_key_Scan                             0x08000e4d   Thumb Code    28  bsp_key.o(i.bsp_key_Scan)
    bsp_led_Init                             0x08000f35   Thumb Code    32  bsp_led.o(i.bsp_led_Init)
    bsp_led_OFF                              0x08000f59   Thumb Code   176  bsp_led.o(i.bsp_led_OFF)
    bsp_led_ON                               0x08001011   Thumb Code   176  bsp_led.o(i.bsp_led_ON)
    bsp_led_StartFlash                       0x080010c9   Thumb Code   254  bsp_led.o(i.bsp_led_StartFlash)
    bsp_led_Thread                           0x080011d1   Thumb Code   358  bsp_led.o(i.bsp_led_Thread)
    bsp_led_Toggle                           0x08001341   Thumb Code   124  bsp_led.o(i.bsp_led_Toggle)
    bsp_mem_Alloc                            0x080013c5   Thumb Code    40  bsp_malloc.o(i.bsp_mem_Alloc)
    bsp_mem_Free                             0x080013f1   Thumb Code    32  bsp_malloc.o(i.bsp_mem_Free)
    bsp_mem_GetUsed                          0x08001415   Thumb Code    56  bsp_malloc.o(i.bsp_mem_GetUsed)
    bsp_mem_Init                             0x08001455   Thumb Code    40  bsp_malloc.o(i.bsp_mem_Init)
    bsp_mem_Set                              0x08001489   Thumb Code    20  bsp_malloc.o(i.bsp_mem_Set)
    bsp_oled_Clear                           0x0800149d   Thumb Code    42  bsp_oled.o(i.bsp_oled_Clear)
    bsp_oled_DrawPoint                       0x080014cd   Thumb Code   100  bsp_oled.o(i.bsp_oled_DrawPoint)
    bsp_oled_Init                            0x080015a9   Thumb Code   262  bsp_oled.o(i.bsp_oled_Init)
    bsp_oled_Refresh                         0x080016b5   Thumb Code    70  bsp_oled.o(i.bsp_oled_Refresh)
    bsp_oled_SetPos                          0x08001701   Thumb Code    46  bsp_oled.o(i.bsp_oled_SetPos)
    bsp_rcc_GPIOClockCmd                     0x0800179d   Thumb Code    20  bsp_rcc.o(i.bsp_rcc_GPIOClockCmd)
    bsp_rcc_GetGPIORCC                       0x080017b1   Thumb Code    94  bsp_rcc.o(i.bsp_rcc_GetGPIORCC)
    bsp_tim_Init                             0x08001835   Thumb Code   114  bsp_timer.o(i.bsp_tim_Init)
    button_Create                            0x080018b5   Thumb Code   116  gui_button.o(i.button_Create)
    button_setCallback                       0x080019e3   Thumb Code    36  gui_button.o(i.button_setCallback)
    font_getBytesPerChar                     0x08001a09   Thumb Code    36  gui_font.o(i.font_getBytesPerChar)
    font_getFontData                         0x08001a39   Thumb Code    42  gui_font.o(i.font_getFontData)
    font_getXSize                            0x08001a71   Thumb Code    36  gui_font.o(i.font_getXSize)
    font_getYSize                            0x08001aa1   Thumb Code    36  gui_font.o(i.font_getYSize)
    gui_Init                                 0x08001ad1   Thumb Code    42  gui_core.o(i.gui_Init)
    gui_Refresh                              0x08001b01   Thumb Code     8  gui_drv.o(i.gui_Refresh)
    gui_deviceInit                           0x08001b09   Thumb Code    12  gui_drv.o(i.gui_deviceInit)
    gui_dispChar                             0x08001b15   Thumb Code   192  gui_text.o(i.gui_dispChar)
    gui_dispString                           0x08001bd9   Thumb Code    94  gui_text.o(i.gui_dispString)
    gui_drawHLine                            0x08001c3d   Thumb Code    52  gui_basic.o(i.gui_drawHLine)
    gui_drawPoint                            0x08001c71   Thumb Code    70  gui_drv.o(i.gui_drawPoint)
    gui_drawRectangle                        0x08001cbd   Thumb Code    68  gui_basic.o(i.gui_drawRectangle)
    gui_drawVLine                            0x08001d01   Thumb Code    50  gui_basic.o(i.gui_drawVLine)
    gui_excute                               0x08001d33   Thumb Code    12  gui_core.o(i.gui_excute)
    gui_fillRectangle                        0x08001d3f   Thumb Code   104  gui_basic.o(i.gui_fillRectangle)
    gui_getStringLen                         0x08001da7   Thumb Code    20  gui_text.o(i.gui_getStringLen)
    gui_gotoXY                               0x08001dbd   Thumb Code     8  gui_core.o(i.gui_gotoXY)
    gui_keyInput                             0x08001dc9   Thumb Code    80  gui_drv.o(i.gui_keyInput)
    main                                     0x08001e1d   Thumb Code    44  main.o(i.main)
    msg_inputKey                             0x08001e5d   Thumb Code    96  gui_msg.o(i.msg_inputKey)
    msg_process                              0x08001ec9   Thumb Code   108  gui_msg.o(i.msg_process)
    msg_sendMsgNoData                        0x08001f41   Thumb Code    52  gui_msg.o(i.msg_sendMsgNoData)
    powerManger_Init                         0x08001f7d   Thumb Code   116  powermanger.o(i.powerManger_Init)
    power_Enabled                            0x08001ff9   Thumb Code    46  powermanger.o(i.power_Enabled)
    pvPortMalloc                             0x08002a1d   Thumb Code   198  heap_4.o(i.pvPortMalloc)
    pvTaskIncrementMutexHeldCount            0x08002af9   Thumb Code    26  tasks.o(i.pvTaskIncrementMutexHeldCount)
    pxPortInitialiseStack                    0x08002b19   Thumb Code    38  port.o(i.pxPortInitialiseStack)
    task_LEDTask                             0x08002b45   Thumb Code    48  app_led.o(i.task_LEDTask)
    task_StartTask                           0x08002b75   Thumb Code    62  main.o(i.task_StartTask)
    task_displayTask                         0x08002bdd   Thumb Code   142  display.o(i.task_displayTask)
    uxListRemove                             0x08002c89   Thumb Code    40  list.o(i.uxListRemove)
    vApplicationMallocFailedHook             0x08002cb1   Thumb Code    22  bsp.o(i.vApplicationMallocFailedHook)
    vListInitialise                          0x08002cc7   Thumb Code    26  list.o(i.vListInitialise)
    vListInitialiseItem                      0x08002ce1   Thumb Code     6  list.o(i.vListInitialiseItem)
    vListInsert                              0x08002ce7   Thumb Code    52  list.o(i.vListInsert)
    vListInsertEnd                           0x08002d1b   Thumb Code    24  list.o(i.vListInsertEnd)
    vPortEnterCritical                       0x08002d35   Thumb Code    30  port.o(i.vPortEnterCritical)
    vPortExitCritical                        0x08002d59   Thumb Code    28  port.o(i.vPortExitCritical)
    vPortFree                                0x08002d79   Thumb Code    64  heap_4.o(i.vPortFree)
    vPortSetupTimerInterrupt                 0x08002dc1   Thumb Code    14  port.o(i.vPortSetupTimerInterrupt)
    vQueueAddToRegistry                      0x08002dd5   Thumb Code    38  queue.o(i.vQueueAddToRegistry)
    vQueueWaitForMessageRestricted           0x08002e01   Thumb Code    74  queue.o(i.vQueueWaitForMessageRestricted)
    vTaskDelay                               0x08002e4d   Thumb Code    46  tasks.o(i.vTaskDelay)
    vTaskDelayUntil                          0x08002e81   Thumb Code   106  tasks.o(i.vTaskDelayUntil)
    vTaskDelete                              0x08002ef5   Thumb Code   166  tasks.o(i.vTaskDelete)
    vTaskMissedYield                         0x08002fc1   Thumb Code     8  tasks.o(i.vTaskMissedYield)
    vTaskPlaceOnEventList                    0x08002fcd   Thumb Code    28  tasks.o(i.vTaskPlaceOnEventList)
    vTaskPlaceOnEventListRestricted          0x08002fed   Thumb Code    36  tasks.o(i.vTaskPlaceOnEventListRestricted)
    vTaskPriorityInherit                     0x08003015   Thumb Code   164  tasks.o(i.vTaskPriorityInherit)
    vTaskSetTimeOutState                     0x080030c5   Thumb Code    14  tasks.o(i.vTaskSetTimeOutState)
    vTaskStartScheduler                      0x080030dd   Thumb Code    82  tasks.o(i.vTaskStartScheduler)
    vTaskSuspendAll                          0x0800314d   Thumb Code    12  tasks.o(i.vTaskSuspendAll)
    vTaskSwitchContext                       0x0800315d   Thumb Code    76  tasks.o(i.vTaskSwitchContext)
    widget_Create                            0x080031bd   Thumb Code   140  gui_widget.o(i.widget_Create)
    widget_Delete                            0x08003249   Thumb Code    96  gui_widget.o(i.widget_Delete)
    widget_getWidget                         0x080032a9   Thumb Code    74  gui_widget.o(i.widget_getWidget)
    window_Create                            0x080032f5   Thumb Code   106  gui_window.o(i.window_Create)
    wm_Create                                0x0800338d   Thumb Code   108  gui_wm.o(i.wm_Create)
    wm_Init                                  0x08003401   Thumb Code    24  gui_wm.o(i.wm_Init)
    wm_defaultProc                           0x0800345d   Thumb Code    94  gui_wm.o(i.wm_defaultProc)
    wm_getWindowObject                       0x080034bd   Thumb Code    44  gui_wm.o(i.wm_getWindowObject)
    xPortStartScheduler                      0x080034ed   Thumb Code    58  port.o(i.xPortStartScheduler)
    xPortSysTickHandler                      0x08003535   Thumb Code    46  port.o(i.xPortSysTickHandler)
    xQueueGenericCreate                      0x08003569   Thumb Code    56  queue.o(i.xQueueGenericCreate)
    xQueueGenericReceive                     0x080035a1   Thumb Code   342  queue.o(i.xQueueGenericReceive)
    xQueueGenericReset                       0x080036fd   Thumb Code   122  queue.o(i.xQueueGenericReset)
    xQueueGenericSend                        0x0800377d   Thumb Code   308  queue.o(i.xQueueGenericSend)
    xQueueGenericSendFromISR                 0x080038b5   Thumb Code   156  queue.o(i.xQueueGenericSendFromISR)
    xTaskCheckForTimeOut                     0x08003951   Thumb Code    84  tasks.o(i.xTaskCheckForTimeOut)
    xTaskCreate                              0x080039ad   Thumb Code    96  tasks.o(i.xTaskCreate)
    xTaskGetSchedulerState                   0x08003a0d   Thumb Code    24  tasks.o(i.xTaskGetSchedulerState)
    xTaskGetTickCount                        0x08003a2d   Thumb Code     6  tasks.o(i.xTaskGetTickCount)
    xTaskIncrementTick                       0x08003a39   Thumb Code   238  tasks.o(i.xTaskIncrementTick)
    xTaskPriorityDisinherit                  0x08003b55   Thumb Code   122  tasks.o(i.xTaskPriorityDisinherit)
    xTaskRemoveFromEventList                 0x08003bd9   Thumb Code   104  tasks.o(i.xTaskRemoveFromEventList)
    xTaskResumeAll                           0x08003c59   Thumb Code   196  tasks.o(i.xTaskResumeAll)
    xTimerCreateTimerTask                    0x08003d41   Thumb Code    40  timers.o(i.xTimerCreateTimerTask)
    xTimerGenericCommand                     0x08003d7d   Thumb Code   104  timers.o(i.xTimerGenericCommand)
    MEM_TABLE_SIZE                           0x08003de8   Data           4  bsp_malloc.o(.constdata)
    MEM_BLOCK_SIZE                           0x08003dec   Data           4  bsp_malloc.o(.constdata)
    MEM_SIZE                                 0x08003df0   Data           4  bsp_malloc.o(.constdata)
    ASCII_6X8                                0x08003df4   Data         570  gui_font.o(.constdata)
    ASCII_6X12                               0x0800402e   Data        1140  gui_font.o(.constdata)
    ASCII_12X24                              0x080044a2   Data        3744  gui_font.o(.constdata)
    Region$$Table$$Base                      0x0800535c   Number         0  anon$$obj.o(Region$$Table)
    Region$$Table$$Limit                     0x0800537c   Number         0  anon$$obj.o(Region$$Table)
    startTaskHandle                          0x20000000   Data           4  main.o(.data)
    SystemCoreClock                          0x20000004   Data           4  system_stm32f4xx.o(.data)
    AHBPrescTable                            0x20000008   Data          16  system_stm32f4xx.o(.data)
    malloc_dev                               0x2000001c   Data          20  bsp_malloc.o(.data)
    pxCurrentTCB                             0x20000034   Data           4  tasks.o(.data)
    hDesk                                    0x200000a8   Data           2  gui_wm.o(.data)
    WM_Desktop                               0x200000ac   Data           4  gui_wm.o(.data)
    SoftTimer                                0x200000b4   Data         160  bsp_timer.o(.bss)
    MEM_SRAMIN                               0x200007b0   Data       16384  bsp_malloc.o(.bss)
    MAP_SRAMIN                               0x200047b0   Data        1024  bsp_malloc.o(.bss)
    xQueueRegistry                           0x20004bb0   Data          80  queue.o(.bss)
    GUI_Context                              0x2000c70c   Data          18  gui_core.o(.bss)
    __initial_sp                             0x2000cc60   Data           0  startup_stm32f40_41xxx.o(STACK)



==============================================================================

Memory Map of the image

  Image Entry point : 0x08000189

  Load Region LR_IROM1 (Base: 0x08000000, Size: 0x00005430, Max: 0x00040000, ABSOLUTE)

    Execution Region ER_IROM1 (Base: 0x08000000, Size: 0x0000537c, Max: 0x00040000, ABSOLUTE)

    Base Addr    Size         Type   Attr      Idx    E Section Name        Object

    0x08000000   0x00000188   Data   RO          363    RESET               startup_stm32f40_41xxx.o
    0x08000188   0x00000000   Code   RO         5545  * .ARM.Collect$$$$00000000  mc_w.l(entry.o)
    0x08000188   0x00000004   Code   RO         5893    .ARM.Collect$$$$00000001  mc_w.l(entry2.o)
    0x0800018c   0x00000004   Code   RO         5896    .ARM.Collect$$$$00000004  mc_w.l(entry5.o)
    0x08000190   0x00000000   Code   RO         5898    .ARM.Collect$$$$00000008  mc_w.l(entry7b.o)
    0x08000190   0x00000000   Code   RO         5900    .ARM.Collect$$$$0000000A  mc_w.l(entry8b.o)
    0x08000190   0x00000008   Code   RO         5901    .ARM.Collect$$$$0000000B  mc_w.l(entry9a.o)
    0x08000198   0x00000000   Code   RO         5903    .ARM.Collect$$$$0000000D  mc_w.l(entry10a.o)
    0x08000198   0x00000000   Code   RO         5905    .ARM.Collect$$$$0000000F  mc_w.l(entry11a.o)
    0x08000198   0x00000004   Code   RO         5894    .ARM.Collect$$$$00002712  mc_w.l(entry2.o)
    0x0800019c   0x000000b6   Code   RO         4744    .emb_text           port.o
    0x08000252   0x00000002   PAD
    0x08000254   0x00000024   Code   RO          364    .text               startup_stm32f40_41xxx.o
    0x08000278   0x00000024   Code   RO         5548    .text               mc_w.l(memcpya.o)
    0x0800029c   0x00000024   Code   RO         5550    .text               mc_w.l(memseta.o)
    0x080002c0   0x00000024   Code   RO         5940    .text               mc_w.l(init.o)
    0x080002e4   0x00000004   Code   RO          253    i.BusFault_Handler  stm32f4xx_it.o
    0x080002e8   0x00000002   Code   RO          254    i.DebugMon_Handler  stm32f4xx_it.o
    0x080002ea   0x0000000c   Code   RO         3776    i.EXTI0_IRQHandler  powermanger.o
    0x080002f6   0x00000002   PAD
    0x080002f8   0x0000000c   Code   RO         2025    i.EXTI_ClearITPendingBit  stm32f4xx_exti.o
    0x08000304   0x00000094   Code   RO         2030    i.EXTI_Init         stm32f4xx_exti.o
    0x08000398   0x00000090   Code   RO          495    i.GPIO_Init         stm32f4xx_gpio.o
    0x08000428   0x00000012   Code   RO          499    i.GPIO_ReadInputDataBit  stm32f4xx_gpio.o
    0x0800043a   0x00000004   Code   RO          502    i.GPIO_ResetBits    stm32f4xx_gpio.o
    0x0800043e   0x00000004   Code   RO          503    i.GPIO_SetBits      stm32f4xx_gpio.o
    0x08000442   0x00000004   Code   RO          255    i.HardFault_Handler  stm32f4xx_it.o
    0x08000446   0x00000004   Code   RO          256    i.MemManage_Handler  stm32f4xx_it.o
    0x0800044a   0x00000002   Code   RO          257    i.NMI_Handler       stm32f4xx_it.o
    0x0800044c   0x00000078   Code   RO          370    i.NVIC_Init         misc.o
    0x080004c4   0x00000014   Code   RO          371    i.NVIC_PriorityGroupConfig  misc.o
    0x080004d8   0x0000000c   Code   RO         2328    i.PWR_BackupAccessCmd  stm32f4xx_pwr.o
    0x080004e4   0x00000014   Code   RO         2330    i.PWR_ClearFlag     stm32f4xx_pwr.o
    0x080004f8   0x00000028   Code   RO         2332    i.PWR_EnterSTANDBYMode  stm32f4xx_pwr.o
    0x08000520   0x0000000c   Code   RO         2345    i.PWR_WakeUpPinCmd  stm32f4xx_pwr.o
    0x0800052c   0x00000020   Code   RO          592    i.RCC_AHB1PeriphClockCmd  stm32f4xx_rcc.o
    0x0800054c   0x00000020   Code   RO          594    i.RCC_AHB1PeriphResetCmd  stm32f4xx_rcc.o
    0x0800056c   0x00000020   Code   RO          601    i.RCC_APB1PeriphClockCmd  stm32f4xx_rcc.o
    0x0800058c   0x00000020   Code   RO          604    i.RCC_APB2PeriphClockCmd  stm32f4xx_rcc.o
    0x080005ac   0x00000020   Code   RO         2459    i.RTC_ClearITPendingBit  stm32f4xx_rtc.o
    0x080005cc   0x00000064   Code   RO         2478    i.RTC_ITConfig      stm32f4xx_rtc.o
    0x08000630   0x00000040   Code   RO          929    i.SYSCFG_EXTILineConfig  stm32f4xx_syscfg.o
    0x08000670   0x000000e8   Code   RO          326    i.SetSysClock       system_stm32f4xx.o
    0x08000758   0x00000010   Code   RO         3262    i.SysTick_Handler   bsp_timer.o
    0x08000768   0x00000068   Code   RO          328    i.SystemInit        system_stm32f4xx.o
    0x080007d0   0x00000004   Code   RO          258    i.UsageFault_Handler  stm32f4xx_it.o
    0x080007d4   0x0000000e   Code   RO         5948    i.__scatterload_copy  mc_w.l(handlers.o)
    0x080007e2   0x00000002   Code   RO         5949    i.__scatterload_null  mc_w.l(handlers.o)
    0x080007e4   0x0000000e   Code   RO         5950    i.__scatterload_zeroinit  mc_w.l(handlers.o)
    0x080007f2   0x0000000c   Code   RO         5332    i._delete           gui_button.o
    0x080007fe   0x00000022   Code   RO         5333    i._getButtonObj     gui_button.o
    0x08000820   0x00000022   Code   RO         5454    i._getObj           gui_window.o
    0x08000842   0x00000002   PAD
    0x08000844   0x000001b8   Code   RO         5334    i._onPaint          gui_button.o
    0x080009fc   0x000000a0   Code   RO         5455    i._onPaint          gui_window.o
    0x08000a9c   0x00000070   Code   RO         3622    i.bsp_Free_IN       bsp_malloc.o
    0x08000b0c   0x0000001c   Code   RO         3123    i.bsp_Init          bsp.o
    0x08000b28   0x000000a8   Code   RO         3623    i.bsp_Malloc_IN     bsp_malloc.o
    0x08000bd0   0x000000a4   Code   RO         3417    i.bsp_key_AddKey    bsp_key.o
    0x08000c74   0x000000cc   Code   RO         3419    i.bsp_key_Detect    bsp_key.o
    0x08000d40   0x00000044   Code   RO         3420    i.bsp_key_GetKey    bsp_key.o
    0x08000d84   0x0000005c   Code   RO         3422    i.bsp_key_Init      bsp_key.o
    0x08000de0   0x00000048   Code   RO         3423    i.bsp_key_IsPress   bsp_key.o
    0x08000e28   0x00000024   Code   RO         3424    i.bsp_key_PutKey    bsp_key.o
    0x08000e4c   0x00000020   Code   RO         3425    i.bsp_key_Scan      bsp_key.o
    0x08000e6c   0x000000c8   Code   RO         3347    i.bsp_led_AddLED    bsp_led.o
    0x08000f34   0x00000024   Code   RO         3349    i.bsp_led_Init      bsp_led.o
    0x08000f58   0x000000b8   Code   RO         3350    i.bsp_led_OFF       bsp_led.o
    0x08001010   0x000000b8   Code   RO         3351    i.bsp_led_ON        bsp_led.o
    0x080010c8   0x00000108   Code   RO         3352    i.bsp_led_StartFlash  bsp_led.o
    0x080011d0   0x00000170   Code   RO         3354    i.bsp_led_Thread    bsp_led.o
    0x08001340   0x00000084   Code   RO         3355    i.bsp_led_Toggle    bsp_led.o
    0x080013c4   0x0000002c   Code   RO         3624    i.bsp_mem_Alloc     bsp_malloc.o
    0x080013f0   0x00000024   Code   RO         3626    i.bsp_mem_Free      bsp_malloc.o
    0x08001414   0x00000040   Code   RO         3627    i.bsp_mem_GetUsed   bsp_malloc.o
    0x08001454   0x00000034   Code   RO         3628    i.bsp_mem_Init      bsp_malloc.o
    0x08001488   0x00000014   Code   RO         3630    i.bsp_mem_Set       bsp_malloc.o
    0x0800149c   0x00000030   Code   RO         3493    i.bsp_oled_Clear    bsp_oled.o
    0x080014cc   0x00000068   Code   RO         3495    i.bsp_oled_DrawPoint  bsp_oled.o
    0x08001534   0x00000074   Code   RO         3497    i.bsp_oled_GPIOInit  bsp_oled.o
    0x080015a8   0x0000010c   Code   RO         3498    i.bsp_oled_Init     bsp_oled.o
    0x080016b4   0x0000004c   Code   RO         3500    i.bsp_oled_Refresh  bsp_oled.o
    0x08001700   0x0000002e   Code   RO         3503    i.bsp_oled_SetPos   bsp_oled.o
    0x0800172e   0x00000002   PAD
    0x08001730   0x0000006c   Code   RO         3508    i.bsp_oled_WriteByte  bsp_oled.o
    0x0800179c   0x00000014   Code   RO         3187    i.bsp_rcc_GPIOClockCmd  bsp_rcc.o
    0x080017b0   0x00000084   Code   RO         3189    i.bsp_rcc_GetGPIORCC  bsp_rcc.o
    0x08001834   0x00000080   Code   RO         3269    i.bsp_tim_Init      bsp_timer.o
    0x080018b4   0x00000078   Code   RO         5335    i.button_Create     gui_button.o
    0x0800192c   0x00000022   Code   RO         3820    i.button_cb         display.o
    0x0800194e   0x00000094   Code   RO         5338    i.button_defaultProc  gui_button.o
    0x080019e2   0x00000024   Code   RO         5342    i.button_setCallback  gui_button.o
    0x08001a06   0x00000002   PAD
    0x08001a08   0x00000030   Code   RO         5131    i.font_getBytesPerChar  gui_font.o
    0x08001a38   0x00000038   Code   RO         5132    i.font_getFontData  gui_font.o
    0x08001a70   0x00000030   Code   RO         5133    i.font_getXSize     gui_font.o
    0x08001aa0   0x00000030   Code   RO         5134    i.font_getYSize     gui_font.o
    0x08001ad0   0x00000030   Code   RO         5029    i.gui_Init          gui_core.o
    0x08001b00   0x00000008   Code   RO         5073    i.gui_Refresh       gui_drv.o
    0x08001b08   0x0000000c   Code   RO         5075    i.gui_deviceInit    gui_drv.o
    0x08001b14   0x000000c4   Code   RO         5164    i.gui_dispChar      gui_text.o
    0x08001bd8   0x00000064   Code   RO         5166    i.gui_dispString    gui_text.o
    0x08001c3c   0x00000034   Code   RO         4910    i.gui_drawHLine     gui_basic.o
    0x08001c70   0x0000004c   Code   RO         5076    i.gui_drawPoint     gui_drv.o
    0x08001cbc   0x00000044   Code   RO         4917    i.gui_drawRectangle  gui_basic.o
    0x08001d00   0x00000032   Code   RO         4920    i.gui_drawVLine     gui_basic.o
    0x08001d32   0x0000000c   Code   RO         5032    i.gui_excute        gui_core.o
    0x08001d3e   0x00000068   Code   RO         4923    i.gui_fillRectangle  gui_basic.o
    0x08001da6   0x00000014   Code   RO         5168    i.gui_getStringLen  gui_text.o
    0x08001dba   0x00000002   PAD
    0x08001dbc   0x0000000c   Code   RO         5033    i.gui_gotoXY        gui_core.o
    0x08001dc8   0x00000054   Code   RO         5078    i.gui_keyInput      gui_drv.o
    0x08001e1c   0x00000040   Code   RO            3    i.main              main.o
    0x08001e5c   0x0000006c   Code   RO         5286    i.msg_inputKey      gui_msg.o
    0x08001ec8   0x00000078   Code   RO         5288    i.msg_process       gui_msg.o
    0x08001f40   0x0000003c   Code   RO         5290    i.msg_sendMsgNoData  gui_msg.o
    0x08001f7c   0x0000007c   Code   RO         3777    i.powerManger_Init  powermanger.o
    0x08001ff8   0x00000038   Code   RO         3778    i.power_Enabled     powermanger.o
    0x08002030   0x00000042   Code   RO         3779    i.power_enterStandby  powermanger.o
    0x08002072   0x00000002   PAD
    0x08002074   0x00000080   Code   RO         3780    i.power_initPwrCtr  powermanger.o
    0x080020f4   0x00000098   Code   RO         4171    i.prvAddCurrentTaskToDelayedList  tasks.o
    0x0800218c   0x000000b8   Code   RO         4172    i.prvAddNewTaskToReadyList  tasks.o
    0x08002244   0x00000064   Code   RO         4562    i.prvCheckForValidListAndQueue  timers.o
    0x080022a8   0x00000064   Code   RO         4173    i.prvCheckTasksWaitingTermination  tasks.o
    0x0800230c   0x0000002a   Code   RO         3923    i.prvCopyDataFromQueue  queue.o
    0x08002336   0x0000007c   Code   RO         3924    i.prvCopyDataToQueue  queue.o
    0x080023b2   0x00000012   Code   RO         4174    i.prvDeleteTCB      tasks.o
    0x080023c4   0x00000028   Code   RO         4563    i.prvGetNextExpireTime  timers.o
    0x080023ec   0x0000007c   Code   RO         4695    i.prvHeapInit       heap_4.o
    0x08002468   0x00000008   Code   RO         4175    i.prvIdleTask       tasks.o
    0x08002470   0x0000002e   Code   RO         3926    i.prvInitialiseNewQueue  queue.o
    0x0800249e   0x00000092   Code   RO         4176    i.prvInitialiseNewTask  tasks.o
    0x08002530   0x00000068   Code   RO         4177    i.prvInitialiseTaskLists  tasks.o
    0x08002598   0x00000068   Code   RO         4696    i.prvInsertBlockIntoFreeList  heap_4.o
    0x08002600   0x00000058   Code   RO         4565    i.prvInsertTimerInActiveList  timers.o
    0x08002658   0x0000001a   Code   RO         3927    i.prvIsQueueEmpty   queue.o
    0x08002672   0x0000001e   Code   RO         3928    i.prvIsQueueFull    queue.o
    0x08002690   0x00000052   Code   RO         3929    i.prvNotifyQueueSetContainer  queue.o
    0x080026e2   0x00000002   PAD
    0x080026e4   0x0000004c   Code   RO         4566    i.prvProcessExpiredTimer  timers.o
    0x08002730   0x000000d0   Code   RO         4567    i.prvProcessReceivedCommands  timers.o
    0x08002800   0x00000074   Code   RO         4568    i.prvProcessTimerOrBlockTask  timers.o
    0x08002874   0x00000034   Code   RO         4179    i.prvResetNextTaskUnblockTime  tasks.o
    0x080028a8   0x0000002c   Code   RO         4569    i.prvSampleTimeNow  timers.o
    0x080028d4   0x00000084   Code   RO         4570    i.prvSwitchTimerLists  timers.o
    0x08002958   0x00000016   Code   RO         4745    i.prvTaskExitError  port.o
    0x0800296e   0x0000001a   Code   RO         4571    i.prvTimerTask      timers.o
    0x08002988   0x00000092   Code   RO         3930    i.prvUnlockQueue    queue.o
    0x08002a1a   0x00000002   PAD
    0x08002a1c   0x000000dc   Code   RO         4697    i.pvPortMalloc      heap_4.o
    0x08002af8   0x00000020   Code   RO         4183    i.pvTaskIncrementMutexHeldCount  tasks.o
    0x08002b18   0x0000002c   Code   RO         4746    i.pxPortInitialiseStack  port.o
    0x08002b44   0x00000030   Code   RO         3698    i.task_LEDTask      app_led.o
    0x08002b74   0x00000068   Code   RO            4    i.task_StartTask    main.o
    0x08002bdc   0x000000ac   Code   RO         3823    i.task_displayTask  display.o
    0x08002c88   0x00000028   Code   RO         3856    i.uxListRemove      list.o
    0x08002cb0   0x00000016   Code   RO         3125    i.vApplicationMallocFailedHook  bsp.o
    0x08002cc6   0x0000001a   Code   RO         3857    i.vListInitialise   list.o
    0x08002ce0   0x00000006   Code   RO         3858    i.vListInitialiseItem  list.o
    0x08002ce6   0x00000034   Code   RO         3859    i.vListInsert       list.o
    0x08002d1a   0x00000018   Code   RO         3860    i.vListInsertEnd    list.o
    0x08002d32   0x00000002   PAD
    0x08002d34   0x00000024   Code   RO         4748    i.vPortEnterCritical  port.o
    0x08002d58   0x00000020   Code   RO         4749    i.vPortExitCritical  port.o
    0x08002d78   0x00000048   Code   RO         4698    i.vPortFree         heap_4.o
    0x08002dc0   0x00000014   Code   RO         4750    i.vPortSetupTimerInterrupt  port.o
    0x08002dd4   0x0000002c   Code   RO         3936    i.vQueueAddToRegistry  queue.o
    0x08002e00   0x0000004a   Code   RO         3940    i.vQueueWaitForMessageRestricted  queue.o
    0x08002e4a   0x00000002   PAD
    0x08002e4c   0x00000034   Code   RO         4192    i.vTaskDelay        tasks.o
    0x08002e80   0x00000074   Code   RO         4193    i.vTaskDelayUntil   tasks.o
    0x08002ef4   0x000000cc   Code   RO         4194    i.vTaskDelete       tasks.o
    0x08002fc0   0x0000000c   Code   RO         4198    i.vTaskMissedYield  tasks.o
    0x08002fcc   0x00000020   Code   RO         4200    i.vTaskPlaceOnEventList  tasks.o
    0x08002fec   0x00000028   Code   RO         4201    i.vTaskPlaceOnEventListRestricted  tasks.o
    0x08003014   0x000000b0   Code   RO         4203    i.vTaskPriorityInherit  tasks.o
    0x080030c4   0x00000018   Code   RO         4208    i.vTaskSetTimeOutState  tasks.o
    0x080030dc   0x00000070   Code   RO         4209    i.vTaskStartScheduler  tasks.o
    0x0800314c   0x00000010   Code   RO         4211    i.vTaskSuspendAll   tasks.o
    0x0800315c   0x00000060   Code   RO         4212    i.vTaskSwitchContext  tasks.o
    0x080031bc   0x0000008c   Code   RO         5256    i.widget_Create     gui_widget.o
    0x08003248   0x00000060   Code   RO         5257    i.widget_Delete     gui_widget.o
    0x080032a8   0x0000004a   Code   RO         5258    i.widget_getWidget  gui_widget.o
    0x080032f2   0x00000002   PAD
    0x080032f4   0x00000070   Code   RO         5456    i.window_Create     gui_window.o
    0x08003364   0x00000028   Code   RO         5457    i.window_defaultProc  gui_window.o
    0x0800338c   0x00000074   Code   RO         5206    i.wm_Create         gui_wm.o
    0x08003400   0x0000001c   Code   RO         5208    i.wm_Init           gui_wm.o
    0x0800341c   0x00000040   Code   RO         5209    i.wm_addWindowToList  gui_wm.o
    0x0800345c   0x0000005e   Code   RO         5210    i.wm_defaultProc    gui_wm.o
    0x080034ba   0x00000002   PAD
    0x080034bc   0x00000030   Code   RO         5211    i.wm_getWindowObject  gui_wm.o
    0x080034ec   0x00000048   Code   RO         4751    i.xPortStartScheduler  port.o
    0x08003534   0x00000034   Code   RO         4752    i.xPortSysTickHandler  port.o
    0x08003568   0x00000038   Code   RO         3945    i.xQueueGenericCreate  queue.o
    0x080035a0   0x0000015c   Code   RO         3946    i.xQueueGenericReceive  queue.o
    0x080036fc   0x00000080   Code   RO         3947    i.xQueueGenericReset  queue.o
    0x0800377c   0x00000138   Code   RO         3948    i.xQueueGenericSend  queue.o
    0x080038b4   0x0000009c   Code   RO         3949    i.xQueueGenericSendFromISR  queue.o
    0x08003950   0x0000005c   Code   RO         4214    i.xTaskCheckForTimeOut  tasks.o
    0x080039ac   0x00000060   Code   RO         4215    i.xTaskCreate       tasks.o
    0x08003a0c   0x00000020   Code   RO         4220    i.xTaskGetSchedulerState  tasks.o
    0x08003a2c   0x0000000c   Code   RO         4221    i.xTaskGetTickCount  tasks.o
    0x08003a38   0x0000011c   Code   RO         4223    i.xTaskIncrementTick  tasks.o
    0x08003b54   0x00000084   Code   RO         4226    i.xTaskPriorityDisinherit  tasks.o
    0x08003bd8   0x00000080   Code   RO         4227    i.xTaskRemoveFromEventList  tasks.o
    0x08003c58   0x000000e8   Code   RO         4229    i.xTaskResumeAll    tasks.o
    0x08003d40   0x0000003c   Code   RO         4575    i.xTimerCreateTimerTask  timers.o
    0x08003d7c   0x0000006c   Code   RO         4576    i.xTimerGenericCommand  timers.o
    0x08003de8   0x0000000c   Data   RO         3632    .constdata          bsp_malloc.o
    0x08003df4   0x00001568   Data   RO         5135    .constdata          gui_font.o
    0x0800535c   0x00000020   Data   RO         5946    Region$$Table       anon$$obj.o


    Execution Region RW_IRAM1 (Base: 0x20000000, Size: 0x0000cc60, Max: 0x00010000, ABSOLUTE)

    Base Addr    Size         Type   Attr      Idx    E Section Name        Object

    0x20000000   0x00000004   Data   RW            5    .data               main.o
    0x20000004   0x00000014   Data   RW          329    .data               system_stm32f4xx.o
    0x20000018   0x00000001   Data   RW         3357    .data               bsp_led.o
    0x20000019   0x00000002   Data   RW         3428    .data               bsp_key.o
    0x2000001b   0x00000001   PAD
    0x2000001c   0x00000014   Data   RW         3633    .data               bsp_malloc.o
    0x20000030   0x00000001   Data   RW         3781    .data               powermanger.o
    0x20000031   0x00000003   PAD
    0x20000034   0x0000003c   Data   RW         4232    .data               tasks.o
    0x20000070   0x00000014   Data   RW         4584    .data               timers.o
    0x20000084   0x00000018   Data   RW         4703    .data               heap_4.o
    0x2000009c   0x00000004   Data   RW         4753    .data               port.o
    0x200000a0   0x00000002   Data   RW         5080    .data               gui_drv.o
    0x200000a2   0x00000002   PAD
    0x200000a4   0x0000000c   Data   RW         5213    .data               gui_wm.o
    0x200000b0   0x00000002   Data   RW         5292    .data               gui_msg.o
    0x200000b2   0x00000002   PAD
    0x200000b4   0x000000a0   Zero   RW         3273    .bss                bsp_timer.o
    0x20000154   0x00000140   Zero   RW         3356    .bss                bsp_led.o
    0x20000294   0x00000118   Zero   RW         3427    .bss                bsp_key.o
    0x200003ac   0x00000400   Zero   RW         3510    .bss                bsp_oled.o
    0x200007ac   0x00000004   PAD
    0x200007b0   0x00004400   Zero   RW         3631    .bss                bsp_malloc.o
    0x20004bb0   0x00000050   Zero   RW         3960    .bss                queue.o
    0x20004c00   0x000002e4   Zero   RW         4231    .bss                tasks.o
    0x20004ee4   0x00000028   Zero   RW         4583    .bss                timers.o
    0x20004f0c   0x00007800   Zero   RW         4702    .bss                heap_4.o
    0x2000c70c   0x00000012   Zero   RW         5034    .bss                gui_core.o
    0x2000c71e   0x00000002   PAD
    0x2000c720   0x00000140   Zero   RW         5291    .bss                gui_msg.o
    0x2000c860   0x00000400   Zero   RW          361    STACK               startup_stm32f40_41xxx.o


==============================================================================

Image component sizes


      Code (inc. data)   RO Data    RW Data    ZI Data      Debug   Object Name

        48          0          0          0          0       5255   app_led.o
        50          0          0          0          0       3466   bsp.o
       668         54          0          2        280       5178   bsp_key.o
      1368         56          0          1        320       5153   bsp_led.o
       496         52         12         20      17408       6174   bsp_malloc.o
       766         40          0          0       1024       5347   bsp_oled.o
       152         38          0          0          0       1672   bsp_rcc.o
       144         14          0          0        160       1732   bsp_timer.o
       206         30          0          0          0       1579   display.o
       274          0          0          0          0       3004   gui_basic.o
       790          8          0          0          0       4661   gui_button.o
        72         10          0          0         18       1715   gui_core.o
       180         10          0          2          0       2374   gui_drv.o
       200         50       5480          0          0       3057   gui_font.o
       288         32          0          2        320       2376   gui_msg.o
       316         10          0          0          0       2367   gui_text.o
       310          0          0          0          0       2943   gui_widget.o
       346         12          0          0          0       3080   gui_window.o
       350         26          0         12          0       3883   gui_wm.o
       520         64          0         24      30720       3975   heap_4.o
       148          0          0          0          0      11842   list.o
       168         62          0          4          0     222442   main.o
       140         24          0          0          0     208847   misc.o
       460         58          0          4          0       9700   port.o
       386         22          0          1          0       3018   powermanger.o
      1614         22          0          0         80      23597   queue.o
        36          8        392          0       1024        820   startup_stm32f40_41xxx.o
       160         12          0          0          0       1501   stm32f4xx_exti.o
       170          0          0          0          0       2844   stm32f4xx_gpio.o
        20          0          0          0          0       2645   stm32f4xx_it.o
        84         26          0          0          0       2028   stm32f4xx_pwr.o
       128         24          0          0          0       2372   stm32f4xx_rcc.o
       132         10          0          0          0       1111   stm32f4xx_rtc.o
        64          4          0          0          0        656   stm32f4xx_syscfg.o
       336         32          0         20          0       1701   system_stm32f4xx.o
      2684        400          0         60        740      32705   tasks.o
       998        114          0         20         40      11659   timers.o

    ----------------------------------------------------------------------
     15298       1324       5916        180      52140     608479   Object Totals
         0          0         32          0          0          0   (incl. Generated)
        26          0          0          8          6          0   (incl. Padding)

    ----------------------------------------------------------------------

      Code (inc. data)   RO Data    RW Data    ZI Data      Debug   Library Member Name

         0          0          0          0          0          0   entry.o
         0          0          0          0          0          0   entry10a.o
         0          0          0          0          0          0   entry11a.o
         8          4          0          0          0          0   entry2.o
         4          0          0          0          0          0   entry5.o
         0          0          0          0          0          0   entry7b.o
         0          0          0          0          0          0   entry8b.o
         8          4          0          0          0          0   entry9a.o
        30          0          0          0          0          0   handlers.o
        36          8          0          0          0         68   init.o
        36          0          0          0          0         68   memcpya.o
        36          0          0          0          0        108   memseta.o

    ----------------------------------------------------------------------
       158         16          0          0          0        244   Library Totals
         0          0          0          0          0          0   (incl. Padding)

    ----------------------------------------------------------------------

      Code (inc. data)   RO Data    RW Data    ZI Data      Debug   Library Name

       158         16          0          0          0        244   mc_w.l

    ----------------------------------------------------------------------
       158         16          0          0          0        244   Library Totals

    ----------------------------------------------------------------------

==============================================================================


      Code (inc. data)   RO Data    RW Data    ZI Data      Debug   

     15456       1340       5916        180      52140     591375   Grand Totals
     15456       1340       5916        180      52140     591375   ELF Image Totals
     15456       1340       5916        180          0          0   ROM Totals

==============================================================================

    Total RO  Size (Code + RO Data)                21372 (  20.87kB)
    Total RW  Size (RW Data + ZI Data)             52320 (  51.09kB)
    Total ROM Size (Code + RO Data + RW Data)      21552 (  21.05kB)

==============================================================================

