Component: ARM Compiler 5.06 update 3 (build 300) Tool: armlink [4d35c9]

==============================================================================

Section Cross References

    main.o(i.main) refers to powermanger.o(i.powerManger_Init) for powerManger_Init
    main.o(i.main) refers to powermanger.o(i.power_Enabled) for power_Enabled
    main.o(i.main) refers to bsp.o(i.bsp_Init) for bsp_Init
    main.o(i.main) refers to tasks.o(i.xTaskCreate) for xTaskCreate
    main.o(i.main) refers to tasks.o(i.vTaskStartScheduler) for vTaskStartScheduler
    main.o(i.main) refers to main.o(.data) for startTaskHandle
    main.o(i.main) refers to main.o(i.task_StartTask) for task_StartTask
    main.o(i.task_StartTask) refers to port.o(i.vPortEnterCritical) for vPortEnterCritical
    main.o(i.task_StartTask) refers to bsp_led.o(i.bsp_led_StartFlash) for bsp_led_StartFlash
    main.o(i.task_StartTask) refers to tasks.o(i.xTaskCreate) for xTaskCreate
    main.o(i.task_StartTask) refers to tasks.o(i.vTaskDelete) for vTaskDelete
    main.o(i.task_StartTask) refers to port.o(i.vPortExitCritical) for vPortExitCritical
    main.o(i.task_StartTask) refers to app_led.o(i.task_LEDTask) for task_LEDTask
    main.o(i.task_StartTask) refers to display.o(i.task_displayTask) for task_displayTask
    main.o(i.task_StartTask) refers to main.o(.data) for startTaskHandle
    system_stm32f4xx.o(i.SystemCoreClockUpdate) refers to system_stm32f4xx.o(.data) for SystemCoreClock
    system_stm32f4xx.o(i.SystemInit) refers to system_stm32f4xx.o(i.SetSysClock) for SetSysClock
    startup_stm32f40_41xxx.o(RESET) refers to startup_stm32f40_41xxx.o(STACK) for __initial_sp
    startup_stm32f40_41xxx.o(RESET) refers to startup_stm32f40_41xxx.o(.text) for Reset_Handler
    startup_stm32f40_41xxx.o(RESET) refers to stm32f4xx_it.o(i.NMI_Handler) for NMI_Handler
    startup_stm32f40_41xxx.o(RESET) refers to stm32f4xx_it.o(i.HardFault_Handler) for HardFault_Handler
    startup_stm32f40_41xxx.o(RESET) refers to stm32f4xx_it.o(i.MemManage_Handler) for MemManage_Handler
    startup_stm32f40_41xxx.o(RESET) refers to stm32f4xx_it.o(i.BusFault_Handler) for BusFault_Handler
    startup_stm32f40_41xxx.o(RESET) refers to stm32f4xx_it.o(i.UsageFault_Handler) for UsageFault_Handler
    startup_stm32f40_41xxx.o(RESET) refers to port.o(.emb_text) for SVC_Handler
    startup_stm32f40_41xxx.o(RESET) refers to stm32f4xx_it.o(i.DebugMon_Handler) for DebugMon_Handler
    startup_stm32f40_41xxx.o(RESET) refers to bsp_timer.o(i.SysTick_Handler) for SysTick_Handler
    startup_stm32f40_41xxx.o(.text) refers to system_stm32f4xx.o(i.SystemInit) for SystemInit
    startup_stm32f40_41xxx.o(.text) refers to entry.o(.ARM.Collect$$$$00000000) for __main
    stm32f4xx_gpio.o(i.GPIO_DeInit) refers to stm32f4xx_rcc.o(i.RCC_AHB1PeriphResetCmd) for RCC_AHB1PeriphResetCmd
    stm32f4xx_rcc.o(i.RCC_GetClocksFreq) refers to stm32f4xx_rcc.o(.data) for APBAHBPrescTable
    stm32f4xx_rcc.o(i.RCC_WaitForHSEStartUp) refers to stm32f4xx_rcc.o(i.RCC_GetFlagStatus) for RCC_GetFlagStatus
    stm32f4xx_syscfg.o(i.SYSCFG_DeInit) refers to stm32f4xx_rcc.o(i.RCC_APB2PeriphResetCmd) for RCC_APB2PeriphResetCmd
    stm32f4xx_usart.o(i.USART_DeInit) refers to stm32f4xx_rcc.o(i.RCC_APB2PeriphResetCmd) for RCC_APB2PeriphResetCmd
    stm32f4xx_usart.o(i.USART_DeInit) refers to stm32f4xx_rcc.o(i.RCC_APB1PeriphResetCmd) for RCC_APB1PeriphResetCmd
    stm32f4xx_usart.o(i.USART_Init) refers to stm32f4xx_rcc.o(i.RCC_GetClocksFreq) for RCC_GetClocksFreq
    stm32f4xx_spi.o(i.SPI_I2S_DeInit) refers to stm32f4xx_rcc.o(i.RCC_APB2PeriphResetCmd) for RCC_APB2PeriphResetCmd
    stm32f4xx_spi.o(i.SPI_I2S_DeInit) refers to stm32f4xx_rcc.o(i.RCC_APB1PeriphResetCmd) for RCC_APB1PeriphResetCmd
    stm32f4xx_tim.o(i.TIM_DeInit) refers to stm32f4xx_rcc.o(i.RCC_APB2PeriphResetCmd) for RCC_APB2PeriphResetCmd
    stm32f4xx_tim.o(i.TIM_DeInit) refers to stm32f4xx_rcc.o(i.RCC_APB1PeriphResetCmd) for RCC_APB1PeriphResetCmd
    stm32f4xx_tim.o(i.TIM_ETRClockMode1Config) refers to stm32f4xx_tim.o(i.TIM_ETRConfig) for TIM_ETRConfig
    stm32f4xx_tim.o(i.TIM_ETRClockMode2Config) refers to stm32f4xx_tim.o(i.TIM_ETRConfig) for TIM_ETRConfig
    stm32f4xx_tim.o(i.TIM_ICInit) refers to stm32f4xx_tim.o(i.TI1_Config) for TI1_Config
    stm32f4xx_tim.o(i.TIM_ICInit) refers to stm32f4xx_tim.o(i.TIM_SetIC1Prescaler) for TIM_SetIC1Prescaler
    stm32f4xx_tim.o(i.TIM_ICInit) refers to stm32f4xx_tim.o(i.TI2_Config) for TI2_Config
    stm32f4xx_tim.o(i.TIM_ICInit) refers to stm32f4xx_tim.o(i.TIM_SetIC2Prescaler) for TIM_SetIC2Prescaler
    stm32f4xx_tim.o(i.TIM_ICInit) refers to stm32f4xx_tim.o(i.TI3_Config) for TI3_Config
    stm32f4xx_tim.o(i.TIM_ICInit) refers to stm32f4xx_tim.o(i.TIM_SetIC3Prescaler) for TIM_SetIC3Prescaler
    stm32f4xx_tim.o(i.TIM_ICInit) refers to stm32f4xx_tim.o(i.TI4_Config) for TI4_Config
    stm32f4xx_tim.o(i.TIM_ICInit) refers to stm32f4xx_tim.o(i.TIM_SetIC4Prescaler) for TIM_SetIC4Prescaler
[...]
    ../clib/microlib/string/strcpy.c         0x00000000   Number         0  strcpy.o ABSOLUTE
    ../clib/microlib/string/strlen.c         0x00000000   Number         0  strlen.o ABSOLUTE
    ../clib/microlib/stubs.s                 0x00000000   Number         0  iusefp.o ABSOLUTE
    ../clib/microlib/stubs.s                 0x00000000   Number         0  iusesemip.o ABSOLUTE
    ../fplib/microlib/d2f.c                  0x00000000   Number         0  d2f.o ABSOLUTE
    ../fplib/microlib/f2d.c                  0x00000000   Number         0  f2d.o ABSOLUTE
    ../fplib/microlib/fpadd.c                0x00000000   Number         0  dadd.o ABSOLUTE
    ../fplib/microlib/fpdiv.c                0x00000000   Number         0  ddiv.o ABSOLUTE
    ../fplib/microlib/fpepilogue.c           0x00000000   Number         0  fepilogue.o ABSOLUTE
    ../fplib/microlib/fpepilogue.c           0x00000000   Number         0  depilogue.o ABSOLUTE
    ../fplib/microlib/fpfix.c                0x00000000   Number         0  dfixul.o ABSOLUTE
    ../fplib/microlib/fpfix.c                0x00000000   Number         0  dfixi.o ABSOLUTE
    ../fplib/microlib/fpflt.c                0x00000000   Number         0  dflti.o ABSOLUTE
    ../fplib/microlib/fpmul.c                0x00000000   Number         0  dmul.o ABSOLUTE
    ../fplib/microlib/fpneg.c                0x00000000   Number         0  dneg.o ABSOLUTE
    ../fplib/microlib/fpscalb.c              0x00000000   Number         0  dscalb.o ABSOLUTE
    ../fplib/microlib/fpsqrt.c               0x00000000   Number         0  dsqrt.o ABSOLUTE
    ../mathlib/cosf.c                        0x00000000   Number         0  cosf.o ABSOLUTE
    ../mathlib/cosf.c                        0x00000000   Number         0  cosf_x.o ABSOLUTE
    ../mathlib/dunder.c                      0x00000000   Number         0  dunder.o ABSOLUTE
    ../mathlib/exp.c                         0x00000000   Number         0  exp_x.o ABSOLUTE
    ../mathlib/exp.c                         0x00000000   Number         0  exp.o ABSOLUTE
    ../mathlib/fabs.c                        0x00000000   Number         0  fabs.o ABSOLUTE
    ../mathlib/fpclassify.c                  0x00000000   Number         0  fpclassify.o ABSOLUTE
    ../mathlib/fpclassifyf.c                 0x00000000   Number         0  fpclassifyf.o ABSOLUTE
    ../mathlib/funder.c                      0x00000000   Number         0  funder.o ABSOLUTE
    ../mathlib/poly.c                        0x00000000   Number         0  poly.o ABSOLUTE
    ../mathlib/pow.c                         0x00000000   Number         0  pow.o ABSOLUTE
    ../mathlib/pow.c                         0x00000000   Number         0  pow_x.o ABSOLUTE
    ../mathlib/qnan.c                        0x00000000   Number         0  qnan.o ABSOLUTE
    ../mathlib/rredf.c                       0x00000000   Number         0  rredf.o ABSOLUTE
    ../mathlib/sqrt.c                        0x00000000   Number         0  sqrt.o ABSOLUTE
    ../mathlib/sqrt.c                        0x00000000   Number         0  sqrt_x.o ABSOLUTE
    ../mathlib/tanf.c                        0x00000000   Number         0  tanf.o ABSOLUTE
    ../mathlib/tanf.c                        0x00000000   Number         0  tanf_x.o ABSOLUTE
    ..\APP\src\app_led.c                     0x00000000   Number         0  app_led.o ABSOLUTE
    ..\APP\src\display.c                     0x00000000   Number         0  display.o ABSOLUTE
    ..\APP\src\powerManger.c                 0x00000000   Number         0  powermanger.o ABSOLUTE
    ..\BSP\src\bsp.c                         0x00000000   Number         0  bsp.o ABSOLUTE
    ..\BSP\src\bsp_key.c                     0x00000000   Number         0  bsp_key.o ABSOLUTE
    ..\BSP\src\bsp_led.c                     0x00000000   Number         0  bsp_led.o ABSOLUTE
    ..\BSP\src\bsp_malloc.c                  0x00000000   Number         0  bsp_malloc.o ABSOLUTE
    ..\BSP\src\bsp_oled.c                    0x00000000   Number         0  bsp_oled.o ABSOLUTE
    ..\BSP\src\bsp_rcc.c                     0x00000000   Number         0  bsp_rcc.o ABSOLUTE
    ..\BSP\src\bsp_timer.c                   0x00000000   Number         0  bsp_timer.o ABSOLUTE
    ..\COMMON\src\filter.c                   0x00000000   Number         0  filter.o ABSOLUTE
    ..\COMMON\src\i2cdrv.c                   0x00000000   Number         0  i2cdrv.o ABSOLUTE
    ..\COMMON\src\pid.c                      0x00000000   Number         0  pid.o ABSOLUTE
    ..\COMMON\src\sort.c                     0x00000000   Number         0  sort.o ABSOLUTE
    ..\CORE\startup_stm32f40_41xxx.s         0x00000000   Number         0  startup_stm32f40_41xxx.o ABSOLUTE
    ..\FWLIB\src\misc.c                      0x00000000   Number         0  misc.o ABSOLUTE
    ..\FWLIB\src\stm32f4xx_adc.c             0x00000000   Number         0  stm32f4xx_adc.o ABSOLUTE
    ..\FWLIB\src\stm32f4xx_dma.c             0x00000000   Number         0  stm32f4xx_dma.o ABSOLUTE
    ..\FWLIB\src\stm32f4xx_exti.c            0x00000000   Number         0  stm32f4xx_exti.o ABSOLUTE
    ..\FWLIB\src\stm32f4xx_gpio.c            0x00000000   Number         0  stm32f4xx_gpio.o ABSOLUTE
    ..\FWLIB\src\stm32f4xx_rcc.c             0x00000000   Number         0  stm32f4xx_rcc.o ABSOLUTE
    ..\FWLIB\src\stm32f4xx_spi.c             0x00000000   Number         0  stm32f4xx_spi.o ABSOLUTE
    ..\FWLIB\src\stm32f4xx_syscfg.c          0x00000000   Number         0  stm32f4xx_syscfg.o ABSOLUTE
    ..\FWLIB\src\stm32f4xx_tim.c             0x00000000   Number         0  stm32f4xx_tim.o ABSOLUTE
    ..\FWLIB\src\stm32f4xx_usart.c           0x00000000   Number         0  stm32f4xx_usart.o ABSOLUTE
    ..\FreeRTOS\event_groups.c               0x00000000   Number         0  event_groups.o ABSOLUTE
    ..\FreeRTOS\list.c                       0x00000000   Number         0  list.o ABSOLUTE
    ..\FreeRTOS\portable\MemMang\heap_4.c    0x00000000   Number         0  heap_4.o ABSOLUTE
    ..\FreeRTOS\portable\RVDS\ARM_CM4F\port.c 0x00000000   Number         0  port.o ABSOLUTE
    ..\FreeRTOS\queue.c                      0x00000000   Number         0  queue.o ABSOLUTE
    ..\FreeRTOS\tasks.c                      0x00000000   Number         0  tasks.o ABSOLUTE
    ..\FreeRTOS\timers.c                     0x00000000   Number         0  timers.o ABSOLUTE
    ..\GUI\core\src\gui_basic.c              0x00000000   Number         0  gui_basic.o ABSOLUTE
    ..\GUI\core\src\gui_core.c               0x00000000   Number         0  gui_core.o ABSOLUTE
    ..\GUI\core\src\gui_drv.c                0x00000000   Number         0  gui_drv.o ABSOLUTE
    ..\GUI\core\src\gui_font.c               0x00000000   Number         0  gui_font.o ABSOLUTE
    ..\GUI\core\src\gui_mem.c                0x00000000   Number         0  gui_mem.o ABSOLUTE
    ..\GUI\core\src\gui_text.c               0x00000000   Number         0  gui_text.o ABSOLUTE
    ..\GUI\core\src\gui_widget.c             0x00000000   Number         0  gui_widget.o ABSOLUTE
    ..\GUI\core\src\gui_wm.c                 0x00000000   Number         0  gui_wm.o ABSOLUTE
    ..\GUI\widget\src\gui_button.c           0x00000000   Number         0  gui_button.o ABSOLUTE
    ..\GUI\widget\src\gui_checkbox.c         0x00000000   Number         0  gui_checkbox.o ABSOLUTE
    ..\GUI\widget\src\gui_menu.c             0x00000000   Number         0  gui_menu.o ABSOLUTE
    ..\GUI\widget\src\gui_progbar.c          0x00000000   Number         0  gui_progbar.o ABSOLUTE
    ..\GUI\widget\src\gui_scrollbar.c        0x00000000   Number         0  gui_scrollbar.o ABSOLUTE
    ..\GUI\widget\src\gui_window.c           0x00000000   Number         0  gui_window.o ABSOLUTE
    ..\\APP\\src\\app_led.c                  0x00000000   Number         0  app_led.o ABSOLUTE
    ..\\APP\\src\\display.c                  0x00000000   Number         0  display.o ABSOLUTE
    ..\\APP\\src\\powerManger.c              0x00000000   Number         0  powermanger.o ABSOLUTE
    ..\\BSP\\src\\bsp.c                      0x00000000   Number         0  bsp.o ABSOLUTE
    ..\\BSP\\src\\bsp_key.c                  0x00000000   Number         0  bsp_key.o ABSOLUTE
    ..\\BSP\\src\\bsp_led.c                  0x00000000   Number         0  bsp_led.o ABSOLUTE
    ..\\BSP\\src\\bsp_malloc.c               0x00000000   Number         0  bsp_malloc.o ABSOLUTE
    ..\\BSP\\src\\bsp_oled.c                 0x00000000   Number         0  bsp_oled.o ABSOLUTE
    ..\\BSP\\src\\bsp_rcc.c                  0x00000000   Number         0  bsp_rcc.o ABSOLUTE
    ..\\BSP\\src\\bsp_timer.c                0x00000000   Number         0  bsp_timer.o ABSOLUTE
    ..\\COMMON\\src\\filter.c                0x00000000   Number         0  filter.o ABSOLUTE
    ..\\COMMON\\src\\i2cdrv.c                0x00000000   Number         0  i2cdrv.o ABSOLUTE
    ..\\COMMON\\src\\pid.c                   0x00000000   Number         0  pid.o ABSOLUTE
    ..\\COMMON\\src\\sort.c                  0x00000000   Number         0  sort.o ABSOLUTE
    ..\\FWLIB\\src\\misc.c                   0x00000000   Number         0  misc.o ABSOLUTE
    ..\\FWLIB\\src\\stm32f4xx_adc.c          0x00000000   Number         0  stm32f4xx_adc.o ABSOLUTE
    ..\\FWLIB\\src\\stm32f4xx_dma.c          0x00000000   Number         0  stm32f4xx_dma.o ABSOLUTE
    ..\\FWLIB\\src\\stm32f4xx_exti.c         0x00000000   Number         0  stm32f4xx_exti.o ABSOLUTE
    ..\\FWLIB\\src\\stm32f4xx_gpio.c         0x00000000   Number         0  stm32f4xx_gpio.o ABSOLUTE
    ..\\FWLIB\\src\\stm32f4xx_rcc.c          0x00000000   Number         0  stm32f4xx_rcc.o ABSOLUTE
    ..\\FWLIB\\src\\stm32f4xx_spi.c          0x00000000   Number         0  stm32f4xx_spi.o ABSOLUTE
    ..\\FWLIB\\src\\stm32f4xx_syscfg.c       0x00000000   Number         0  stm32f4xx_syscfg.o ABSOLUTE
    ..\\FWLIB\\src\\stm32f4xx_tim.c          0x00000000   Number         0  stm32f4xx_tim.o ABSOLUTE
    ..\\FWLIB\\src\\stm32f4xx_usart.c        0x00000000   Number         0  stm32f4xx_usart.o ABSOLUTE
    ..\\FreeRTOS\\portable\\RVDS\\ARM_CM4F\\port.c 0x00000000   Number         0  port.o ABSOLUTE
    cdcmple.s                                0x00000000   Number         0  cdcmple.o ABSOLUTE
    cdrcmple.s                               0x00000000   Number         0  cdrcmple.o ABSOLUTE
    dc.s                                     0x00000000   Number         0  dc.o ABSOLUTE
    handlers.s                               0x00000000   Number         0  handlers.o ABSOLUTE
    init.s                                   0x00000000   Number         0  init.o ABSOLUTE
    main.c                                   0x00000000   Number         0  main.o ABSOLUTE
    main.c                                   0x00000000   Number         0  main.o ABSOLUTE
    stm32f4xx_it.c                           0x00000000   Number         0  stm32f4xx_it.o ABSOLUTE
    stm32f4xx_it.c                           0x00000000   Number         0  stm32f4xx_it.o ABSOLUTE
    system_stm32f4xx.c                       0x00000000   Number         0  system_stm32f4xx.o ABSOLUTE
    system_stm32f4xx.c                       0x00000000   Number         0  system_stm32f4xx.o ABSOLUTE
    RESET                                    0x08000000   Section      392  startup_stm32f40_41xxx.o(RESET)
    .ARM.Collect$$$$00000000                 0x08000188   Section        0  entry.o(.ARM.Collect$$$$00000000)
    .ARM.Collect$$$$00000001                 0x08000188   Section        4  entry2.o(.ARM.Collect$$$$00000001)
    .ARM.Collect$$$$00000004                 0x0800018c   Section        4  entry5.o(.ARM.Collect$$$$00000004)
    .ARM.Collect$$$$00000008                 0x08000190   Section        0  entry7b.o(.ARM.Collect$$$$00000008)
    .ARM.Collect$$$$0000000A                 0x08000190   Section        0  entry8b.o(.ARM.Collect$$$$0000000A)
    .ARM.Collect$$$$0000000B                 0x08000190   Section        8  entry9a.o(.ARM.Collect$$$$0000000B)
    .ARM.Collect$$$$0000000D                 0x08000198   Section        0  entry10a.o(.ARM.Collect$$$$0000000D)
    .ARM.Collect$$$$0000000F                 0x08000198   Section        0  entry11a.o(.ARM.Collect$$$$0000000F)
    .ARM.Collect$$$$00002712                 0x08000198   Section        4  entry2.o(.ARM.Collect$$$$00002712)
    __lit__00000000                          0x08000198   Data           4  entry2.o(.ARM.Collect$$$$00002712)
    .emb_text                                0x0800019c   Section      182  port.o(.emb_text)
    $v0                                      0x0800019c   Number         0  port.o(.emb_text)
    .text                                    0x08000254   Section       36  startup_stm32f40_41xxx.o(.text)
    $v0                                      0x08000254   Number         0  startup_stm32f40_41xxx.o(.text)
    .text                                    0x08000278   Section        0  memcpya.o(.text)
    .text                                    0x0800029c   Section        0  memseta.o(.text)
    .text                                    0x080002c0   Section       36  init.o(.text)
    i.BusFault_Handler                       0x080002e4   Section        0  stm32f4xx_it.o(i.BusFault_Handler)
    i.DebugMon_Handler                       0x080002e8   Section        0  stm32f4xx_it.o(i.DebugMon_Handler)
    i.GPIO_Init                              0x080002ea   Section        0  stm32f4xx_gpio.o(i.GPIO_Init)
    i.GPIO_ResetBits                         0x0800037a   Section        0  stm32f4xx_gpio.o(i.GPIO_ResetBits)
    i.GPIO_SetBits                           0x0800037e   Section        0  stm32f4xx_gpio.o(i.GPIO_SetBits)
    i.HardFault_Handler                      0x08000382   Section        0  stm32f4xx_it.o(i.HardFault_Handler)
    i.MemManage_Handler                      0x08000386   Section        0  stm32f4xx_it.o(i.MemManage_Handler)
    i.NMI_Handler                            0x0800038a   Section        0  stm32f4xx_it.o(i.NMI_Handler)
    i.NVIC_PriorityGroupConfig               0x0800038c   Section        0  misc.o(i.NVIC_PriorityGroupConfig)
    i.RCC_AHB1PeriphClockCmd                 0x080003a0   Section        0  stm32f4xx_rcc.o(i.RCC_AHB1PeriphClockCmd)
    i.SetSysClock                            0x080003c0   Section        0  system_stm32f4xx.o(i.SetSysClock)
    SetSysClock                              0x080003c1   Thumb Code   216  system_stm32f4xx.o(i.SetSysClock)
    i.SysTick_Handler                        0x080004a8   Section        0  bsp_timer.o(i.SysTick_Handler)
    i.SystemInit                             0x080004b8   Section        0  system_stm32f4xx.o(i.SystemInit)
    i.UsageFault_Handler                     0x08000520   Section        0  stm32f4xx_it.o(i.UsageFault_Handler)
    i.__scatterload_copy                     0x08000524   Section       14  handlers.o(i.__scatterload_copy)
    i.__scatterload_null                     0x08000532   Section        2  handlers.o(i.__scatterload_null)
    i.__scatterload_zeroinit                 0x08000534   Section       14  handlers.o(i.__scatterload_zeroinit)
    i.bsp_Free_IN                            0x08000544   Section        0  bsp_malloc.o(i.bsp_Free_IN)
    i.bsp_Init                               0x080005b4   Section        0  bsp.o(i.bsp_Init)
    i.bsp_Malloc_IN                          0x080005cc   Section        0  bsp_malloc.o(i.bsp_Malloc_IN)
    i.bsp_led_AddLED                         0x08000674   Section        0  bsp_led.o(i.bsp_led_AddLED)
    bsp_led_AddLED                           0x08000675   Thumb Code   192  bsp_led.o(i.bsp_led_AddLED)
    i.bsp_led_Init                           0x0800073c   Section        0  bsp_led.o(i.bsp_led_Init)
    i.bsp_led_OFF                            0x08000760   Section        0  bsp_led.o(i.bsp_led_OFF)
    i.bsp_led_ON                             0x08000818   Section        0  bsp_led.o(i.bsp_led_ON)
    i.bsp_led_StartFlash                     0x080008d0   Section        0  bsp_led.o(i.bsp_led_StartFlash)
    i.bsp_led_Thread                         0x080009d8   Section        0  bsp_led.o(i.bsp_led_Thread)
    i.bsp_mem_Alloc                          0x08000b48   Section        0  bsp_malloc.o(i.bsp_mem_Alloc)
    i.bsp_mem_Free                           0x08000b74   Section        0  bsp_malloc.o(i.bsp_mem_Free)
    i.bsp_mem_GetUsed                        0x08000b98   Section        0  bsp_malloc.o(i.bsp_mem_GetUsed)
    i.bsp_mem_Init                           0x08000bd8   Section        0  bsp_malloc.o(i.bsp_mem_Init)
    i.bsp_mem_Set                            0x08000c0c   Section        0  bsp_malloc.o(i.bsp_mem_Set)
    i.bsp_oled_Clear                         0x08000c20   Section        0  bsp_oled.o(i.bsp_oled_Clear)
    i.bsp_oled_DrawPoint                     0x08000c50   Section        0  bsp_oled.o(i.bsp_oled_DrawPoint)
    i.bsp_oled_Fill                          0x08000cb8   Section        0  bsp_oled.o(i.bsp_oled_Fill)
    i.bsp_oled_GPIOInit                      0x08000cf0   Section        0  bsp_oled.o(i.bsp_oled_GPIOInit)
    bsp_oled_GPIOInit                        0x08000cf1   Thumb Code   106  bsp_oled.o(i.bsp_oled_GPIOInit)
    i.bsp_oled_Init                          0x08000d64   Section        0  bsp_oled.o(i.bsp_oled_Init)
    i.bsp_oled_Refresh                       0x08000e70   Section        0  bsp_oled.o(i.bsp_oled_Refresh)
    i.bsp_oled_SetPos                        0x08000ebc   Section        0  bsp_oled.o(i.bsp_oled_SetPos)
    i.bsp_oled_WriteByte                     0x08000eec   Section        0  bsp_oled.o(i.bsp_oled_WriteByte)
    bsp_oled_WriteByte                       0x08000eed   Thumb Code   100  bsp_oled.o(i.bsp_oled_WriteByte)
    i.bsp_rcc_GPIOClockCmd                   0x08000f58   Section        0  bsp_rcc.o(i.bsp_rcc_GPIOClockCmd)
    i.bsp_rcc_GetGPIORCC                     0x08000f6c   Section        0  bsp_rcc.o(i.bsp_rcc_GetGPIORCC)
    i.bsp_tim_Init                           0x08000ff0   Section        0  bsp_timer.o(i.bsp_tim_Init)
    i.button_Create                          0x08001070   Section        0  gui_button.o(i.button_Create)
    i.button_Delete                          0x080010d0   Section        0  gui_button.o(i.button_Delete)
    i.button_onPaint                         0x080010e8   Section        0  gui_button.o(i.button_onPaint)
    i.checkbox_onPaint                       0x0800126c   Section        0  gui_checkbox.o(i.checkbox_onPaint)
    i.font_getBytesPerChar                   0x08001270   Section        0  gui_font.o(i.font_getBytesPerChar)
    i.font_getFontData                       0x080012a0   Section        0  gui_font.o(i.font_getFontData)
    i.font_getXSize                          0x080012d8   Section        0  gui_font.o(i.font_getXSize)
    i.font_getYSize                          0x08001308   Section        0  gui_font.o(i.font_getYSize)
    i.gui_Init                               0x08001338   Section        0  gui_core.o(i.gui_Init)
    i.gui_Refresh                            0x08001344   Section        0  gui_drv.o(i.gui_Refresh)
    i.gui_clear                              0x0800134c   Section        0  gui_core.o(i.gui_clear)
    i.gui_deviceInit                         0x08001356   Section        0  gui_drv.o(i.gui_deviceInit)
    i.gui_dispChar                           0x08001364   Section        0  gui_text.o(i.gui_dispChar)
    i.gui_dispString                         0x08001428   Section        0  gui_text.o(i.gui_dispString)
    i.gui_drawHLine                          0x08001490   Section        0  gui_basic.o(i.gui_drawHLine)
    i.gui_drawPoint                          0x080014c4   Section        0  gui_drv.o(i.gui_drawPoint)
    i.gui_drawRectangle                      0x080014d8   Section        0  gui_basic.o(i.gui_drawRectangle)
    i.gui_drawVLine                          0x0800151c   Section        0  gui_basic.o(i.gui_drawVLine)
    i.gui_excute                             0x0800154e   Section        0  gui_core.o(i.gui_excute)
    i.gui_fillRectangle                      0x08001556   Section        0  gui_basic.o(i.gui_fillRectangle)
    i.gui_fillSCR                            0x080015be   Section        0  gui_drv.o(i.gui_fillSCR)
    i.gui_getStringLen                       0x080015d2   Section        0  gui_text.o(i.gui_getStringLen)
    i.gui_gotoXY                             0x080015e8   Section        0  gui_core.o(i.gui_gotoXY)
    i.main                                   0x080015f8   Section        0  main.o(i.main)
    i.menu_onPaint                           0x08001638   Section        0  gui_menu.o(i.menu_onPaint)
    i.powerManger_Init                       0x0800163c   Section        0  powermanger.o(i.powerManger_Init)
    i.power_Enabled                          0x08001684   Section        0  powermanger.o(i.power_Enabled)
    i.progbar_onPaint                        0x080016b0   Section        0  gui_progbar.o(i.progbar_onPaint)
    i.prvAddCurrentTaskToDelayedList         0x080016b4   Section        0  tasks.o(i.prvAddCurrentTaskToDelayedList)
    prvAddCurrentTaskToDelayedList           0x080016b5   Thumb Code   124  tasks.o(i.prvAddCurrentTaskToDelayedList)
    i.prvAddNewTaskToReadyList               0x0800174c   Section        0  tasks.o(i.prvAddNewTaskToReadyList)
    prvAddNewTaskToReadyList                 0x0800174d   Thumb Code   156  tasks.o(i.prvAddNewTaskToReadyList)
    i.prvCheckForValidListAndQueue           0x08001804   Section        0  timers.o(i.prvCheckForValidListAndQueue)
    prvCheckForValidListAndQueue             0x08001805   Thumb Code    72  timers.o(i.prvCheckForValidListAndQueue)
    i.prvCheckTasksWaitingTermination        0x08001868   Section        0  tasks.o(i.prvCheckTasksWaitingTermination)
    prvCheckTasksWaitingTermination          0x08001869   Thumb Code    86  tasks.o(i.prvCheckTasksWaitingTermination)
    i.prvCopyDataFromQueue                   0x080018cc   Section        0  queue.o(i.prvCopyDataFromQueue)
    prvCopyDataFromQueue                     0x080018cd   Thumb Code    42  queue.o(i.prvCopyDataFromQueue)
    i.prvCopyDataToQueue                     0x080018f6   Section        0  queue.o(i.prvCopyDataToQueue)
    prvCopyDataToQueue                       0x080018f7   Thumb Code   124  queue.o(i.prvCopyDataToQueue)
    i.prvDeleteTCB                           0x08001972   Section        0  tasks.o(i.prvDeleteTCB)
    prvDeleteTCB                             0x08001973   Thumb Code    18  tasks.o(i.prvDeleteTCB)
    i.prvGetNextExpireTime                   0x08001984   Section        0  timers.o(i.prvGetNextExpireTime)
    prvGetNextExpireTime                     0x08001985   Thumb Code    36  timers.o(i.prvGetNextExpireTime)
    i.prvHeapInit                            0x080019ac   Section        0  heap_4.o(i.prvHeapInit)
    prvHeapInit                              0x080019ad   Thumb Code    98  heap_4.o(i.prvHeapInit)
    i.prvIdleTask                            0x08001a28   Section        0  tasks.o(i.prvIdleTask)
    prvIdleTask                              0x08001a29   Thumb Code     8  tasks.o(i.prvIdleTask)
    i.prvInitialiseNewQueue                  0x08001a30   Section        0  queue.o(i.prvInitialiseNewQueue)
    prvInitialiseNewQueue                    0x08001a31   Thumb Code    46  queue.o(i.prvInitialiseNewQueue)
    i.prvInitialiseNewTask                   0x08001a5e   Section        0  tasks.o(i.prvInitialiseNewTask)
    prvInitialiseNewTask                     0x08001a5f   Thumb Code   146  tasks.o(i.prvInitialiseNewTask)
    i.prvInitialiseTaskLists                 0x08001af0   Section        0  tasks.o(i.prvInitialiseTaskLists)
    prvInitialiseTaskLists                   0x08001af1   Thumb Code    70  tasks.o(i.prvInitialiseTaskLists)
    i.prvInsertBlockIntoFreeList             0x08001b58   Section        0  heap_4.o(i.prvInsertBlockIntoFreeList)
    prvInsertBlockIntoFreeList               0x08001b59   Thumb Code    96  heap_4.o(i.prvInsertBlockIntoFreeList)
    i.prvInsertTimerInActiveList             0x08001bc0   Section        0  timers.o(i.prvInsertTimerInActiveList)
    prvInsertTimerInActiveList               0x08001bc1   Thumb Code    80  timers.o(i.prvInsertTimerInActiveList)
    i.prvIsQueueEmpty                        0x08001c18   Section        0  queue.o(i.prvIsQueueEmpty)
    prvIsQueueEmpty                          0x08001c19   Thumb Code    26  queue.o(i.prvIsQueueEmpty)
    i.prvIsQueueFull                         0x08001c32   Section        0  queue.o(i.prvIsQueueFull)
    prvIsQueueFull                           0x08001c33   Thumb Code    30  queue.o(i.prvIsQueueFull)
    i.prvNotifyQueueSetContainer             0x08001c50   Section        0  queue.o(i.prvNotifyQueueSetContainer)
    prvNotifyQueueSetContainer               0x08001c51   Thumb Code    82  queue.o(i.prvNotifyQueueSetContainer)
    i.prvProcessExpiredTimer                 0x08001ca4   Section        0  timers.o(i.prvProcessExpiredTimer)
    prvProcessExpiredTimer                   0x08001ca5   Thumb Code    70  timers.o(i.prvProcessExpiredTimer)
    i.prvProcessReceivedCommands             0x08001cf0   Section        0  timers.o(i.prvProcessReceivedCommands)
    prvProcessReceivedCommands               0x08001cf1   Thumb Code   202  timers.o(i.prvProcessReceivedCommands)
    i.prvProcessTimerOrBlockTask             0x08001dc0   Section        0  timers.o(i.prvProcessTimerOrBlockTask)
    prvProcessTimerOrBlockTask               0x08001dc1   Thumb Code   102  timers.o(i.prvProcessTimerOrBlockTask)
    i.prvResetNextTaskUnblockTime            0x08001e34   Section        0  tasks.o(i.prvResetNextTaskUnblockTime)
    prvResetNextTaskUnblockTime              0x08001e35   Thumb Code    42  tasks.o(i.prvResetNextTaskUnblockTime)
    i.prvSampleTimeNow                       0x08001e68   Section        0  timers.o(i.prvSampleTimeNow)
    prvSampleTimeNow                         0x08001e69   Thumb Code    40  timers.o(i.prvSampleTimeNow)
    i.prvSwitchTimerLists                    0x08001e94   Section        0  timers.o(i.prvSwitchTimerLists)
    prvSwitchTimerLists                      0x08001e95   Thumb Code   122  timers.o(i.prvSwitchTimerLists)
    i.prvTaskExitError                       0x08001f18   Section        0  port.o(i.prvTaskExitError)
    prvTaskExitError                         0x08001f19   Thumb Code    22  port.o(i.prvTaskExitError)
    i.prvTimerTask                           0x08001f2e   Section        0  timers.o(i.prvTimerTask)
    prvTimerTask                             0x08001f2f   Thumb Code    26  timers.o(i.prvTimerTask)
    i.prvUnlockQueue                         0x08001f48   Section        0  queue.o(i.prvUnlockQueue)
    prvUnlockQueue                           0x08001f49   Thumb Code   146  queue.o(i.prvUnlockQueue)
    i.pvPortMalloc                           0x08001fdc   Section        0  heap_4.o(i.pvPortMalloc)
    i.pvTaskIncrementMutexHeldCount          0x080020b8   Section        0  tasks.o(i.pvTaskIncrementMutexHeldCount)
    i.pxPortInitialiseStack                  0x080020d8   Section        0  port.o(i.pxPortInitialiseStack)
    i.scrollbar_onPaint                      0x08002104   Section        0  gui_scrollbar.o(i.scrollbar_onPaint)
    i.task_LEDTask                           0x08002106   Section        0  app_led.o(i.task_LEDTask)
    i.task_StartTask                         0x08002120   Section        0  main.o(i.task_StartTask)
    i.task_displayTask                       0x08002194   Section        0  display.o(i.task_displayTask)
    i.uxListRemove                           0x0800230c   Section        0  list.o(i.uxListRemove)
    i.vApplicationMallocFailedHook           0x08002334   Section        0  bsp.o(i.vApplicationMallocFailedHook)
    i.vListInitialise                        0x0800234a   Section        0  list.o(i.vListInitialise)
    i.vListInitialiseItem                    0x08002364   Section        0  list.o(i.vListInitialiseItem)
    i.vListInsert                            0x0800236a   Section        0  list.o(i.vListInsert)
    i.vListInsertEnd                         0x0800239e   Section        0  list.o(i.vListInsertEnd)
    i.vPortEnterCritical                     0x080023b8   Section        0  port.o(i.vPortEnterCritical)
    i.vPortExitCritical                      0x080023dc   Section        0  port.o(i.vPortExitCritical)
    i.vPortFree                              0x080023fc   Section        0  heap_4.o(i.vPortFree)
    i.vPortSetupTimerInterrupt               0x08002444   Section        0  port.o(i.vPortSetupTimerInterrupt)
    i.vQueueAddToRegistry                    0x08002458   Section        0  queue.o(i.vQueueAddToRegistry)
    i.vQueueWaitForMessageRestricted         0x08002484   Section        0  queue.o(i.vQueueWaitForMessageRestricted)
    i.vTaskDelay                             0x080024d0   Section        0  tasks.o(i.vTaskDelay)
    i.vTaskDelayUntil                        0x08002504   Section        0  tasks.o(i.vTaskDelayUntil)
    i.vTaskDelete                            0x08002578   Section        0  tasks.o(i.vTaskDelete)
    i.vTaskMissedYield                       0x08002644   Section        0  tasks.o(i.vTaskMissedYield)
    i.vTaskPlaceOnEventList                  0x08002650   Section        0  tasks.o(i.vTaskPlaceOnEventList)
    i.vTaskPlaceOnEventListRestricted        0x08002670   Section        0  tasks.o(i.vTaskPlaceOnEventListRestricted)
    i.vTaskPriorityInherit                   0x08002698   Section        0  tasks.o(i.vTaskPriorityInherit)
    i.vTaskSetTimeOutState                   0x08002748   Section        0  tasks.o(i.vTaskSetTimeOutState)
    i.vTaskStartScheduler                    0x08002760   Section        0  tasks.o(i.vTaskStartScheduler)
    i.vTaskSuspendAll                        0x080027d0   Section        0  tasks.o(i.vTaskSuspendAll)
    i.vTaskSwitchContext                     0x080027e0   Section        0  tasks.o(i.vTaskSwitchContext)
    i.widget_Create                          0x08002840   Section        0  gui_widget.o(i.widget_Create)
    i.widget_Delete                          0x080028d2   Section        0  gui_widget.o(i.widget_Delete)
    i.widget_onPaint                         0x0800293a   Section        0  gui_widget.o(i.widget_onPaint)
    i.window_Create                          0x08002994   Section        0  gui_window.o(i.window_Create)
    i.window_onPaint                         0x080029e8   Section        0  gui_window.o(i.window_onPaint)
    i.wm_Create                              0x08002a24   Section        0  gui_wm.o(i.wm_Create)
    i.wm_Delete                              0x08002a90   Section        0  gui_wm.o(i.wm_Delete)
    i.wm_Init                                0x08002b10   Section        0  gui_wm.o(i.wm_Init)
    i.wm_addWindowToList                     0x08002b2c   Section        0  gui_wm.o(i.wm_addWindowToList)
    wm_addWindowToList                       0x08002b2d   Thumb Code    46  gui_wm.o(i.wm_addWindowToList)
    i.wm_getWindowObject                     0x08002b60   Section        0  gui_wm.o(i.wm_getWindowObject)
    i.wm_pocess                              0x08002b8c   Section        0  gui_wm.o(i.wm_pocess)
    i.xPortStartScheduler                    0x08002bc0   Section        0  port.o(i.xPortStartScheduler)
    i.xPortSysTickHandler                    0x08002c08   Section        0  port.o(i.xPortSysTickHandler)
    i.xQueueGenericCreate                    0x08002c3c   Section        0  queue.o(i.xQueueGenericCreate)
    i.xQueueGenericReceive                   0x08002c74   Section        0  queue.o(i.xQueueGenericReceive)
    i.xQueueGenericReset                     0x08002dd0   Section        0  queue.o(i.xQueueGenericReset)
    i.xQueueGenericSend                      0x08002e50   Section        0  queue.o(i.xQueueGenericSend)
    i.xQueueGenericSendFromISR               0x08002f88   Section        0  queue.o(i.xQueueGenericSendFromISR)
    i.xTaskCheckForTimeOut                   0x08003024   Section        0  tasks.o(i.xTaskCheckForTimeOut)
    i.xTaskCreate                            0x08003080   Section        0  tasks.o(i.xTaskCreate)
    i.xTaskGetSchedulerState                 0x080030e0   Section        0  tasks.o(i.xTaskGetSchedulerState)
    i.xTaskGetTickCount                      0x08003100   Section        0  tasks.o(i.xTaskGetTickCount)
    i.xTaskIncrementTick                     0x0800310c   Section        0  tasks.o(i.xTaskIncrementTick)
    i.xTaskPriorityDisinherit                0x08003228   Section        0  tasks.o(i.xTaskPriorityDisinherit)
    i.xTaskRemoveFromEventList               0x080032ac   Section        0  tasks.o(i.xTaskRemoveFromEventList)
    i.xTaskResumeAll                         0x0800332c   Section        0  tasks.o(i.xTaskResumeAll)
    i.xTimerCreateTimerTask                  0x08003414   Section        0  timers.o(i.xTimerCreateTimerTask)
    i.xTimerGenericCommand                   0x08003450   Section        0  timers.o(i.xTimerGenericCommand)
    .constdata                               0x080034bc   Section       12  bsp_malloc.o(.constdata)
    .constdata                               0x080034c8   Section     5480  gui_font.o(.constdata)
    FONT_ASCII_6X8                           0x08004a18   Data           8  gui_font.o(.constdata)
    FONT_ASCII_6X12                          0x08004a20   Data           8  gui_font.o(.constdata)
    FONT_ASCII_12X24                         0x08004a28   Data           8  gui_font.o(.constdata)
    .data                                    0x20000000   Section        4  main.o(.data)
    .data                                    0x20000004   Section       20  system_stm32f4xx.o(.data)
    .data                                    0x20000018   Section        1  bsp_led.o(.data)
    ledCount                                 0x20000018   Data           1  bsp_led.o(.data)
    .data                                    0x2000001c   Section       20  bsp_malloc.o(.data)
    .data                                    0x20000030   Section        1  powermanger.o(.data)
    isInit                                   0x20000030   Data           1  powermanger.o(.data)
    .data                                    0x20000034   Section       60  tasks.o(.data)
    pxDelayedTaskList                        0x20000038   Data           4  tasks.o(.data)
    pxOverflowDelayedTaskList                0x2000003c   Data           4  tasks.o(.data)
    uxDeletedTasksWaitingCleanUp             0x20000040   Data           4  tasks.o(.data)
    uxCurrentNumberOfTasks                   0x20000044   Data           4  tasks.o(.data)
    xTickCount                               0x20000048   Data           4  tasks.o(.data)
    uxTopReadyPriority                       0x2000004c   Data           4  tasks.o(.data)
    xSchedulerRunning                        0x20000050   Data           4  tasks.o(.data)
    uxPendedTicks                            0x20000054   Data           4  tasks.o(.data)
    xYieldPending                            0x20000058   Data           4  tasks.o(.data)
    xNumOfOverflows                          0x2000005c   Data           4  tasks.o(.data)
    uxTaskNumber                             0x20000060   Data           4  tasks.o(.data)
    xNextTaskUnblockTime                     0x20000064   Data           4  tasks.o(.data)
    xIdleTaskHandle                          0x20000068   Data           4  tasks.o(.data)
    uxSchedulerSuspended                     0x2000006c   Data           4  tasks.o(.data)
    .data                                    0x20000070   Section       20  timers.o(.data)
    pxCurrentTimerList                       0x20000070   Data           4  timers.o(.data)
    pxOverflowTimerList                      0x20000074   Data           4  timers.o(.data)
    xTimerQueue                              0x20000078   Data           4  timers.o(.data)
    xTimerTaskHandle                         0x2000007c   Data           4  timers.o(.data)
    xLastTime                                0x20000080   Data           4  timers.o(.data)
    .data                                    0x20000084   Section       24  heap_4.o(.data)
    xStart                                   0x20000084   Data           8  heap_4.o(.data)
    pxEnd                                    0x2000008c   Data           4  heap_4.o(.data)
    xFreeBytesRemaining                      0x20000090   Data           4  heap_4.o(.data)
    xMinimumEverFreeBytesRemaining           0x20000094   Data           4  heap_4.o(.data)
    xBlockAllocatedBit                       0x20000098   Data           4  heap_4.o(.data)
    .data                                    0x2000009c   Section        4  port.o(.data)
    uxCriticalNesting                        0x2000009c   Data           4  port.o(.data)
    .data                                    0x200000a0   Section       12  gui_wm.o(.data)
    wm_NumWindows                            0x200000a0   Data           2  gui_wm.o(.data)
    wm_HWIN                                  0x200000a2   Data           2  gui_wm.o(.data)
    hDesk                                    0x200000a4   Data           2  gui_wm.o(.data)
    WM_Desktop                               0x200000a8   Data           4  gui_wm.o(.data)
    .bss                                     0x200000ac   Section      160  bsp_timer.o(.bss)
    .bss                                     0x2000014c   Section      320  bsp_led.o(.bss)
    LED                                      0x2000014c   Data         320  bsp_led.o(.bss)
    .bss                                     0x2000028c   Section     1024  bsp_oled.o(.bss)
    oledGram                                 0x2000028c   Data        1024  bsp_oled.o(.bss)
    .bss                                     0x20000690   Section    17408  bsp_malloc.o(.bss)
    .bss                                     0x20004a90   Section       80  queue.o(.bss)
    .bss                                     0x20004ae0   Section      740  tasks.o(.bss)
    pxReadyTasksLists                        0x20004ae0   Data         640  tasks.o(.bss)
    xDelayedTaskList1                        0x20004d60   Data          20  tasks.o(.bss)
    xDelayedTaskList2                        0x20004d74   Data          20  tasks.o(.bss)
    xPendingReadyList                        0x20004d88   Data          20  tasks.o(.bss)
    xTasksWaitingTermination                 0x20004d9c   Data          20  tasks.o(.bss)
    xSuspendedTaskList                       0x20004db0   Data          20  tasks.o(.bss)
    .bss                                     0x20004dc4   Section       40  timers.o(.bss)
    xActiveTimerList1                        0x20004dc4   Data          20  timers.o(.bss)
    xActiveTimerList2                        0x20004dd8   Data          20  timers.o(.bss)
    .bss                                     0x20004dec   Section    30720  heap_4.o(.bss)
    ucHeap                                   0x20004dec   Data       30720  heap_4.o(.bss)
    .bss                                     0x2000c5ec   Section       10  gui_core.o(.bss)
    STACK                                    0x2000c5f8   Section     1024  startup_stm32f40_41xxx.o(STACK)

    Global Symbols

    Symbol Name                              Value     Ov Type        Size  Object(Section)

    BuildAttributes$$THM_ISAv4$E$P$D$K$B$S$7EM$VFPi3$EXTD16$VFPS$VFMA$PE$A:L22UL41UL21$X:L11$S22US41US21$IEEE1$IW$USESV6$~STKCKD$USESV7$~SHL$OTIME$ROPI$IEEEX$EBA8$MICROLIB$REQ8$PRES8$EABIv2 0x00000000   Number         0  anon$$obj.o ABSOLUTE
    __ARM_use_no_argv                        0x00000000   Number         0  main.o ABSOLUTE
    _printf_a                                0x00000000   Number         0  stubs.o ABSOLUTE
    _printf_c                                0x00000000   Number         0  stubs.o ABSOLUTE
    _printf_charcount                        0x00000000   Number         0  stubs.o ABSOLUTE
    _printf_d                                0x00000000   Number         0  stubs.o ABSOLUTE
    _printf_e                                0x00000000   Number         0  stubs.o ABSOLUTE
    _printf_f                                0x00000000   Number         0  stubs.o ABSOLUTE
    _printf_flags                            0x00000000   Number         0  stubs.o ABSOLUTE
    _printf_fp_dec                           0x00000000   Number         0  stubs.o ABSOLUTE
    _printf_fp_hex                           0x00000000   Number         0  stubs.o ABSOLUTE
    _printf_g                                0x00000000   Number         0  stubs.o ABSOLUTE
    _printf_i                                0x00000000   Number         0  stubs.o ABSOLUTE
    _printf_int_dec                          0x00000000   Number         0  stubs.o ABSOLUTE
    _printf_l                                0x00000000   Number         0  stubs.o ABSOLUTE
    _printf_lc                               0x00000000   Number         0  stubs.o ABSOLUTE
    _printf_ll                               0x00000000   Number         0  stubs.o ABSOLUTE
    _printf_lld                              0x00000000   Number         0  stubs.o ABSOLUTE
    _printf_lli                              0x00000000   Number         0  stubs.o ABSOLUTE
    _printf_llo                              0x00000000   Number         0  stubs.o ABSOLUTE
    _printf_llu                              0x00000000   Number         0  stubs.o ABSOLUTE
    _printf_llx                              0x00000000   Number         0  stubs.o ABSOLUTE
    _printf_longlong_dec                     0x00000000   Number         0  stubs.o ABSOLUTE
    _printf_longlong_hex                     0x00000000   Number         0  stubs.o ABSOLUTE
    _printf_longlong_oct                     0x00000000   Number         0  stubs.o ABSOLUTE
    _printf_ls                               0x00000000   Number         0  stubs.o ABSOLUTE
    _printf_mbtowc                           0x00000000   Number         0  stubs.o ABSOLUTE
    _printf_n                                0x00000000   Number         0  stubs.o ABSOLUTE
    _printf_o                                0x00000000   Number         0  stubs.o ABSOLUTE
    _printf_p                                0x00000000   Number         0  stubs.o ABSOLUTE
    _printf_percent                          0x00000000   Number         0  stubs.o ABSOLUTE
    _printf_pre_padding                      0x00000000   Number         0  stubs.o ABSOLUTE
    _printf_return_value                     0x00000000   Number         0  stubs.o ABSOLUTE
    _printf_s                                0x00000000   Number         0  stubs.o ABSOLUTE
    _printf_sizespec                         0x00000000   Number         0  stubs.o ABSOLUTE
    _printf_str                              0x00000000   Number         0  stubs.o ABSOLUTE
    _printf_truncate_signed                  0x00000000   Number         0  stubs.o ABSOLUTE
    _printf_truncate_unsigned                0x00000000   Number         0  stubs.o ABSOLUTE
    _printf_u                                0x00000000   Number         0  stubs.o ABSOLUTE
    _printf_wc                               0x00000000   Number         0  stubs.o ABSOLUTE
    _printf_wctomb                           0x00000000   Number         0  stubs.o ABSOLUTE
    _printf_widthprec                        0x00000000   Number         0  stubs.o ABSOLUTE
    _printf_x                                0x00000000   Number         0  stubs.o ABSOLUTE
    __cpp_initialize__aeabi_                  - Undefined Weak Reference
    __cxa_finalize                            - Undefined Weak Reference
    __decompress                              - Undefined Weak Reference
    _clock_init                               - Undefined Weak Reference
    _microlib_exit                            - Undefined Weak Reference
    __Vectors_Size                           0x00000188   Number         0  startup_stm32f40_41xxx.o ABSOLUTE
    __Vectors                                0x08000000   Data           4  startup_stm32f40_41xxx.o(RESET)
    __Vectors_End                            0x08000188   Data           0  startup_stm32f40_41xxx.o(RESET)
    __main                                   0x08000189   Thumb Code     0  entry.o(.ARM.Collect$$$$00000000)
    _main_stk                                0x08000189   Thumb Code     0  entry2.o(.ARM.Collect$$$$00000001)
    _main_scatterload                        0x0800018d   Thumb Code     0  entry5.o(.ARM.Collect$$$$00000004)
    __main_after_scatterload                 0x08000191   Thumb Code     0  entry5.o(.ARM.Collect$$$$00000004)
    _main_clock                              0x08000191   Thumb Code     0  entry7b.o(.ARM.Collect$$$$00000008)
    _main_cpp_init                           0x08000191   Thumb Code     0  entry8b.o(.ARM.Collect$$$$0000000A)
    _main_init                               0x08000191   Thumb Code     0  entry9a.o(.ARM.Collect$$$$0000000B)
    __rt_final_cpp                           0x08000199   Thumb Code     0  entry10a.o(.ARM.Collect$$$$0000000D)
    __rt_final_exit                          0x08000199   Thumb Code     0  entry11a.o(.ARM.Collect$$$$0000000F)
    SVC_Handler                              0x0800019d   Thumb Code    28  port.o(.emb_text)
    __asm___6_port_c_39a90d8d__prvStartFirstTask 0x080001bd   Thumb Code    28  port.o(.emb_text)
    __asm___6_port_c_39a90d8d__prvEnableVFP  0x080001dd   Thumb Code    16  port.o(.emb_text)
    PendSV_Handler                           0x080001f1   Thumb Code    88  port.o(.emb_text)
    vPortGetIPSR                             0x0800024d   Thumb Code     6  port.o(.emb_text)
    Reset_Handler                            0x08000255   Thumb Code     8  startup_stm32f40_41xxx.o(.text)
    ADC_IRQHandler                           0x0800026f   Thumb Code     0  startup_stm32f40_41xxx.o(.text)
    CAN1_RX0_IRQHandler                      0x0800026f   Thumb Code     0  startup_stm32f40_41xxx.o(.text)
    CAN1_RX1_IRQHandler                      0x0800026f   Thumb Code     0  startup_stm32f40_41xxx.o(.text)
    CAN1_SCE_IRQHandler                      0x0800026f   Thumb Code     0  startup_stm32f40_41xxx.o(.text)
    CAN1_TX_IRQHandler                       0x0800026f   Thumb Code     0  startup_stm32f40_41xxx.o(.text)
    CAN2_RX0_IRQHandler                      0x0800026f   Thumb Code     0  startup_stm32f40_41xxx.o(.text)
    CAN2_RX1_IRQHandler                      0x0800026f   Thumb Code     0  startup_stm32f40_41xxx.o(.text)
    CAN2_SCE_IRQHandler                      0x0800026f   Thumb Code     0  startup_stm32f40_41xxx.o(.text)
    CAN2_TX_IRQHandler                       0x0800026f   Thumb Code     0  startup_stm32f40_41xxx.o(.text)
    CRYP_IRQHandler                          0x0800026f   Thumb Code     0  startup_stm32f40_41xxx.o(.text)
    DCMI_IRQHandler                          0x0800026f   Thumb Code     0  startup_stm32f40_41xxx.o(.text)
    DMA1_Stream0_IRQHandler                  0x0800026f   Thumb Code     0  startup_stm32f40_41xxx.o(.text)
    DMA1_Stream1_IRQHandler                  0x0800026f   Thumb Code     0  startup_stm32f40_41xxx.o(.text)
    DMA1_Stream2_IRQHandler                  0x0800026f   Thumb Code     0  startup_stm32f40_41xxx.o(.text)
    DMA1_Stream3_IRQHandler                  0x0800026f   Thumb Code     0  startup_stm32f40_41xxx.o(.text)
    DMA1_Stream4_IRQHandler                  0x0800026f   Thumb Code     0  startup_stm32f40_41xxx.o(.text)
    DMA1_Stream5_IRQHandler                  0x0800026f   Thumb Code     0  startup_stm32f40_41xxx.o(.text)
    DMA1_Stream6_IRQHandler                  0x0800026f   Thumb Code     0  startup_stm32f40_41xxx.o(.text)
    DMA1_Stream7_IRQHandler                  0x0800026f   Thumb Code     0  startup_stm32f40_41xxx.o(.text)
    DMA2_Stream0_IRQHandler                  0x0800026f   Thumb Code     0  startup_stm32f40_41xxx.o(.text)
    DMA2_Stream1_IRQHandler                  0x0800026f   Thumb Code     0  startup_stm32f40_41xxx.o(.text)
    DMA2_Stream2_IRQHandler                  0x0800026f   Thumb Code     0  startup_stm32f40_41xxx.o(.text)
    DMA2_Stream3_IRQHandler                  0x0800026f   Thumb Code     0  startup_stm32f40_41xxx.o(.text)
    DMA2_Stream4_IRQHandler                  0x0800026f   Thumb Code     0  startup_stm32f40_41xxx.o(.text)
    DMA2_Stream5_IRQHandler                  0x0800026f   Thumb Code     0  startup_stm32f40_41xxx.o(.text)
    DMA2_Stream6_IRQHandler                  0x0800026f   Thumb Code     0  startup_stm32f40_41xxx.o(.text)
    DMA2_Stream7_IRQHandler                  0x0800026f   Thumb Code     0  startup_stm32f40_41xxx.o(.text)
    ETH_IRQHandler                           0x0800026f   Thumb Code     0  startup_stm32f40_41xxx.o(.text)
    ETH_WKUP_IRQHandler                      0x0800026f   Thumb Code     0  startup_stm32f40_41xxx.o(.text)
    EXTI0_IRQHandler                         0x0800026f   Thumb Code     0  startup_stm32f40_41xxx.o(.text)
    EXTI15_10_IRQHandler                     0x0800026f   Thumb Code     0  startup_stm32f40_41xxx.o(.text)
    EXTI1_IRQHandler                         0x0800026f   Thumb Code     0  startup_stm32f40_41xxx.o(.text)
    EXTI2_IRQHandler                         0x0800026f   Thumb Code     0  startup_stm32f40_41xxx.o(.text)
    EXTI3_IRQHandler                         0x0800026f   Thumb Code     0  startup_stm32f40_41xxx.o(.text)
    EXTI4_IRQHandler                         0x0800026f   Thumb Code     0  startup_stm32f40_41xxx.o(.text)
    EXTI9_5_IRQHandler                       0x0800026f   Thumb Code     0  startup_stm32f40_41xxx.o(.text)
    FLASH_IRQHandler                         0x0800026f   Thumb Code     0  startup_stm32f40_41xxx.o(.text)
    FPU_IRQHandler                           0x0800026f   Thumb Code     0  startup_stm32f40_41xxx.o(.text)
    FSMC_IRQHandler                          0x0800026f   Thumb Code     0  startup_stm32f40_41xxx.o(.text)
    HASH_RNG_IRQHandler                      0x0800026f   Thumb Code     0  startup_stm32f40_41xxx.o(.text)
    I2C1_ER_IRQHandler                       0x0800026f   Thumb Code     0  startup_stm32f40_41xxx.o(.text)
    I2C1_EV_IRQHandler                       0x0800026f   Thumb Code     0  startup_stm32f40_41xxx.o(.text)
    I2C2_ER_IRQHandler                       0x0800026f   Thumb Code     0  startup_stm32f40_41xxx.o(.text)
    I2C2_EV_IRQHandler                       0x0800026f   Thumb Code     0  startup_stm32f40_41xxx.o(.text)
    I2C3_ER_IRQHandler                       0x0800026f   Thumb Code     0  startup_stm32f40_41xxx.o(.text)
    I2C3_EV_IRQHandler                       0x0800026f   Thumb Code     0  startup_stm32f40_41xxx.o(.text)
    OTG_FS_IRQHandler                        0x0800026f   Thumb Code     0  startup_stm32f40_41xxx.o(.text)
    OTG_FS_WKUP_IRQHandler                   0x0800026f   Thumb Code     0  startup_stm32f40_41xxx.o(.text)
    OTG_HS_EP1_IN_IRQHandler                 0x0800026f   Thumb Code     0  startup_stm32f40_41xxx.o(.text)
    OTG_HS_EP1_OUT_IRQHandler                0x0800026f   Thumb Code     0  startup_stm32f40_41xxx.o(.text)
    OTG_HS_IRQHandler                        0x0800026f   Thumb Code     0  startup_stm32f40_41xxx.o(.text)
    OTG_HS_WKUP_IRQHandler                   0x0800026f   Thumb Code     0  startup_stm32f40_41xxx.o(.text)
    PVD_IRQHandler                           0x0800026f   Thumb Code     0  startup_stm32f40_41xxx.o(.text)
    RCC_IRQHandler                           0x0800026f   Thumb Code     0  startup_stm32f40_41xxx.o(.text)
    RTC_Alarm_IRQHandler                     0x0800026f   Thumb Code     0  startup_stm32f40_41xxx.o(.text)
    RTC_WKUP_IRQHandler                      0x0800026f   Thumb Code     0  startup_stm32f40_41xxx.o(.text)
    SDIO_IRQHandler                          0x0800026f   Thumb Code     0  startup_stm32f40_41xxx.o(.text)
    SPI1_IRQHandler                          0x0800026f   Thumb Code     0  startup_stm32f40_41xxx.o(.text)
    SPI2_IRQHandler                          0x0800026f   Thumb Code     0  startup_stm32f40_41xxx.o(.text)
    SPI3_IRQHandler                          0x0800026f   Thumb Code     0  startup_stm32f40_41xxx.o(.text)
    TAMP_STAMP_IRQHandler                    0x0800026f   Thumb Code     0  startup_stm32f40_41xxx.o(.text)
    TIM1_BRK_TIM9_IRQHandler                 0x0800026f   Thumb Code     0  startup_stm32f40_41xxx.o(.text)
    TIM1_CC_IRQHandler                       0x0800026f   Thumb Code     0  startup_stm32f40_41xxx.o(.text)
    TIM1_TRG_COM_TIM11_IRQHandler            0x0800026f   Thumb Code     0  startup_stm32f40_41xxx.o(.text)
    TIM1_UP_TIM10_IRQHandler                 0x0800026f   Thumb Code     0  startup_stm32f40_41xxx.o(.text)
    TIM2_IRQHandler                          0x0800026f   Thumb Code     0  startup_stm32f40_41xxx.o(.text)
    TIM3_IRQHandler                          0x0800026f   Thumb Code     0  startup_stm32f40_41xxx.o(.text)
    TIM4_IRQHandler                          0x0800026f   Thumb Code     0  startup_stm32f40_41xxx.o(.text)
    TIM5_IRQHandler                          0x0800026f   Thumb Code     0  startup_stm32f40_41xxx.o(.text)
    TIM6_DAC_IRQHandler                      0x0800026f   Thumb Code     0  startup_stm32f40_41xxx.o(.text)
    TIM7_IRQHandler                          0x0800026f   Thumb Code     0  startup_stm32f40_41xxx.o(.text)
    TIM8_BRK_TIM12_IRQHandler                0x0800026f   Thumb Code     0  startup_stm32f40_41xxx.o(.text)
    TIM8_CC_IRQHandler                       0x0800026f   Thumb Code     0  startup_stm32f40_41xxx.o(.text)
    TIM8_TRG_COM_TIM14_IRQHandler            0x0800026f   Thumb Code     0  startup_stm32f40_41xxx.o(.text)
    TIM8_UP_TIM13_IRQHandler                 0x0800026f   Thumb Code     0  startup_stm32f40_41xxx.o(.text)
    UART4_IRQHandler                         0x0800026f   Thumb Code     0  startup_stm32f40_41xxx.o(.text)
    UART5_IRQHandler                         0x0800026f   Thumb Code     0  startup_stm32f40_41xxx.o(.text)
    USART1_IRQHandler                        0x0800026f   Thumb Code     0  startup_stm32f40_41xxx.o(.text)
    USART2_IRQHandler                        0x0800026f   Thumb Code     0  startup_stm32f40_41xxx.o(.text)
    USART3_IRQHandler                        0x0800026f   Thumb Code     0  startup_stm32f40_41xxx.o(.text)
    USART6_IRQHandler                        0x0800026f   Thumb Code     0  startup_stm32f40_41xxx.o(.text)
    WWDG_IRQHandler                          0x0800026f   Thumb Code     0  startup_stm32f40_41xxx.o(.text)
    __aeabi_memcpy                           0x08000279   Thumb Code    36  memcpya.o(.text)
    __aeabi_memcpy4                          0x08000279   Thumb Code     0  memcpya.o(.text)
    __aeabi_memcpy8                          0x08000279   Thumb Code     0  memcpya.o(.text)
    __aeabi_memset                           0x0800029d   Thumb Code    14  memseta.o(.text)
    __aeabi_memset4                          0x0800029d   Thumb Code     0  memseta.o(.text)
    __aeabi_memset8                          0x0800029d   Thumb Code     0  memseta.o(.text)
    __aeabi_memclr                           0x080002ab   Thumb Code     4  memseta.o(.text)
    __aeabi_memclr4                          0x080002ab   Thumb Code     0  memseta.o(.text)
    __aeabi_memclr8                          0x080002ab   Thumb Code     0  memseta.o(.text)
    _memset$wrapper                          0x080002af   Thumb Code    18  memseta.o(.text)
    __scatterload                            0x080002c1   Thumb Code    28  init.o(.text)
    __scatterload_rt2                        0x080002c1   Thumb Code     0  init.o(.text)
    BusFault_Handler                         0x080002e5   Thumb Code     4  stm32f4xx_it.o(i.BusFault_Handler)
    DebugMon_Handler                         0x080002e9   Thumb Code     2  stm32f4xx_it.o(i.DebugMon_Handler)
    GPIO_Init                                0x080002eb   Thumb Code   144  stm32f4xx_gpio.o(i.GPIO_Init)
    GPIO_ResetBits                           0x0800037b   Thumb Code     4  stm32f4xx_gpio.o(i.GPIO_ResetBits)
    GPIO_SetBits                             0x0800037f   Thumb Code     4  stm32f4xx_gpio.o(i.GPIO_SetBits)
    HardFault_Handler                        0x08000383   Thumb Code     4  stm32f4xx_it.o(i.HardFault_Handler)
    MemManage_Handler                        0x08000387   Thumb Code     4  stm32f4xx_it.o(i.MemManage_Handler)
    NMI_Handler                              0x0800038b   Thumb Code     2  stm32f4xx_it.o(i.NMI_Handler)
    NVIC_PriorityGroupConfig                 0x0800038d   Thumb Code    10  misc.o(i.NVIC_PriorityGroupConfig)
    RCC_AHB1PeriphClockCmd                   0x080003a1   Thumb Code    26  stm32f4xx_rcc.o(i.RCC_AHB1PeriphClockCmd)
    SysTick_Handler                          0x080004a9   Thumb Code    16  bsp_timer.o(i.SysTick_Handler)
    SystemInit                               0x080004b9   Thumb Code    88  system_stm32f4xx.o(i.SystemInit)
    UsageFault_Handler                       0x08000521   Thumb Code     4  stm32f4xx_it.o(i.UsageFault_Handler)
    __scatterload_copy                       0x08000525   Thumb Code    14  handlers.o(i.__scatterload_copy)
    __scatterload_null                       0x08000533   Thumb Code     2  handlers.o(i.__scatterload_null)
    __scatterload_zeroinit                   0x08000535   Thumb Code    14  handlers.o(i.__scatterload_zeroinit)
    bsp_Free_IN                              0x08000545   Thumb Code   100  bsp_malloc.o(i.bsp_Free_IN)
    bsp_Init                                 0x080005b5   Thumb Code    24  bsp.o(i.bsp_Init)
    bsp_Malloc_IN                            0x080005cd   Thumb Code   156  bsp_malloc.o(i.bsp_Malloc_IN)
    bsp_led_Init                             0x0800073d   Thumb Code    32  bsp_led.o(i.bsp_led_Init)
    bsp_led_OFF                              0x08000761   Thumb Code   176  bsp_led.o(i.bsp_led_OFF)
    bsp_led_ON                               0x08000819   Thumb Code   176  bsp_led.o(i.bsp_led_ON)
    bsp_led_StartFlash                       0x080008d1   Thumb Code   254  bsp_led.o(i.bsp_led_StartFlash)
    bsp_led_Thread                           0x080009d9   Thumb Code   358  bsp_led.o(i.bsp_led_Thread)
    bsp_mem_Alloc                            0x08000b49   Thumb Code    40  bsp_malloc.o(i.bsp_mem_Alloc)
    bsp_mem_Free                             0x08000b75   Thumb Code    32  bsp_malloc.o(i.bsp_mem_Free)
    bsp_mem_GetUsed                          0x08000b99   Thumb Code    56  bsp_malloc.o(i.bsp_mem_GetUsed)
    bsp_mem_Init                             0x08000bd9   Thumb Code    40  bsp_malloc.o(i.bsp_mem_Init)
    bsp_mem_Set                              0x08000c0d   Thumb Code    20  bsp_malloc.o(i.bsp_mem_Set)
    bsp_oled_Clear                           0x08000c21   Thumb Code    42  bsp_oled.o(i.bsp_oled_Clear)
    bsp_oled_DrawPoint                       0x08000c51   Thumb Code   100  bsp_oled.o(i.bsp_oled_DrawPoint)
    bsp_oled_Fill                            0x08000cb9   Thumb Code    54  bsp_oled.o(i.bsp_oled_Fill)
    bsp_oled_Init                            0x08000d65   Thumb Code   262  bsp_oled.o(i.bsp_oled_Init)
    bsp_oled_Refresh                         0x08000e71   Thumb Code    70  bsp_oled.o(i.bsp_oled_Refresh)
    bsp_oled_SetPos                          0x08000ebd   Thumb Code    46  bsp_oled.o(i.bsp_oled_SetPos)
    bsp_rcc_GPIOClockCmd                     0x08000f59   Thumb Code    20  bsp_rcc.o(i.bsp_rcc_GPIOClockCmd)
    bsp_rcc_GetGPIORCC                       0x08000f6d   Thumb Code    94  bsp_rcc.o(i.bsp_rcc_GetGPIORCC)
    bsp_tim_Init                             0x08000ff1   Thumb Code   114  bsp_timer.o(i.bsp_tim_Init)
    button_Create                            0x08001071   Thumb Code    96  gui_button.o(i.button_Create)
    button_Delete                            0x080010d1   Thumb Code    22  gui_button.o(i.button_Delete)
    button_onPaint                           0x080010e9   Thumb Code   384  gui_button.o(i.button_onPaint)
    checkbox_onPaint                         0x0800126d   Thumb Code     2  gui_checkbox.o(i.checkbox_onPaint)
    font_getBytesPerChar                     0x08001271   Thumb Code    36  gui_font.o(i.font_getBytesPerChar)
    font_getFontData                         0x080012a1   Thumb Code    42  gui_font.o(i.font_getFontData)
    font_getXSize                            0x080012d9   Thumb Code    36  gui_font.o(i.font_getXSize)
    font_getYSize                            0x08001309   Thumb Code    36  gui_font.o(i.font_getYSize)
    gui_Init                                 0x08001339   Thumb Code    12  gui_core.o(i.gui_Init)
    gui_Refresh                              0x08001345   Thumb Code     8  gui_drv.o(i.gui_Refresh)
    gui_clear                                0x0800134d   Thumb Code    10  gui_core.o(i.gui_clear)
    gui_deviceInit                           0x08001357   Thumb Code    12  gui_drv.o(i.gui_deviceInit)
    gui_dispChar                             0x08001365   Thumb Code   192  gui_text.o(i.gui_dispChar)
    gui_dispString                           0x08001429   Thumb Code   100  gui_text.o(i.gui_dispString)
    gui_drawHLine                            0x08001491   Thumb Code    52  gui_basic.o(i.gui_drawHLine)
    gui_drawPoint                            0x080014c5   Thumb Code    20  gui_drv.o(i.gui_drawPoint)
    gui_drawRectangle                        0x080014d9   Thumb Code    68  gui_basic.o(i.gui_drawRectangle)
    gui_drawVLine                            0x0800151d   Thumb Code    50  gui_basic.o(i.gui_drawVLine)
    gui_excute                               0x0800154f   Thumb Code     8  gui_core.o(i.gui_excute)
    gui_fillRectangle                        0x08001557   Thumb Code   104  gui_basic.o(i.gui_fillRectangle)
    gui_fillSCR                              0x080015bf   Thumb Code    20  gui_drv.o(i.gui_fillSCR)
    gui_getStringLen                         0x080015d3   Thumb Code    20  gui_text.o(i.gui_getStringLen)
    gui_gotoXY                               0x080015e9   Thumb Code    12  gui_core.o(i.gui_gotoXY)
    main                                     0x080015f9   Thumb Code    44  main.o(i.main)
    menu_onPaint                             0x08001639   Thumb Code     2  gui_menu.o(i.menu_onPaint)
    powerManger_Init                         0x0800163d   Thumb Code    62  powermanger.o(i.powerManger_Init)
    power_Enabled                            0x08001685   Thumb Code    36  powermanger.o(i.power_Enabled)
    progbar_onPaint                          0x080016b1   Thumb Code     2  gui_progbar.o(i.progbar_onPaint)
    pvPortMalloc                             0x08001fdd   Thumb Code   198  heap_4.o(i.pvPortMalloc)
    pvTaskIncrementMutexHeldCount            0x080020b9   Thumb Code    26  tasks.o(i.pvTaskIncrementMutexHeldCount)
    pxPortInitialiseStack                    0x080020d9   Thumb Code    38  port.o(i.pxPortInitialiseStack)
    scrollbar_onPaint                        0x08002105   Thumb Code     2  gui_scrollbar.o(i.scrollbar_onPaint)
    task_LEDTask                             0x08002107   Thumb Code    26  app_led.o(i.task_LEDTask)
    task_StartTask                           0x08002121   Thumb Code    76  main.o(i.task_StartTask)
    task_displayTask                         0x08002195   Thumb Code   352  display.o(i.task_displayTask)
    uxListRemove                             0x0800230d   Thumb Code    40  list.o(i.uxListRemove)
    vApplicationMallocFailedHook             0x08002335   Thumb Code    22  bsp.o(i.vApplicationMallocFailedHook)
    vListInitialise                          0x0800234b   Thumb Code    26  list.o(i.vListInitialise)
    vListInitialiseItem                      0x08002365   Thumb Code     6  list.o(i.vListInitialiseItem)
    vListInsert                              0x0800236b   Thumb Code    52  list.o(i.vListInsert)
    vListInsertEnd                           0x0800239f   Thumb Code    24  list.o(i.vListInsertEnd)
    vPortEnterCritical                       0x080023b9   Thumb Code    30  port.o(i.vPortEnterCritical)
    vPortExitCritical                        0x080023dd   Thumb Code    28  port.o(i.vPortExitCritical)
    vPortFree                                0x080023fd   Thumb Code    64  heap_4.o(i.vPortFree)
    vPortSetupTimerInterrupt                 0x08002445   Thumb Code    14  port.o(i.vPortSetupTimerInterrupt)
    vQueueAddToRegistry                      0x08002459   Thumb Code    38  queue.o(i.vQueueAddToRegistry)
    vQueueWaitForMessageRestricted           0x08002485   Thumb Code    74  queue.o(i.vQueueWaitForMessageRestricted)
    vTaskDelay                               0x080024d1   Thumb Code    46  tasks.o(i.vTaskDelay)
    vTaskDelayUntil                          0x08002505   Thumb Code   106  tasks.o(i.vTaskDelayUntil)
    vTaskDelete                              0x08002579   Thumb Code   166  tasks.o(i.vTaskDelete)
    vTaskMissedYield                         0x08002645   Thumb Code     8  tasks.o(i.vTaskMissedYield)
    vTaskPlaceOnEventList                    0x08002651   Thumb Code    28  tasks.o(i.vTaskPlaceOnEventList)
    vTaskPlaceOnEventListRestricted          0x08002671   Thumb Code    36  tasks.o(i.vTaskPlaceOnEventListRestricted)
    vTaskPriorityInherit                     0x08002699   Thumb Code   164  tasks.o(i.vTaskPriorityInherit)
    vTaskSetTimeOutState                     0x08002749   Thumb Code    14  tasks.o(i.vTaskSetTimeOutState)
    vTaskStartScheduler                      0x08002761   Thumb Code    82  tasks.o(i.vTaskStartScheduler)
    vTaskSuspendAll                          0x080027d1   Thumb Code    12  tasks.o(i.vTaskSuspendAll)
    vTaskSwitchContext                       0x080027e1   Thumb Code    76  tasks.o(i.vTaskSwitchContext)
    widget_Create                            0x08002841   Thumb Code   146  gui_widget.o(i.widget_Create)
    widget_Delete                            0x080028d3   Thumb Code   104  gui_widget.o(i.widget_Delete)
    widget_onPaint                           0x0800293b   Thumb Code    90  gui_widget.o(i.widget_onPaint)
    window_Create                            0x08002995   Thumb Code    84  gui_window.o(i.window_Create)
    window_onPaint                           0x080029e9   Thumb Code    60  gui_window.o(i.window_onPaint)
    wm_Create                                0x08002a25   Thumb Code    98  gui_wm.o(i.wm_Create)
    wm_Delete                                0x08002a91   Thumb Code   124  gui_wm.o(i.wm_Delete)
    wm_Init                                  0x08002b11   Thumb Code    24  gui_wm.o(i.wm_Init)
    wm_getWindowObject                       0x08002b61   Thumb Code    38  gui_wm.o(i.wm_getWindowObject)
    wm_pocess                                0x08002b8d   Thumb Code    46  gui_wm.o(i.wm_pocess)
    xPortStartScheduler                      0x08002bc1   Thumb Code    58  port.o(i.xPortStartScheduler)
    xPortSysTickHandler                      0x08002c09   Thumb Code    46  port.o(i.xPortSysTickHandler)
    xQueueGenericCreate                      0x08002c3d   Thumb Code    56  queue.o(i.xQueueGenericCreate)
    xQueueGenericReceive                     0x08002c75   Thumb Code   342  queue.o(i.xQueueGenericReceive)
    xQueueGenericReset                       0x08002dd1   Thumb Code   122  queue.o(i.xQueueGenericReset)
    xQueueGenericSend                        0x08002e51   Thumb Code   308  queue.o(i.xQueueGenericSend)
    xQueueGenericSendFromISR                 0x08002f89   Thumb Code   156  queue.o(i.xQueueGenericSendFromISR)
    xTaskCheckForTimeOut                     0x08003025   Thumb Code    84  tasks.o(i.xTaskCheckForTimeOut)
    xTaskCreate                              0x08003081   Thumb Code    96  tasks.o(i.xTaskCreate)
    xTaskGetSchedulerState                   0x080030e1   Thumb Code    24  tasks.o(i.xTaskGetSchedulerState)
    xTaskGetTickCount                        0x08003101   Thumb Code     6  tasks.o(i.xTaskGetTickCount)
    xTaskIncrementTick                       0x0800310d   Thumb Code   238  tasks.o(i.xTaskIncrementTick)
    xTaskPriorityDisinherit                  0x08003229   Thumb Code   122  tasks.o(i.xTaskPriorityDisinherit)
    xTaskRemoveFromEventList                 0x080032ad   Thumb Code   104  tasks.o(i.xTaskRemoveFromEventList)
    xTaskResumeAll                           0x0800332d   Thumb Code   196  tasks.o(i.xTaskResumeAll)
    xTimerCreateTimerTask                    0x08003415   Thumb Code    40  timers.o(i.xTimerCreateTimerTask)
    xTimerGenericCommand                     0x08003451   Thumb Code   104  timers.o(i.xTimerGenericCommand)
    MEM_TABLE_SIZE                           0x080034bc   Data           4  bsp_malloc.o(.constdata)
    MEM_BLOCK_SIZE                           0x080034c0   Data           4  bsp_malloc.o(.constdata)
    MEM_SIZE                                 0x080034c4   Data           4  bsp_malloc.o(.constdata)
    ASCII_6X8                                0x080034c8   Data         570  gui_font.o(.constdata)
    ASCII_6X12                               0x08003702   Data        1140  gui_font.o(.constdata)
    ASCII_12X24                              0x08003b76   Data        3744  gui_font.o(.constdata)
    Region$$Table$$Base                      0x08004a30   Number         0  anon$$obj.o(Region$$Table)
    Region$$Table$$Limit                     0x08004a50   Number         0  anon$$obj.o(Region$$Table)
    startTaskHandle                          0x20000000   Data           4  main.o(.data)
    SystemCoreClock                          0x20000004   Data           4  system_stm32f4xx.o(.data)
    AHBPrescTable                            0x20000008   Data          16  system_stm32f4xx.o(.data)
    malloc_dev                               0x2000001c   Data          20  bsp_malloc.o(.data)
    pxCurrentTCB                             0x20000034   Data           4  tasks.o(.data)
    SoftTimer                                0x200000ac   Data         160  bsp_timer.o(.bss)
    MEM_SRAMIN                               0x20000690   Data       16384  bsp_malloc.o(.bss)
    MAP_SRAMIN                               0x20004690   Data        1024  bsp_malloc.o(.bss)
    xQueueRegistry                           0x20004a90   Data          80  queue.o(.bss)
    GUI_Context                              0x2000c5ec   Data          10  gui_core.o(.bss)
    __initial_sp                             0x2000c9f8   Data           0  startup_stm32f40_41xxx.o(STACK)



==============================================================================

Memory Map of the image

  Image Entry point : 0x08000189

  Load Region LR_IROM1 (Base: 0x08000000, Size: 0x00004afc, Max: 0x00040000, ABSOLUTE)

    Execution Region ER_IROM1 (Base: 0x08000000, Size: 0x00004a50, Max: 0x00040000, ABSOLUTE)

    Base Addr    Size         Type   Attr      Idx    E Section Name        Object

    0x08000000   0x00000188   Data   RO          363    RESET               startup_stm32f40_41xxx.o
    0x08000188   0x00000000   Code   RO         4944  * .ARM.Collect$$$$00000000  mc_w.l(entry.o)
    0x08000188   0x00000004   Code   RO         5288    .ARM.Collect$$$$00000001  mc_w.l(entry2.o)
    0x0800018c   0x00000004   Code   RO         5291    .ARM.Collect$$$$00000004  mc_w.l(entry5.o)
    0x08000190   0x00000000   Code   RO         5293    .ARM.Collect$$$$00000008  mc_w.l(entry7b.o)
    0x08000190   0x00000000   Code   RO         5295    .ARM.Collect$$$$0000000A  mc_w.l(entry8b.o)
    0x08000190   0x00000008   Code   RO         5296    .ARM.Collect$$$$0000000B  mc_w.l(entry9a.o)
    0x08000198   0x00000000   Code   RO         5298    .ARM.Collect$$$$0000000D  mc_w.l(entry10a.o)
    0x08000198   0x00000000   Code   RO         5300    .ARM.Collect$$$$0000000F  mc_w.l(entry11a.o)
    0x08000198   0x00000004   Code   RO         5289    .ARM.Collect$$$$00002712  mc_w.l(entry2.o)
    0x0800019c   0x000000b6   Code   RO         4241    .emb_text           port.o
    0x08000252   0x00000002   PAD
    0x08000254   0x00000024   Code   RO          364    .text               startup_stm32f40_41xxx.o
    0x08000278   0x00000024   Code   RO         4947    .text               mc_w.l(memcpya.o)
    0x0800029c   0x00000024   Code   RO         4949    .text               mc_w.l(memseta.o)
    0x080002c0   0x00000024   Code   RO         5337    .text               mc_w.l(init.o)
    0x080002e4   0x00000004   Code   RO          253    i.BusFault_Handler  stm32f4xx_it.o
    0x080002e8   0x00000002   Code   RO          254    i.DebugMon_Handler  stm32f4xx_it.o
    0x080002ea   0x00000090   Code   RO          495    i.GPIO_Init         stm32f4xx_gpio.o
    0x0800037a   0x00000004   Code   RO          502    i.GPIO_ResetBits    stm32f4xx_gpio.o
    0x0800037e   0x00000004   Code   RO          503    i.GPIO_SetBits      stm32f4xx_gpio.o
    0x08000382   0x00000004   Code   RO          255    i.HardFault_Handler  stm32f4xx_it.o
    0x08000386   0x00000004   Code   RO          256    i.MemManage_Handler  stm32f4xx_it.o
    0x0800038a   0x00000002   Code   RO          257    i.NMI_Handler       stm32f4xx_it.o
    0x0800038c   0x00000014   Code   RO          371    i.NVIC_PriorityGroupConfig  misc.o
    0x080003a0   0x00000020   Code   RO          592    i.RCC_AHB1PeriphClockCmd  stm32f4xx_rcc.o
    0x080003c0   0x000000e8   Code   RO          326    i.SetSysClock       system_stm32f4xx.o
    0x080004a8   0x00000010   Code   RO         2786    i.SysTick_Handler   bsp_timer.o
    0x080004b8   0x00000068   Code   RO          328    i.SystemInit        system_stm32f4xx.o
    0x08000520   0x00000004   Code   RO          258    i.UsageFault_Handler  stm32f4xx_it.o
    0x08000524   0x0000000e   Code   RO         5345    i.__scatterload_copy  mc_w.l(handlers.o)
    0x08000532   0x00000002   Code   RO         5346    i.__scatterload_null  mc_w.l(handlers.o)
    0x08000534   0x0000000e   Code   RO         5347    i.__scatterload_zeroinit  mc_w.l(handlers.o)
    0x08000542   0x00000002   PAD
    0x08000544   0x00000070   Code   RO         3143    i.bsp_Free_IN       bsp_malloc.o
    0x080005b4   0x00000018   Code   RO         2647    i.bsp_Init          bsp.o
    0x080005cc   0x000000a8   Code   RO         3144    i.bsp_Malloc_IN     bsp_malloc.o
    0x08000674   0x000000c8   Code   RO         2871    i.bsp_led_AddLED    bsp_led.o
    0x0800073c   0x00000024   Code   RO         2873    i.bsp_led_Init      bsp_led.o
    0x08000760   0x000000b8   Code   RO         2874    i.bsp_led_OFF       bsp_led.o
    0x08000818   0x000000b8   Code   RO         2875    i.bsp_led_ON        bsp_led.o
    0x080008d0   0x00000108   Code   RO         2876    i.bsp_led_StartFlash  bsp_led.o
    0x080009d8   0x00000170   Code   RO         2878    i.bsp_led_Thread    bsp_led.o
    0x08000b48   0x0000002c   Code   RO         3145    i.bsp_mem_Alloc     bsp_malloc.o
    0x08000b74   0x00000024   Code   RO         3147    i.bsp_mem_Free      bsp_malloc.o
    0x08000b98   0x00000040   Code   RO         3148    i.bsp_mem_GetUsed   bsp_malloc.o
    0x08000bd8   0x00000034   Code   RO         3149    i.bsp_mem_Init      bsp_malloc.o
    0x08000c0c   0x00000014   Code   RO         3151    i.bsp_mem_Set       bsp_malloc.o
    0x08000c20   0x00000030   Code   RO         3017    i.bsp_oled_Clear    bsp_oled.o
    0x08000c50   0x00000068   Code   RO         3019    i.bsp_oled_DrawPoint  bsp_oled.o
    0x08000cb8   0x00000036   Code   RO         3020    i.bsp_oled_Fill     bsp_oled.o
    0x08000cee   0x00000002   PAD
    0x08000cf0   0x00000074   Code   RO         3021    i.bsp_oled_GPIOInit  bsp_oled.o
    0x08000d64   0x0000010c   Code   RO         3022    i.bsp_oled_Init     bsp_oled.o
    0x08000e70   0x0000004c   Code   RO         3024    i.bsp_oled_Refresh  bsp_oled.o
    0x08000ebc   0x0000002e   Code   RO         3027    i.bsp_oled_SetPos   bsp_oled.o
    0x08000eea   0x00000002   PAD
    0x08000eec   0x0000006c   Code   RO         3032    i.bsp_oled_WriteByte  bsp_oled.o
    0x08000f58   0x00000014   Code   RO         2711    i.bsp_rcc_GPIOClockCmd  bsp_rcc.o
    0x08000f6c   0x00000084   Code   RO         2713    i.bsp_rcc_GetGPIORCC  bsp_rcc.o
    0x08000ff0   0x00000080   Code   RO         2793    i.bsp_tim_Init      bsp_timer.o
    0x08001070   0x00000060   Code   RO         4760    i.button_Create     gui_button.o
    0x080010d0   0x00000016   Code   RO         4762    i.button_Delete     gui_button.o
    0x080010e6   0x00000002   PAD
    0x080010e8   0x00000184   Code   RO         4766    i.button_onPaint    gui_button.o
    0x0800126c   0x00000002   Code   RO         4880    i.checkbox_onPaint  gui_checkbox.o
    0x0800126e   0x00000002   PAD
    0x08001270   0x00000030   Code   RO         4606    i.font_getBytesPerChar  gui_font.o
    0x080012a0   0x00000038   Code   RO         4607    i.font_getFontData  gui_font.o
    0x080012d8   0x00000030   Code   RO         4608    i.font_getXSize     gui_font.o
    0x08001308   0x00000030   Code   RO         4609    i.font_getYSize     gui_font.o
    0x08001338   0x0000000c   Code   RO         4522    i.gui_Init          gui_core.o
    0x08001344   0x00000008   Code   RO         4564    i.gui_Refresh       gui_drv.o
    0x0800134c   0x0000000a   Code   RO         4523    i.gui_clear         gui_core.o
    0x08001356   0x0000000c   Code   RO         4566    i.gui_deviceInit    gui_drv.o
    0x08001362   0x00000002   PAD
    0x08001364   0x000000c4   Code   RO         4639    i.gui_dispChar      gui_text.o
    0x08001428   0x00000068   Code   RO         4641    i.gui_dispString    gui_text.o
    0x08001490   0x00000034   Code   RO         4407    i.gui_drawHLine     gui_basic.o
    0x080014c4   0x00000014   Code   RO         4567    i.gui_drawPoint     gui_drv.o
    0x080014d8   0x00000044   Code   RO         4412    i.gui_drawRectangle  gui_basic.o
    0x0800151c   0x00000032   Code   RO         4415    i.gui_drawVLine     gui_basic.o
    0x0800154e   0x00000008   Code   RO         4525    i.gui_excute        gui_core.o
    0x08001556   0x00000068   Code   RO         4418    i.gui_fillRectangle  gui_basic.o
    0x080015be   0x00000014   Code   RO         4568    i.gui_fillSCR       gui_drv.o
    0x080015d2   0x00000014   Code   RO         4643    i.gui_getStringLen  gui_text.o
    0x080015e6   0x00000002   PAD
    0x080015e8   0x00000010   Code   RO         4526    i.gui_gotoXY        gui_core.o
    0x080015f8   0x00000040   Code   RO            3    i.main              main.o
    0x08001638   0x00000002   Code   RO         4826    i.menu_onPaint      gui_menu.o
    0x0800163a   0x00000002   PAD
    0x0800163c   0x00000048   Code   RO         3294    i.powerManger_Init  powermanger.o
    0x08001684   0x0000002c   Code   RO         3295    i.power_Enabled     powermanger.o
    0x080016b0   0x00000002   Code   RO         4838    i.progbar_onPaint   gui_progbar.o
    0x080016b2   0x00000002   PAD
    0x080016b4   0x00000098   Code   RO         3668    i.prvAddCurrentTaskToDelayedList  tasks.o
    0x0800174c   0x000000b8   Code   RO         3669    i.prvAddNewTaskToReadyList  tasks.o
    0x08001804   0x00000064   Code   RO         4059    i.prvCheckForValidListAndQueue  timers.o
    0x08001868   0x00000064   Code   RO         3670    i.prvCheckTasksWaitingTermination  tasks.o
    0x080018cc   0x0000002a   Code   RO         3420    i.prvCopyDataFromQueue  queue.o
    0x080018f6   0x0000007c   Code   RO         3421    i.prvCopyDataToQueue  queue.o
    0x08001972   0x00000012   Code   RO         3671    i.prvDeleteTCB      tasks.o
    0x08001984   0x00000028   Code   RO         4060    i.prvGetNextExpireTime  timers.o
    0x080019ac   0x0000007c   Code   RO         4192    i.prvHeapInit       heap_4.o
    0x08001a28   0x00000008   Code   RO         3672    i.prvIdleTask       tasks.o
    0x08001a30   0x0000002e   Code   RO         3423    i.prvInitialiseNewQueue  queue.o
    0x08001a5e   0x00000092   Code   RO         3673    i.prvInitialiseNewTask  tasks.o
    0x08001af0   0x00000068   Code   RO         3674    i.prvInitialiseTaskLists  tasks.o
    0x08001b58   0x00000068   Code   RO         4193    i.prvInsertBlockIntoFreeList  heap_4.o
    0x08001bc0   0x00000058   Code   RO         4062    i.prvInsertTimerInActiveList  timers.o
    0x08001c18   0x0000001a   Code   RO         3424    i.prvIsQueueEmpty   queue.o
    0x08001c32   0x0000001e   Code   RO         3425    i.prvIsQueueFull    queue.o
    0x08001c50   0x00000052   Code   RO         3426    i.prvNotifyQueueSetContainer  queue.o
    0x08001ca2   0x00000002   PAD
    0x08001ca4   0x0000004c   Code   RO         4063    i.prvProcessExpiredTimer  timers.o
    0x08001cf0   0x000000d0   Code   RO         4064    i.prvProcessReceivedCommands  timers.o
    0x08001dc0   0x00000074   Code   RO         4065    i.prvProcessTimerOrBlockTask  timers.o
    0x08001e34   0x00000034   Code   RO         3676    i.prvResetNextTaskUnblockTime  tasks.o
    0x08001e68   0x0000002c   Code   RO         4066    i.prvSampleTimeNow  timers.o
    0x08001e94   0x00000084   Code   RO         4067    i.prvSwitchTimerLists  timers.o
    0x08001f18   0x00000016   Code   RO         4242    i.prvTaskExitError  port.o
    0x08001f2e   0x0000001a   Code   RO         4068    i.prvTimerTask      timers.o
    0x08001f48   0x00000092   Code   RO         3427    i.prvUnlockQueue    queue.o
    0x08001fda   0x00000002   PAD
    0x08001fdc   0x000000dc   Code   RO         4194    i.pvPortMalloc      heap_4.o
    0x080020b8   0x00000020   Code   RO         3680    i.pvTaskIncrementMutexHeldCount  tasks.o
    0x080020d8   0x0000002c   Code   RO         4243    i.pxPortInitialiseStack  port.o
    0x08002104   0x00000002   Code   RO         4850    i.scrollbar_onPaint  gui_scrollbar.o
    0x08002106   0x0000001a   Code   RO         3219    i.task_LEDTask      app_led.o
    0x08002120   0x00000074   Code   RO            4    i.task_StartTask    main.o
    0x08002194   0x00000178   Code   RO         3324    i.task_displayTask  display.o
    0x0800230c   0x00000028   Code   RO         3353    i.uxListRemove      list.o
    0x08002334   0x00000016   Code   RO         2649    i.vApplicationMallocFailedHook  bsp.o
    0x0800234a   0x0000001a   Code   RO         3354    i.vListInitialise   list.o
    0x08002364   0x00000006   Code   RO         3355    i.vListInitialiseItem  list.o
    0x0800236a   0x00000034   Code   RO         3356    i.vListInsert       list.o
    0x0800239e   0x00000018   Code   RO         3357    i.vListInsertEnd    list.o
    0x080023b6   0x00000002   PAD
    0x080023b8   0x00000024   Code   RO         4245    i.vPortEnterCritical  port.o
    0x080023dc   0x00000020   Code   RO         4246    i.vPortExitCritical  port.o
    0x080023fc   0x00000048   Code   RO         4195    i.vPortFree         heap_4.o
    0x08002444   0x00000014   Code   RO         4247    i.vPortSetupTimerInterrupt  port.o
    0x08002458   0x0000002c   Code   RO         3433    i.vQueueAddToRegistry  queue.o
    0x08002484   0x0000004a   Code   RO         3437    i.vQueueWaitForMessageRestricted  queue.o
    0x080024ce   0x00000002   PAD
    0x080024d0   0x00000034   Code   RO         3689    i.vTaskDelay        tasks.o
    0x08002504   0x00000074   Code   RO         3690    i.vTaskDelayUntil   tasks.o
    0x08002578   0x000000cc   Code   RO         3691    i.vTaskDelete       tasks.o
    0x08002644   0x0000000c   Code   RO         3695    i.vTaskMissedYield  tasks.o
    0x08002650   0x00000020   Code   RO         3697    i.vTaskPlaceOnEventList  tasks.o
    0x08002670   0x00000028   Code   RO         3698    i.vTaskPlaceOnEventListRestricted  tasks.o
    0x08002698   0x000000b0   Code   RO         3700    i.vTaskPriorityInherit  tasks.o
    0x08002748   0x00000018   Code   RO         3705    i.vTaskSetTimeOutState  tasks.o
    0x08002760   0x00000070   Code   RO         3706    i.vTaskStartScheduler  tasks.o
    0x080027d0   0x00000010   Code   RO         3708    i.vTaskSuspendAll   tasks.o
    0x080027e0   0x00000060   Code   RO         3709    i.vTaskSwitchContext  tasks.o
    0x08002840   0x00000092   Code   RO         4724    i.widget_Create     gui_widget.o
    0x080028d2   0x00000068   Code   RO         4725    i.widget_Delete     gui_widget.o
    0x0800293a   0x0000005a   Code   RO         4727    i.widget_onPaint    gui_widget.o
    0x08002994   0x00000054   Code   RO         4862    i.window_Create     gui_window.o
    0x080029e8   0x0000003c   Code   RO         4863    i.window_onPaint    gui_window.o
    0x08002a24   0x0000006c   Code   RO         4681    i.wm_Create         gui_wm.o
    0x08002a90   0x00000080   Code   RO         4682    i.wm_Delete         gui_wm.o
    0x08002b10   0x0000001c   Code   RO         4683    i.wm_Init           gui_wm.o
    0x08002b2c   0x00000034   Code   RO         4684    i.wm_addWindowToList  gui_wm.o
    0x08002b60   0x0000002c   Code   RO         4685    i.wm_getWindowObject  gui_wm.o
    0x08002b8c   0x00000034   Code   RO         4686    i.wm_pocess         gui_wm.o
    0x08002bc0   0x00000048   Code   RO         4248    i.xPortStartScheduler  port.o
    0x08002c08   0x00000034   Code   RO         4249    i.xPortSysTickHandler  port.o
    0x08002c3c   0x00000038   Code   RO         3442    i.xQueueGenericCreate  queue.o
    0x08002c74   0x0000015c   Code   RO         3443    i.xQueueGenericReceive  queue.o
    0x08002dd0   0x00000080   Code   RO         3444    i.xQueueGenericReset  queue.o
    0x08002e50   0x00000138   Code   RO         3445    i.xQueueGenericSend  queue.o
    0x08002f88   0x0000009c   Code   RO         3446    i.xQueueGenericSendFromISR  queue.o
    0x08003024   0x0000005c   Code   RO         3711    i.xTaskCheckForTimeOut  tasks.o
    0x08003080   0x00000060   Code   RO         3712    i.xTaskCreate       tasks.o
    0x080030e0   0x00000020   Code   RO         3717    i.xTaskGetSchedulerState  tasks.o
    0x08003100   0x0000000c   Code   RO         3718    i.xTaskGetTickCount  tasks.o
    0x0800310c   0x0000011c   Code   RO         3720    i.xTaskIncrementTick  tasks.o
    0x08003228   0x00000084   Code   RO         3723    i.xTaskPriorityDisinherit  tasks.o
    0x080032ac   0x00000080   Code   RO         3724    i.xTaskRemoveFromEventList  tasks.o
    0x0800332c   0x000000e8   Code   RO         3726    i.xTaskResumeAll    tasks.o
    0x08003414   0x0000003c   Code   RO         4072    i.xTimerCreateTimerTask  timers.o
    0x08003450   0x0000006c   Code   RO         4073    i.xTimerGenericCommand  timers.o
    0x080034bc   0x0000000c   Data   RO         3153    .constdata          bsp_malloc.o
    0x080034c8   0x00001568   Data   RO         4610    .constdata          gui_font.o
    0x08004a30   0x00000020   Data   RO         5343    Region$$Table       anon$$obj.o


    Execution Region RW_IRAM1 (Base: 0x20000000, Size: 0x0000c9f8, Max: 0x00010000, ABSOLUTE)

    Base Addr    Size         Type   Attr      Idx    E Section Name        Object

    0x20000000   0x00000004   Data   RW            5    .data               main.o
    0x20000004   0x00000014   Data   RW          329    .data               system_stm32f4xx.o
    0x20000018   0x00000001   Data   RW         2881    .data               bsp_led.o
    0x20000019   0x00000003   PAD
    0x2000001c   0x00000014   Data   RW         3154    .data               bsp_malloc.o
    0x20000030   0x00000001   Data   RW         3296    .data               powermanger.o
    0x20000031   0x00000003   PAD
    0x20000034   0x0000003c   Data   RW         3729    .data               tasks.o
    0x20000070   0x00000014   Data   RW         4081    .data               timers.o
    0x20000084   0x00000018   Data   RW         4200    .data               heap_4.o
    0x2000009c   0x00000004   Data   RW         4250    .data               port.o
    0x200000a0   0x0000000c   Data   RW         4687    .data               gui_wm.o
    0x200000ac   0x000000a0   Zero   RW         2797    .bss                bsp_timer.o
    0x2000014c   0x00000140   Zero   RW         2880    .bss                bsp_led.o
    0x2000028c   0x00000400   Zero   RW         3034    .bss                bsp_oled.o
    0x2000068c   0x00000004   PAD
    0x20000690   0x00004400   Zero   RW         3152    .bss                bsp_malloc.o
    0x20004a90   0x00000050   Zero   RW         3457    .bss                queue.o
    0x20004ae0   0x000002e4   Zero   RW         3728    .bss                tasks.o
    0x20004dc4   0x00000028   Zero   RW         4080    .bss                timers.o
    0x20004dec   0x00007800   Zero   RW         4199    .bss                heap_4.o
    0x2000c5ec   0x0000000a   Zero   RW         4527    .bss                gui_core.o
    0x2000c5f6   0x00000002   PAD
    0x2000c5f8   0x00000400   Zero   RW          361    STACK               startup_stm32f40_41xxx.o


==============================================================================

Image component sizes


      Code (inc. data)   RO Data    RW Data    ZI Data      Debug   Object Name

        26          0          0          0          0       4803   app_led.o
        46          0          0          0          0       3462   bsp.o
      1236         48          0          1        320       4544   bsp_led.o
       496         52         12         20      17408       6174   bsp_malloc.o
       820         40          0          0       1024       6107   bsp_oled.o
       152         38          0          0          0       1672   bsp_rcc.o
       144         14          0          0        160       1732   bsp_timer.o
       376         24          0          0          0        883   display.o
       274          0          0          0          0       3004   gui_basic.o
       506          4          0          0          0       2665   gui_button.o
         2          0          0          0          0        803   gui_checkbox.o
        46          4          0          0         10       2171   gui_core.o
        60          0          0          0          0       2125   gui_drv.o
       200         50       5480          0          0       3057   gui_font.o
         2          0          0          0          0        775   gui_menu.o
         2          0          0          0          0        798   gui_progbar.o
         2          0          0          0          0        808   gui_scrollbar.o
       320          8          0          0          0       2367   gui_text.o
       340         12          0          0          0       2969   gui_widget.o
       144          0          0          0          0       1769   gui_window.o
       412         36          0         12          0       4367   gui_wm.o
       520         64          0         24      30720       3975   heap_4.o
       148          0          0          0          0      11842   list.o
       180         60          0          4          0     217802   main.o
        20         10          0          0          0     203851   misc.o
       460         58          0          4          0       9700   port.o
       116         18          0          1          0       1295   powermanger.o
      1614         22          0          0         80      23597   queue.o
        36          8        392          0       1024        820   startup_stm32f40_41xxx.o
       152          0          0          0          0       2196   stm32f4xx_gpio.o
        20          0          0          0          0       2645   stm32f4xx_it.o
        32          6          0          0          0        593   stm32f4xx_rcc.o
       336         32          0         20          0       1701   system_stm32f4xx.o
      2684        400          0         60        740      32705   tasks.o
       998        114          0         20         40      11659   timers.o

    ----------------------------------------------------------------------
     12948       1122       5916        172      51532     581436   Object Totals
         0          0         32          0          0          0   (incl. Generated)
        26          0          0          6          6          0   (incl. Padding)

    ----------------------------------------------------------------------

      Code (inc. data)   RO Data    RW Data    ZI Data      Debug   Library Member Name

         0          0          0          0          0          0   entry.o
         0          0          0          0          0          0   entry10a.o
         0          0          0          0          0          0   entry11a.o
         8          4          0          0          0          0   entry2.o
         4          0          0          0          0          0   entry5.o
         0          0          0          0          0          0   entry7b.o
         0          0          0          0          0          0   entry8b.o
         8          4          0          0          0          0   entry9a.o
        30          0          0          0          0          0   handlers.o
        36          8          0          0          0         68   init.o
        36          0          0          0          0         68   memcpya.o
        36          0          0          0          0        108   memseta.o

    ----------------------------------------------------------------------
       160         16          0          0          0        244   Library Totals
         2          0          0          0          0          0   (incl. Padding)

    ----------------------------------------------------------------------

      Code (inc. data)   RO Data    RW Data    ZI Data      Debug   Library Name

       158         16          0          0          0        244   mc_w.l

    ----------------------------------------------------------------------
       160         16          0          0          0        244   Library Totals

    ----------------------------------------------------------------------

==============================================================================


      Code (inc. data)   RO Data    RW Data    ZI Data      Debug   

     13108       1138       5916        172      51532     567132   Grand Totals
     13108       1138       5916        172      51532     567132   ELF Image Totals
     13108       1138       5916        172          0          0   ROM Totals

==============================================================================

    Total RO  Size (Code + RO Data)                19024 (  18.58kB)
    Total RW  Size (RW Data + ZI Data)             51704 (  50.49kB)
    Total ROM Size (Code + RO Data + RW Data)      19196 (  18.75kB)

==============================================================================

